Archive member included because of file (symbol)

c:/siliconlabs/simplicitystudio/v3/developer/toolchains/gnu_arm/4.8_2013q4/bin/../lib/gcc/arm-none-eabi/4.8.3/../../../../arm-none-eabi/lib/armv7-m\libm.a(lib_a-s_ceil.o)
                              ./src/process.o (ceil)
c:/siliconlabs/simplicitystudio/v3/developer/toolchains/gnu_arm/4.8_2013q4/bin/../lib/gcc/arm-none-eabi/4.8.3/../../../../arm-none-eabi/lib/armv7-m\libm.a(lib_a-s_floor.o)
                              ./src/timestamp.o (floor)
c:/siliconlabs/simplicitystudio/v3/developer/toolchains/gnu_arm/4.8_2013q4/bin/../lib/gcc/arm-none-eabi/4.8.3/../../../../arm-none-eabi/lib/armv7-m\libm.a(lib_a-s_round.o)
                              ./src/timestamp.o (round)
c:/siliconlabs/simplicitystudio/v3/developer/toolchains/gnu_arm/4.8_2013q4/bin/../lib/gcc/arm-none-eabi/4.8.3/../../../../arm-none-eabi/lib/armv7-m\libm.a(lib_a-w_pow.o)
                              ./src/config.o (pow)
c:/siliconlabs/simplicitystudio/v3/developer/toolchains/gnu_arm/4.8_2013q4/bin/../lib/gcc/arm-none-eabi/4.8.3/../../../../arm-none-eabi/lib/armv7-m\libm.a(lib_a-w_sqrt.o)
                              ./src/process.o (sqrt)
c:/siliconlabs/simplicitystudio/v3/developer/toolchains/gnu_arm/4.8_2013q4/bin/../lib/gcc/arm-none-eabi/4.8.3/../../../../arm-none-eabi/lib/armv7-m\libm.a(lib_a-e_pow.o)
                              c:/siliconlabs/simplicitystudio/v3/developer/toolchains/gnu_arm/4.8_2013q4/bin/../lib/gcc/arm-none-eabi/4.8.3/../../../../arm-none-eabi/lib/armv7-m\libm.a(lib_a-w_pow.o) (__ieee754_pow)
c:/siliconlabs/simplicitystudio/v3/developer/toolchains/gnu_arm/4.8_2013q4/bin/../lib/gcc/arm-none-eabi/4.8.3/../../../../arm-none-eabi/lib/armv7-m\libm.a(lib_a-e_sqrt.o)
                              c:/siliconlabs/simplicitystudio/v3/developer/toolchains/gnu_arm/4.8_2013q4/bin/../lib/gcc/arm-none-eabi/4.8.3/../../../../arm-none-eabi/lib/armv7-m\libm.a(lib_a-w_sqrt.o) (__ieee754_sqrt)
c:/siliconlabs/simplicitystudio/v3/developer/toolchains/gnu_arm/4.8_2013q4/bin/../lib/gcc/arm-none-eabi/4.8.3/../../../../arm-none-eabi/lib/armv7-m\libm.a(lib_a-s_fabs.o)
                              c:/siliconlabs/simplicitystudio/v3/developer/toolchains/gnu_arm/4.8_2013q4/bin/../lib/gcc/arm-none-eabi/4.8.3/../../../../arm-none-eabi/lib/armv7-m\libm.a(lib_a-e_pow.o) (fabs)
c:/siliconlabs/simplicitystudio/v3/developer/toolchains/gnu_arm/4.8_2013q4/bin/../lib/gcc/arm-none-eabi/4.8.3/../../../../arm-none-eabi/lib/armv7-m\libm.a(lib_a-s_finite.o)
                              c:/siliconlabs/simplicitystudio/v3/developer/toolchains/gnu_arm/4.8_2013q4/bin/../lib/gcc/arm-none-eabi/4.8.3/../../../../arm-none-eabi/lib/armv7-m\libm.a(lib_a-w_pow.o) (finite)
c:/siliconlabs/simplicitystudio/v3/developer/toolchains/gnu_arm/4.8_2013q4/bin/../lib/gcc/arm-none-eabi/4.8.3/../../../../arm-none-eabi/lib/armv7-m\libm.a(lib_a-s_fpclassify.o)
                              c:/siliconlabs/simplicitystudio/v3/developer/toolchains/gnu_arm/4.8_2013q4/bin/../lib/gcc/arm-none-eabi/4.8.3/../../../../arm-none-eabi/lib/armv7-m\libm.a(lib_a-w_pow.o) (__fpclassifyd)
c:/siliconlabs/simplicitystudio/v3/developer/toolchains/gnu_arm/4.8_2013q4/bin/../lib/gcc/arm-none-eabi/4.8.3/../../../../arm-none-eabi/lib/armv7-m\libm.a(lib_a-s_lib_ver.o)
                              c:/siliconlabs/simplicitystudio/v3/developer/toolchains/gnu_arm/4.8_2013q4/bin/../lib/gcc/arm-none-eabi/4.8.3/../../../../arm-none-eabi/lib/armv7-m\libm.a(lib_a-w_pow.o) (__fdlib_version)
c:/siliconlabs/simplicitystudio/v3/developer/toolchains/gnu_arm/4.8_2013q4/bin/../lib/gcc/arm-none-eabi/4.8.3/../../../../arm-none-eabi/lib/armv7-m\libm.a(lib_a-s_matherr.o)
                              c:/siliconlabs/simplicitystudio/v3/developer/toolchains/gnu_arm/4.8_2013q4/bin/../lib/gcc/arm-none-eabi/4.8.3/../../../../arm-none-eabi/lib/armv7-m\libm.a(lib_a-w_pow.o) (matherr)
c:/siliconlabs/simplicitystudio/v3/developer/toolchains/gnu_arm/4.8_2013q4/bin/../lib/gcc/arm-none-eabi/4.8.3/../../../../arm-none-eabi/lib/armv7-m\libm.a(lib_a-s_nan.o)
                              c:/siliconlabs/simplicitystudio/v3/developer/toolchains/gnu_arm/4.8_2013q4/bin/../lib/gcc/arm-none-eabi/4.8.3/../../../../arm-none-eabi/lib/armv7-m\libm.a(lib_a-e_pow.o) (nan)
c:/siliconlabs/simplicitystudio/v3/developer/toolchains/gnu_arm/4.8_2013q4/bin/../lib/gcc/arm-none-eabi/4.8.3/../../../../arm-none-eabi/lib/armv7-m\libm.a(lib_a-s_rint.o)
                              c:/siliconlabs/simplicitystudio/v3/developer/toolchains/gnu_arm/4.8_2013q4/bin/../lib/gcc/arm-none-eabi/4.8.3/../../../../arm-none-eabi/lib/armv7-m\libm.a(lib_a-w_pow.o) (rint)
c:/siliconlabs/simplicitystudio/v3/developer/toolchains/gnu_arm/4.8_2013q4/bin/../lib/gcc/arm-none-eabi/4.8.3/../../../../arm-none-eabi/lib/armv7-m\libm.a(lib_a-s_scalbn.o)
[...]
Memory Configuration

Name             Origin             Length             Attributes
FLASH            0x00000000         0x00100000         xr
RAM              0x20000000         0x00020000         xrw
*default*        0x00000000         0xffffffff

Linker script and memory map

LOAD c:/siliconlabs/simplicitystudio/v3/developer/toolchains/gnu_arm/4.8_2013q4/bin/../lib/gcc/arm-none-eabi/4.8.3/armv7-m/crti.o
LOAD c:/siliconlabs/simplicitystudio/v3/developer/toolchains/gnu_arm/4.8_2013q4/bin/../lib/gcc/arm-none-eabi/4.8.3/armv7-m/crtbegin.o
LOAD c:/siliconlabs/simplicitystudio/v3/developer/toolchains/gnu_arm/4.8_2013q4/bin/../lib/gcc/arm-none-eabi/4.8.3/../../../../arm-none-eabi/lib/armv7-m/crt0.o
LOAD ./src/adjustable_params.o
LOAD ./src/config.o
LOAD ./src/debug_printf.o
LOAD ./src/dust_com.o
LOAD ./src/fcs.o
LOAD ./src/flash.o
LOAD ./src/ngi_rtcdrv.o
LOAD ./src/packet.o
LOAD ./src/process.o
LOAD ./src/timestamp.o
LOAD ./src/wait_burtc.o
LOAD ./emlib/em_acmp.o
LOAD ./emlib/em_adc.o
LOAD ./emlib/em_assert.o
LOAD ./emlib/em_burtc.o
LOAD ./emlib/em_cmu.o
LOAD ./emlib/em_dac.o
LOAD ./emlib/em_dma.o
LOAD ./emlib/em_ebi.o
LOAD ./emlib/em_emu.o
LOAD ./emlib/em_gpio.o
LOAD ./emlib/em_int.o
LOAD ./emlib/em_lcd.o
LOAD ./emlib/em_msc.o
LOAD ./emlib/em_rmu.o
LOAD ./emlib/em_rtc.o
LOAD ./emlib/em_system.o
LOAD ./emlib/em_usart.o
LOAD ./emlib/em_wdog.o
LOAD ./Drivers/dmactrl.o
LOAD ./Drivers/nandflash.o
LOAD ./Drivers/retargetio.o
LOAD ./Drivers/segmentlcd.o
LOAD ./CMSIS/efm32gg/startup_gcc_efm32gg.o
LOAD ./CMSIS/efm32gg/system_efm32gg.o
LOAD ./BSP/bsp_bcc.o
LOAD ./BSP/bsp_stk.o
LOAD ./BSP/bsp_trace.o
LOAD c:/siliconlabs/simplicitystudio/v3/developer/toolchains/gnu_arm/4.8_2013q4/bin/../lib/gcc/arm-none-eabi/4.8.3/../../../../arm-none-eabi/lib/armv7-m\libm.a
LOAD ./src/aux_data.o
LOAD ./src/nandflash_W29N01HV.o
LOAD ./src/rmad.o
LOAD ./emlib/em_aes.o
LOAD ./emlib/em_cryotimer.o
LOAD ./emlib/em_crypto.o
LOAD ./emlib/em_dbg.o
LOAD ./emlib/em_gpcrc.o
LOAD ./emlib/em_i2c.o
LOAD ./emlib/em_idac.o
LOAD ./emlib/em_ldma.o
LOAD ./emlib/em_lesense.o
LOAD ./emlib/em_letimer.o
LOAD ./emlib/em_leuart.o
LOAD ./emlib/em_mpu.o
LOAD ./emlib/em_opamp.o
LOAD ./emlib/em_pcnt.o
LOAD ./emlib/em_prs.o
LOAD ./emlib/em_rtcc.o
LOAD ./emlib/em_timer.o
LOAD ./emlib/em_vcmp.o
LOAD ./Drivers/norflash.o
LOAD ./Drivers/retargetserial.o
START GROUP
LOAD c:/siliconlabs/simplicitystudio/v3/developer/toolchains/gnu_arm/4.8_2013q4/bin/../lib/gcc/arm-none-eabi/4.8.3/armv7-m\libgcc.a
LOAD c:/siliconlabs/simplicitystudio/v3/developer/toolchains/gnu_arm/4.8_2013q4/bin/../lib/gcc/arm-none-eabi/4.8.3/../../../../arm-none-eabi/lib/armv7-m\libc_s.a
LOAD c:/siliconlabs/simplicitystudio/v3/developer/toolchains/gnu_arm/4.8_2013q4/bin/../lib/gcc/arm-none-eabi/4.8.3/../../../../arm-none-eabi/lib/armv7-m\libnosys.a
END GROUP
START GROUP
LOAD c:/siliconlabs/simplicitystudio/v3/developer/toolchains/gnu_arm/4.8_2013q4/bin/../lib/gcc/arm-none-eabi/4.8.3/armv7-m\libgcc.a
LOAD c:/siliconlabs/simplicitystudio/v3/developer/toolchains/gnu_arm/4.8_2013q4/bin/../lib/gcc/arm-none-eabi/4.8.3/../../../../arm-none-eabi/lib/armv7-m\libg_s.a
LOAD c:/siliconlabs/simplicitystudio/v3/developer/toolchains/gnu_arm/4.8_2013q4/bin/../lib/gcc/arm-none-eabi/4.8.3/../../../../arm-none-eabi/lib/armv7-m\libc_s.a
END GROUP
START GROUP
LOAD c:/siliconlabs/simplicitystudio/v3/developer/toolchains/gnu_arm/4.8_2013q4/bin/../lib/gcc/arm-none-eabi/4.8.3/armv7-m\libgcc.a
LOAD c:/siliconlabs/simplicitystudio/v3/developer/toolchains/gnu_arm/4.8_2013q4/bin/../lib/gcc/arm-none-eabi/4.8.3/../../../../arm-none-eabi/lib/armv7-m\libc_s.a
END GROUP
LOAD c:/siliconlabs/simplicitystudio/v3/developer/toolchains/gnu_arm/4.8_2013q4/bin/../lib/gcc/arm-none-eabi/4.8.3/armv7-m/crtend.o
LOAD c:/siliconlabs/simplicitystudio/v3/developer/toolchains/gnu_arm/4.8_2013q4/bin/../lib/gcc/arm-none-eabi/4.8.3/armv7-m/crtn.o

.text           0x00000000     0xcd8c
 *(.isr_vector)
 .isr_vector    0x00000000      0x100 ./CMSIS/efm32gg/startup_gcc_efm32gg.o
                0x00000000                __isr_vector
 *(.text*)
 .text          0x00000100       0x54 c:/siliconlabs/simplicitystudio/v3/developer/toolchains/gnu_arm/4.8_2013q4/bin/../lib/gcc/arm-none-eabi/4.8.3/armv7-m/crtbegin.o
 .text          0x00000154       0x74 c:/siliconlabs/simplicitystudio/v3/developer/toolchains/gnu_arm/4.8_2013q4/bin/../lib/gcc/arm-none-eabi/4.8.3/../../../../arm-none-eabi/lib/armv7-m/crt0.o
                0x00000154                _start
                0x00000154                _mainCRTStartup
 .text.adjustable_params_set
                0x000001c8      0x100 ./src/adjustable_params.o
                0x000001c8                adjustable_params_set
 .text.adjustable_params_init
                0x000002c8       0x58 ./src/adjustable_params.o
                0x000002c8                adjustable_params_init
 .text.GPIO_setup
                0x00000320       0x38 ./src/config.o
                0x00000320                GPIO_setup
 .text.charge_mode
                0x00000358       0x5c ./src/config.o
                0x00000358                charge_mode
 .text.efm32_reset
                0x000003b4       0x44 ./src/config.o
                0x000003b4                efm32_reset
 .text.dust_mote_reset
                0x000003f8       0x3c ./src/config.o
                0x000003f8                dust_mote_reset
 .text.dust_mote_setup
                0x00000434       0x64 ./src/config.o
                0x00000434                dust_mote_setup
 .text.dust_mote_sleep
                0x00000498       0x54 ./src/config.o
                0x00000498                dust_mote_sleep
 .text.external_hard_reset
                0x000004ec       0x28 ./src/config.o
                0x000004ec                external_hard_reset
 .text.AD_config
                0x00000514      0x140 ./src/config.o
                0x00000514                AD_config
 .text.aux_sensor_config
                0x00000654       0x84 ./src/config.o
                0x00000654                aux_sensor_config
 .text.preamp_config
                0x000006d8       0x40 ./src/config.o
                0x000006d8                preamp_config
 .text.preamp_reset
                0x00000718       0x24 ./src/config.o
                0x00000718                preamp_reset
 .text.preamp_set_status
                0x0000073c       0x3c ./src/config.o
                0x0000073c                preamp_set_status
 .text.battery_charge_status
                0x00000778      0x188 ./src/config.o
                0x00000778                battery_charge_status
 .text.single_comp_config
                0x00000900       0x64 ./src/config.o
                0x00000900                single_comp_config
 .text.comp_config
                0x00000964      0x134 ./src/config.o
                0x00000964                comp_config
 .text.trigg_ref_set
                0x00000a98       0x64 ./src/config.o
                0x00000a98                trigg_ref_set
 .text.trigg_ref_reset
                0x00000afc       0x1c ./src/config.o
                0x00000afc                trigg_ref_reset
 .text.uart0_config
                0x00000b18       0xac ./src/config.o
                0x00000b18                uart0_config
 .text.rtc_config
                0x00000bc4        0x8 ./src/config.o
                0x00000bc4                rtc_config
 .text.wdog_config
                0x00000bcc       0x2c ./src/config.o
                0x00000bcc                wdog_config
 .text.dust_send_request
                0x00000bf8      0x150 ./src/dust_com.o
                0x00000bf8                dust_send_request
 .text.dust_send_ack
                0x00000d48      0x1cc ./src/dust_com.o
                0x00000d48                dust_send_ack
 .text.dust_get_packet
                0x00000f14       0x6c ./src/dust_com.o
                0x00000f14                dust_get_packet
 .text.dust_close_any_sockets
                0x00000f80       0x48 ./src/dust_com.o
                0x00000f80                dust_close_any_sockets
 .text.dust_open_sockets_and_optionally_allow_status_on_backup
                0x00000fc8      0x144 ./src/dust_com.o
                0x00000fc8                dust_open_sockets_and_optionally_allow_status_on_backup
 .text.dust_check_and_possibly_reset_mote
                0x0000110c      0x130 ./src/dust_com.o
                0x0000110c                dust_check_and_possibly_reset_mote
 .text.dust_handle_notification
                0x0000123c      0x5ec ./src/dust_com.o
                0x0000123c                dust_handle_notification
 .text.dust_tx_msg_data_txDone
                0x00001828      0x1bc ./src/dust_com.o
                0x00001828                dust_tx_msg_data_txDone
 .text.dust_tx_msg_data
                0x000019e4       0xa4 ./src/dust_com.o
                0x000019e4                dust_tx_msg_data
 .text.fcs_calcFcs
                0x00001a88       0x30 ./src/fcs.o
                0x00001a88                fcs_calcFcs
 .text.flash_block_to_use
                0x00001ab8        0xc ./src/flash.o
                0x00001ab8                flash_block_to_use
 .text.flash_W29N01HV_info
                0x00001ac4        0xc ./src/flash.o
                0x00001ac4                flash_W29N01HV_info
 .text.flash_W29N01HV_write_page
                0x00001ad0       0xe0 ./src/flash.o
                0x00001ad0                flash_W29N01HV_write_page
 .text.flash_W29N01HV_safe_write_page
                0x00001bb0      0x210 ./src/flash.o
                0x00001bb0                flash_W29N01HV_safe_write_page
 .text.flash_W29N01HV_find_next_good_block
                0x00001dc0       0x48 ./src/flash.o
                0x00001dc0                flash_W29N01HV_find_next_good_block
 .text.flash_W29N01HV_init
                0x00001e08      0x290 ./src/flash.o
                0x00001e08                flash_W29N01HV_init
 .text.DelayCB  0x00002098        0xc ./src/ngi_rtcdrv.o
 .text.RTCDRV_Setup
                0x000020a4       0x84 ./src/ngi_rtcdrv.o
                0x000020a4                RTCDRV_Setup
 .text.RTC_IRQHandler
                0x00002128       0x34 ./src/ngi_rtcdrv.o
                0x00002128                RTC_IRQHandler
 .text.RTCDRV_Trigger
                0x0000215c       0xcc ./src/ngi_rtcdrv.o
                0x0000215c                RTCDRV_Trigger
 .text.RTCDRV_DelayInEM.constprop.0
                0x00002228      0x154 ./src/ngi_rtcdrv.o
 .text.wait     0x0000237c        0x8 ./src/ngi_rtcdrv.o
                0x0000237c                wait
 .text.wait_from_to
                0x00002384        0x4 ./src/ngi_rtcdrv.o
                0x00002384                wait_from_to
 .text.packet_get_seq_num_at_last_sent_command
                0x00002388        0xc ./src/packet.o
                0x00002388                packet_get_seq_num_at_last_sent_command
 .text.packet_get_last_sent_command
                0x00002394        0x8 ./src/packet.o
                0x00002394                packet_get_last_sent_command
 .text.packet_non_ack_sent
                0x0000239c       0x24 ./src/packet.o
                0x0000239c                packet_non_ack_sent
 .text.packet_register
                0x000023c0       0x4c ./src/packet.o
                0x000023c0                packet_register
 .text.packet_seq_num_end
                0x0000240c       0x20 ./src/packet.o
                0x0000240c                packet_seq_num_end
 .text.packet_search_f
                0x0000242c      0x254 ./src/packet.o
                0x0000242c                packet_search_f
 .text.packet_wait_for_f
                0x00002680      0x27c ./src/packet.o
                0x00002680                packet_wait_for_f
 .text.packet_wait_for_ack
                0x000028fc      0x1a8 ./src/packet.o
                0x000028fc                packet_wait_for_ack
 .text.process_log_until
                0x00002aa4       0x28 ./src/process.o
                0x00002aa4                process_log_until
 .text.std_deviance
                0x00002acc      0x170 ./src/process.o
                0x00002acc                std_deviance
 .text.process_data
                0x00002c3c      0x198 ./src/process.o
                0x00002c3c                process_data
 .text.process_W29N01HV_hybrid_ringbuf_entries
                0x00002dd4      0x590 ./src/process.o
                0x00002dd4                process_W29N01HV_hybrid_ringbuf_entries
 .text.process_ringbuf_lock_traceset
                0x00003364       0x34 ./src/process.o
                0x00003364                process_ringbuf_lock_traceset
 .text.process_ringbuf_add_scan
                0x00003398       0x6c ./src/process.o
                0x00003398                process_ringbuf_add_scan
 .text.process_ringbuf_add
                0x00003404       0x88 ./src/process.o
                0x00003404                process_ringbuf_add
 .text.process_ringbuf_apply_timestamp
                0x0000348c      0x178 ./src/process.o
                0x0000348c                process_ringbuf_apply_timestamp
 .text.process_latest_flash_event
                0x00003604      0x110 ./src/process.o
                0x00003604                process_latest_flash_event
 .text.process_hybrid_send_data
                0x00003714      0x558 ./src/process.o
                0x00003714                process_hybrid_send_data
 .text.process_config
                0x00003c6c       0x14 ./src/process.o
                0x00003c6c                process_config
 .text.timestampd
                0x00003c80       0x58 ./src/timestamp.o
                0x00003c80                timestampd
 .text.timestamp_secs
                0x00003cd8       0x40 ./src/timestamp.o
                0x00003cd8                timestamp_secs
 .text.timestamp
                0x00003d18       0x10 ./src/timestamp.o
                0x00003d18                timestamp
 .text.burtc_config
                0x00003d28       0x88 ./src/wait_burtc.o
                0x00003d28                burtc_config
 .text.BURTC_IRQHandler
                0x00003db0       0x34 ./src/wait_burtc.o
                0x00003db0                BURTC_IRQHandler
 .text.wait_from_to_burtc
                0x00003de4      0x23c ./src/wait_burtc.o
                0x00003de4                wait_from_to_burtc
 .text.ACMP_Enable
                0x00004020        0xc ./emlib/em_acmp.o
                0x00004020                ACMP_Enable
 .text.ACMP_Reset
                0x0000402c       0x20 ./emlib/em_acmp.o
                0x0000402c                ACMP_Reset
 .text.ACMP_ChannelSet
                0x0000404c       0x10 ./emlib/em_acmp.o
                0x0000404c                ACMP_ChannelSet
 .text.ACMP_Init
                0x0000405c       0x54 ./emlib/em_acmp.o
                0x0000405c                ACMP_Init
 .text.ADC_Init
                0x000040b0       0x70 ./emlib/em_adc.o
                0x000040b0                ADC_Init
 .text.ADC_InitScan
                0x00004120       0xe4 ./emlib/em_adc.o
                0x00004120                ADC_InitScan
 .text.ADC_InitSingle
                0x00004204       0xcc ./emlib/em_adc.o
                0x00004204                ADC_InitSingle
 .text.ADC_Reset
                0x000042d0       0x64 ./emlib/em_adc.o
                0x000042d0                ADC_Reset
 .text.ADC_TimebaseCalc
                0x00004334       0x3c ./emlib/em_adc.o
                0x00004334                ADC_TimebaseCalc
 .text.BURTC_Init
                0x00004370       0x80 ./emlib/em_burtc.o
                0x00004370                BURTC_Init
 .text.BURTC_CompareSet
                0x000043f0       0x20 ./emlib/em_burtc.o
                0x000043f0                BURTC_CompareSet
 .text.BURTC_CounterReset
                0x00004410       0x10 ./emlib/em_burtc.o
                0x00004410                BURTC_CounterReset
 .text.lfClkGet
                0x00004420      0x150 ./emlib/em_cmu.o
 .text.CMU_ClockDivSet
                0x00004570      0x390 ./emlib/em_cmu.o
                0x00004570                CMU_ClockDivSet
 .text.CMU_ClockSelectGet
                0x00004900       0xc0 ./emlib/em_cmu.o
                0x00004900                CMU_ClockSelectGet
 .text.CMU_ClockFreqGet
                0x000049c0      0x210 ./emlib/em_cmu.o
                0x000049c0                CMU_ClockFreqGet
 .text.CMU_ClockEnable
                0x00004bd0       0xf0 ./emlib/em_cmu.o
                0x00004bd0                CMU_ClockEnable
 .text.CMU_ClockSelectSet
                0x00004cc0      0x4ec ./emlib/em_cmu.o
                0x00004cc0                CMU_ClockSelectSet
 .text.CMU_HFRCOBandSet
                0x000051ac      0x1e0 ./emlib/em_cmu.o
                0x000051ac                CMU_HFRCOBandSet
 .text.CMU_OscillatorEnable
                0x0000538c       0x84 ./emlib/em_cmu.o
                0x0000538c                CMU_OscillatorEnable
 .text.DAC_Init
                0x00005410       0x80 ./emlib/em_dac.o
                0x00005410                DAC_Init
 .text.DAC_InitChannel
                0x00005490       0x30 ./emlib/em_dac.o
                0x00005490                DAC_InitChannel
 .text.DAC_Reset
                0x000054c0       0x28 ./emlib/em_dac.o
                0x000054c0                DAC_Reset
 .text.DMA_IRQHandler
                0x000054e8       0x80 ./emlib/em_dma.o
                0x000054e8                DMA_IRQHandler
 .text.DMA_ActivateAuto
                0x00005568       0x78 ./emlib/em_dma.o
                0x00005568                DMA_ActivateAuto
 .text.DMA_CfgChannel
                0x000055e0       0x54 ./emlib/em_dma.o
                0x000055e0                DMA_CfgChannel
 .text.DMA_CfgDescr
                0x00005634       0x3c ./emlib/em_dma.o
                0x00005634                DMA_CfgDescr
 .text.DMA_Init
                0x00005670       0xcc ./emlib/em_dma.o
                0x00005670                DMA_Init
 .text.EBI_Init
                0x0000573c      0x768 ./emlib/em_ebi.o
                0x0000573c                EBI_Init
 .text.EBI_BankAddress
                0x00005ea4       0x80 ./emlib/em_ebi.o
                0x00005ea4                EBI_BankAddress
 .text.emuRestore
                0x00005f24       0x8c ./emlib/em_emu.o
 .text.EMU_EnterEM2
                0x00005fb0       0x98 ./emlib/em_emu.o
                0x00005fb0                EMU_EnterEM2
 .text.EMU_EnterEM3
                0x00006048       0xb8 ./emlib/em_emu.o
                0x00006048                EMU_EnterEM3
 .text.EMU_EnterEM4
                0x00006100       0x30 ./emlib/em_emu.o
                0x00006100                EMU_EnterEM4
 .text.EMU_UpdateOscConfig
                0x00006130       0x14 ./emlib/em_emu.o
                0x00006130                EMU_UpdateOscConfig
 .text.GPIO_ExtIntConfig
                0x00006144       0x6c ./emlib/em_gpio.o
                0x00006144                GPIO_ExtIntConfig
 .text.GPIO_PinModeSet
                0x000061b0       0xb4 ./emlib/em_gpio.o
                0x000061b0                GPIO_PinModeSet
 .text.MSC_Init
                0x00006264       0x8c ./emlib/em_msc.o
                0x00006264                MSC_Init
 .text.MSC_Deinit
                0x000062f0       0x14 ./emlib/em_msc.o
                0x000062f0                MSC_Deinit
 .text.RMU_ResetControl
                0x00006304       0x20 ./emlib/em_rmu.o
                0x00006304                RMU_ResetControl
 .text.RMU_ResetCauseClear
                0x00006324       0x40 ./emlib/em_rmu.o
                0x00006324                RMU_ResetCauseClear
 .text.RTC_CompareSet
                0x00006364       0x1c ./emlib/em_rtc.o
                0x00006364                RTC_CompareSet
 .text.RTC_Enable
                0x00006380        0x8 ./emlib/em_rtc.o
                0x00006380                RTC_Enable
 .text.RTC_Init
                0x00006388       0x1c ./emlib/em_rtc.o
                0x00006388                RTC_Init
 .text.SYSTEM_ChipRevisionGet
                0x000063a4       0x34 ./emlib/em_system.o
                0x000063a4                SYSTEM_ChipRevisionGet
 .text.USART_Enable
                0x000063d8       0x10 ./emlib/em_usart.o
                0x000063d8                USART_Enable
 .text.USART_InitAsync
                0x000063e8       0xdc ./emlib/em_usart.o
                0x000063e8                USART_InitAsync
 .text.USART_Rx
                0x000064c4        0xc ./emlib/em_usart.o
                0x000064c4                USART_Rx
 .text.USART_Tx
                0x000064d0        0xc ./emlib/em_usart.o
                0x000064d0                USART_Tx
 .text.WDOGn_Feed
                0x000064dc       0x18 ./emlib/em_wdog.o
                0x000064dc                WDOGn_Feed
 .text.WDOGn_Init
                0x000064f4       0x48 ./emlib/em_wdog.o
                0x000064f4                WDOGn_Init
 .text._close   0x0000653c        0x4 ./Drivers/retargetio.o
                0x0000653c                _close
 .text._exit    0x00006540        0x4 ./Drivers/retargetio.o
                0x00006540                _exit
 .text._fstat   0x00006544        0xc ./Drivers/retargetio.o
                0x00006544                _fstat
 .text._isatty  0x00006550        0x4 ./Drivers/retargetio.o
                0x00006550                _isatty
 .text._lseek   0x00006554        0x4 ./Drivers/retargetio.o
                0x00006554                _lseek
 .text._read    0x00006558       0x2c ./Drivers/retargetio.o
                0x00006558                _read
 .text._sbrk    0x00006584       0x5c ./Drivers/retargetio.o
                0x00006584                _sbrk
 .text._write   0x000065e0       0x1c ./Drivers/retargetio.o
                0x000065e0                _write
 .text          0x000065fc       0x98 ./CMSIS/efm32gg/startup_gcc_efm32gg.o
                0x000065fc                Reset_Handler
                0x00006630                Default_Handler
                0x00006632                NMI_Handler
                0x00006634                HardFault_Handler
                0x00006636                MemManage_Handler
                0x00006638                BusFault_Handler
                0x0000663a                UsageFault_Handler
                0x0000663c                SVC_Handler
                0x0000663e                DebugMon_Handler
                0x00006640                PendSV_Handler
                0x00006642                SysTick_Handler
                0x00006648                TIMER0_IRQHandler
                0x0000664a                USART0_RX_IRQHandler
                0x0000664c                USART0_TX_IRQHandler
                0x0000664e                USB_IRQHandler
                0x00006654                DAC0_IRQHandler
                0x00006656                I2C0_IRQHandler
                0x00006658                I2C1_IRQHandler
                0x0000665a                GPIO_ODD_IRQHandler
                0x0000665c                TIMER1_IRQHandler
                0x0000665e                TIMER2_IRQHandler
                0x00006660                TIMER3_IRQHandler
                0x00006662                USART1_RX_IRQHandler
                0x00006664                USART1_TX_IRQHandler
                0x00006666                LESENSE_IRQHandler
                0x00006668                USART2_RX_IRQHandler
                0x0000666a                USART2_TX_IRQHandler
                0x0000666e                UART0_TX_IRQHandler
                0x00006672                UART1_TX_IRQHandler
                0x00006674                LEUART0_IRQHandler
                0x00006676                LEUART1_IRQHandler
                0x00006678                LETIMER0_IRQHandler
                0x0000667a                PCNT0_IRQHandler
                0x0000667c                PCNT1_IRQHandler
                0x0000667e                PCNT2_IRQHandler
                0x00006684                CMU_IRQHandler
                0x00006686                VCMP_IRQHandler
                0x00006688                LCD_IRQHandler
                0x0000668a                MSC_IRQHandler
                0x0000668c                AES_IRQHandler
                0x0000668e                EBI_IRQHandler
                0x00006690                EMU_IRQHandler
 .text.SystemCoreClockGet
                0x00006694       0xe0 ./CMSIS/efm32gg/system_efm32gg.o
                0x00006694                SystemCoreClockGet
 .text.SystemMaxCoreClockGet
                0x00006774        0x8 ./CMSIS/efm32gg/system_efm32gg.o
                0x00006774                SystemMaxCoreClockGet
 .text.SystemHFClockGet
                0x0000677c       0xd0 ./CMSIS/efm32gg/system_efm32gg.o
                0x0000677c                SystemHFClockGet
 .text.SystemHFXOClockGet
                0x0000684c        0xc ./CMSIS/efm32gg/system_efm32gg.o
                0x0000684c                SystemHFXOClockGet
 .text.SystemInit
                0x00006858        0x4 ./CMSIS/efm32gg/system_efm32gg.o
                0x00006858                SystemInit
 .text.SystemLFRCOClockGet
                0x0000685c        0x8 ./CMSIS/efm32gg/system_efm32gg.o
                0x0000685c                SystemLFRCOClockGet
 .text.SystemULFRCOClockGet
                0x00006864        0x8 ./CMSIS/efm32gg/system_efm32gg.o
                0x00006864                SystemULFRCOClockGet
 .text.SystemLFXOClockGet
                0x0000686c        0xc ./CMSIS/efm32gg/system_efm32gg.o
                0x0000686c                SystemLFXOClockGet
 .text.BSP_EbiInit
                0x00006878      0x110 ./BSP/bsp_stk.o
                0x00006878                BSP_EbiInit
 .text.ceil     0x00006988      0x120 c:/siliconlabs/simplicitystudio/v3/developer/toolchains/gnu_arm/4.8_2013q4/bin/../lib/gcc/arm-none-eabi/4.8.3/../../../../arm-none-eabi/lib/armv7-m\libm.a(lib_a-s_ceil.o)
                0x00006988                ceil
 .text.floor    0x00006aa8      0x120 c:/siliconlabs/simplicitystudio/v3/developer/toolchains/gnu_arm/4.8_2013q4/bin/../lib/gcc/arm-none-eabi/4.8.3/../../../../arm-none-eabi/lib/armv7-m\libm.a(lib_a-s_floor.o)
                0x00006aa8                floor
 .text.round    0x00006bc8       0x9c c:/siliconlabs/simplicitystudio/v3/developer/toolchains/gnu_arm/4.8_2013q4/bin/../lib/gcc/arm-none-eabi/4.8.3/../../../../arm-none-eabi/lib/armv7-m\libm.a(lib_a-s_round.o)
                0x00006bc8                round
 .text.pow      0x00006c64      0x2f8 c:/siliconlabs/simplicitystudio/v3/developer/toolchains/gnu_arm/4.8_2013q4/bin/../lib/gcc/arm-none-eabi/4.8.3/../../../../arm-none-eabi/lib/armv7-m\libm.a(lib_a-w_pow.o)
                0x00006c64                pow
 .text.sqrt     0x00006f5c       0xac c:/siliconlabs/simplicitystudio/v3/developer/toolchains/gnu_arm/4.8_2013q4/bin/../lib/gcc/arm-none-eabi/4.8.3/../../../../arm-none-eabi/lib/armv7-m\libm.a(lib_a-w_sqrt.o)
                0x00006f5c                sqrt
 .text.__ieee754_pow
                0x00007008      0xab8 c:/siliconlabs/simplicitystudio/v3/developer/toolchains/gnu_arm/4.8_2013q4/bin/../lib/gcc/arm-none-eabi/4.8.3/../../../../arm-none-eabi/lib/armv7-m\libm.a(lib_a-e_pow.o)
                0x00007008                __ieee754_pow
 .text.__ieee754_sqrt
                0x00007ac0      0x180 c:/siliconlabs/simplicitystudio/v3/developer/toolchains/gnu_arm/4.8_2013q4/bin/../lib/gcc/arm-none-eabi/4.8.3/../../../../arm-none-eabi/lib/armv7-m\libm.a(lib_a-e_sqrt.o)
                0x00007ac0                __ieee754_sqrt
 .text.fabs     0x00007c40        0x8 c:/siliconlabs/simplicitystudio/v3/developer/toolchains/gnu_arm/4.8_2013q4/bin/../lib/gcc/arm-none-eabi/4.8.3/../../../../arm-none-eabi/lib/armv7-m\libm.a(lib_a-s_fabs.o)
                0x00007c40                fabs
 .text.finite   0x00007c48        0xc c:/siliconlabs/simplicitystudio/v3/developer/toolchains/gnu_arm/4.8_2013q4/bin/../lib/gcc/arm-none-eabi/4.8.3/../../../../arm-none-eabi/lib/armv7-m\libm.a(lib_a-s_finite.o)
                0x00007c48                finite
 .text.__fpclassifyd
                0x00007c54       0x50 c:/siliconlabs/simplicitystudio/v3/developer/toolchains/gnu_arm/4.8_2013q4/bin/../lib/gcc/arm-none-eabi/4.8.3/../../../../arm-none-eabi/lib/armv7-m\libm.a(lib_a-s_fpclassify.o)
                0x00007c54                __fpclassifyd
 .text.matherr  0x00007ca4        0x4 c:/siliconlabs/simplicitystudio/v3/developer/toolchains/gnu_arm/4.8_2013q4/bin/../lib/gcc/arm-none-eabi/4.8.3/../../../../arm-none-eabi/lib/armv7-m\libm.a(lib_a-s_matherr.o)
                0x00007ca4                matherr
 .text.nan      0x00007ca8        0xc c:/siliconlabs/simplicitystudio/v3/developer/toolchains/gnu_arm/4.8_2013q4/bin/../lib/gcc/arm-none-eabi/4.8.3/../../../../arm-none-eabi/lib/armv7-m\libm.a(lib_a-s_nan.o)
                0x00007ca8                nan
 .text.rint     0x00007cb4      0x118 c:/siliconlabs/simplicitystudio/v3/developer/toolchains/gnu_arm/4.8_2013q4/bin/../lib/gcc/arm-none-eabi/4.8.3/../../../../arm-none-eabi/lib/armv7-m\libm.a(lib_a-s_rint.o)
                0x00007cb4                rint
 *fill*         0x00007dcc        0x4 
 .text.scalbn   0x00007dd0      0x100 c:/siliconlabs/simplicitystudio/v3/developer/toolchains/gnu_arm/4.8_2013q4/bin/../lib/gcc/arm-none-eabi/4.8.3/../../../../arm-none-eabi/lib/armv7-m\libm.a(lib_a-s_scalbn.o)
                0x00007dd0                scalbn
 .text.copysign
                0x00007ed0       0x14 c:/siliconlabs/simplicitystudio/v3/developer/toolchains/gnu_arm/4.8_2013q4/bin/../lib/gcc/arm-none-eabi/4.8.3/../../../../arm-none-eabi/lib/armv7-m\libm.a(lib_a-s_copysign.o)
                0x00007ed0                copysign
 .text.get_aux_and_report
                0x00007ee4       0x5c ./src/aux_data.o
                0x00007ee4                get_aux_and_report
 .text.read_single_aux_sample
                0x00007f40       0x3c ./src/aux_data.o
                0x00007f40                read_single_aux_sample
 .text.read_scan_aux_sample
                0x00007f7c      0x260 ./src/aux_data.o
                0x00007f7c                read_scan_aux_sample
 .text.send_aux_data
                0x000081dc       0xfc ./src/aux_data.o
                0x000081dc                send_aux_data
 .text.get_new_aux_sample
                0x000082d8      0x1f0 ./src/aux_data.o
                0x000082d8                get_new_aux_sample
 .text.NANDFLASH_W29N01HV_DeviceInfo
                0x000084c8       0x18 ./src/nandflash_W29N01HV.o
                0x000084c8                NANDFLASH_W29N01HV_DeviceInfo
 .text.NANDFLASH_W29N01HV_EccCorrect
                0x000084e0       0xc0 ./src/nandflash_W29N01HV.o
                0x000084e0                NANDFLASH_W29N01HV_EccCorrect
 .text.NANDFLASH_W29N01HV_EraseBlock
                0x000085a0       0xb4 ./src/nandflash_W29N01HV.o
                0x000085a0                NANDFLASH_W29N01HV_EraseBlock
 .text.NANDFLASH_W29N01HV_Init
                0x00008654      0x120 ./src/nandflash_W29N01HV.o
                0x00008654                NANDFLASH_W29N01HV_Init
 .text.NANDFLASH_W29N01HV_MarkBadBlock
                0x00008774       0xbc ./src/nandflash_W29N01HV.o
                0x00008774                NANDFLASH_W29N01HV_MarkBadBlock
 .text.NANDFLASH_W29N01HV_ReadPage
                0x00008830      0x1c0 ./src/nandflash_W29N01HV.o
                0x00008830                NANDFLASH_W29N01HV_ReadPage
 .text.NANDFLASH_W29N01HV_Hybrid_ReadPage
                0x000089f0      0x1bc ./src/nandflash_W29N01HV.o
                0x000089f0                NANDFLASH_W29N01HV_Hybrid_ReadPage
 .text.NANDFLASH_W29N01HV_ReadSpare
                0x00008bac      0x120 ./src/nandflash_W29N01HV.o
                0x00008bac                NANDFLASH_W29N01HV_ReadSpare
 .text.NANDFLASH_W29N01HV_WritePage
                0x00008ccc      0x1a0 ./src/nandflash_W29N01HV.o
                0x00008ccc                NANDFLASH_W29N01HV_WritePage
 .text.logging_is_running
                0x00008e6c        0xc ./src/rmad.o
                0x00008e6c                logging_is_running
 .text.ADC0_IRQHandler
                0x00008e78      0x174 ./src/rmad.o
                0x00008e78                ADC0_IRQHandler
 .text.ACMP0_IRQHandler
                0x00008fec       0xdc ./src/rmad.o
                0x00008fec                ACMP0_IRQHandler
 .text.get_uart0_bytes
                0x000090c8       0x3c ./src/rmad.o
                0x000090c8                get_uart0_bytes
 .text.UART0_RX_IRQHandler
                0x00009104       0x40 ./src/rmad.o
                0x00009104                UART0_RX_IRQHandler
 .text.GPIO_EVEN_IRQHandler
                0x00009144      0x144 ./src/rmad.o
                0x00009144                GPIO_EVEN_IRQHandler
 .text.startup.main
                0x00009288      0x420 ./src/rmad.o
                0x00009288                main
 .text.UART1_RX_IRQHandler
                0x000096a8       0x58 ./Drivers/retargetserial.o
                0x000096a8                UART1_RX_IRQHandler
 .text.RETARGET_SerialCrLf
                0x00009700       0x10 ./Drivers/retargetserial.o
                0x00009700                RETARGET_SerialCrLf
 .text.RETARGET_SerialInit
                0x00009710       0xb8 ./Drivers/retargetserial.o
                0x00009710                RETARGET_SerialInit
 .text.RETARGET_ReadChar
                0x000097c8       0x6c ./Drivers/retargetserial.o
                0x000097c8                RETARGET_ReadChar
 .text.RETARGET_WriteChar
                0x00009834       0x58 ./Drivers/retargetserial.o
                0x00009834                RETARGET_WriteChar
 .text          0x0000988c      0x370 c:/siliconlabs/simplicitystudio/v3/developer/toolchains/gnu_arm/4.8_2013q4/bin/../lib/gcc/arm-none-eabi/4.8.3/armv7-m\libgcc.a(_arm_addsubdf3.o)
                0x0000988c                __aeabi_drsub
                0x00009894                __aeabi_dsub
                0x00009894                __subdf3
                0x00009898                __aeabi_dadd
                0x00009898                __adddf3
                0x00009b10                __floatunsidf
                0x00009b10                __aeabi_ui2d
                0x00009b30                __floatsidf
                0x00009b30                __aeabi_i2d
                0x00009b54                __aeabi_f2d
                0x00009b54                __extendsfdf2
                0x00009b90                __floatundidf
                0x00009b90                __aeabi_ul2d
                0x00009ba0                __floatdidf
                0x00009ba0                __aeabi_l2d
 .text          0x00009bfc      0x424 c:/siliconlabs/simplicitystudio/v3/developer/toolchains/gnu_arm/4.8_2013q4/bin/../lib/gcc/arm-none-eabi/4.8.3/armv7-m\libgcc.a(_arm_muldivdf3.o)
                0x00009bfc                __aeabi_dmul
                0x00009bfc                __muldf3
                0x00009e50                __divdf3
                0x00009e50                __aeabi_ddiv
 .text          0x0000a020      0x110 c:/siliconlabs/simplicitystudio/v3/developer/toolchains/gnu_arm/4.8_2013q4/bin/../lib/gcc/arm-none-eabi/4.8.3/armv7-m\libgcc.a(_arm_cmpdf2.o)
                0x0000a020                __gtdf2
                0x0000a020                __gedf2
                0x0000a028                __ltdf2
                0x0000a028                __ledf2
                0x0000a030                __nedf2
                0x0000a030                __eqdf2
                0x0000a030                __cmpdf2
                0x0000a0ac                __aeabi_cdrcmple
                0x0000a0bc                __aeabi_cdcmpeq
                0x0000a0bc                __aeabi_cdcmple
                0x0000a0cc                __aeabi_dcmpeq
                0x0000a0e0                __aeabi_dcmplt
                0x0000a0f4                __aeabi_dcmple
                0x0000a108                __aeabi_dcmpge
                0x0000a11c                __aeabi_dcmpgt
 .text          0x0000a130       0x50 c:/siliconlabs/simplicitystudio/v3/developer/toolchains/gnu_arm/4.8_2013q4/bin/../lib/gcc/arm-none-eabi/4.8.3/armv7-m\libgcc.a(_arm_fixdfsi.o)
                0x0000a130                __aeabi_d2iz
                0x0000a130                __fixdfsi
 .text          0x0000a180       0x40 c:/siliconlabs/simplicitystudio/v3/developer/toolchains/gnu_arm/4.8_2013q4/bin/../lib/gcc/arm-none-eabi/4.8.3/armv7-m\libgcc.a(_arm_fixunsdfsi.o)
                0x0000a180                __aeabi_d2uiz
                0x0000a180                __fixunsdfsi
 .text          0x0000a1c0       0xa0 c:/siliconlabs/simplicitystudio/v3/developer/toolchains/gnu_arm/4.8_2013q4/bin/../lib/gcc/arm-none-eabi/4.8.3/armv7-m\libgcc.a(_arm_truncdfsf2.o)
                0x0000a1c0                __truncdfsf2
                0x0000a1c0                __aeabi_d2f
 .text          0x0000a260      0x21c c:/siliconlabs/simplicitystudio/v3/developer/toolchains/gnu_arm/4.8_2013q4/bin/../lib/gcc/arm-none-eabi/4.8.3/armv7-m\libgcc.a(_arm_addsubsf3.o)
                0x0000a260                __aeabi_frsub
                0x0000a268                __subsf3
                0x0000a268                __aeabi_fsub
                0x0000a26c                __aeabi_fadd
                0x0000a26c                __addsf3
                0x0000a3cc                __aeabi_ui2f
                0x0000a3cc                __floatunsisf
                0x0000a3d4                __aeabi_i2f
                0x0000a3d4                __floatsisf
                0x0000a3f0                __aeabi_ul2f
                0x0000a3f0                __floatundisf
                0x0000a400                __aeabi_l2f
                0x0000a400                __floatdisf
 .text          0x0000a47c      0x2a0 c:/siliconlabs/simplicitystudio/v3/developer/toolchains/gnu_arm/4.8_2013q4/bin/../lib/gcc/arm-none-eabi/4.8.3/armv7-m\libgcc.a(_arm_muldivsf3.o)
                0x0000a47c                __mulsf3
                0x0000a47c                __aeabi_fmul
                0x0000a5e4                __aeabi_fdiv
                0x0000a5e4                __divsf3
 .text          0x0000a71c       0xec c:/siliconlabs/simplicitystudio/v3/developer/toolchains/gnu_arm/4.8_2013q4/bin/../lib/gcc/arm-none-eabi/4.8.3/armv7-m\libgcc.a(_arm_cmpsf2.o)
                0x0000a71c                __gesf2
                0x0000a71c                __gtsf2
                0x0000a724                __lesf2
                0x0000a724                __ltsf2
                0x0000a72c                __nesf2
                0x0000a72c                __eqsf2
                0x0000a72c                __cmpsf2
                0x0000a78c                __aeabi_cfrcmple
                0x0000a794                __aeabi_cfcmpeq
                0x0000a794                __aeabi_cfcmple
                0x0000a7a4                __aeabi_fcmpeq
                0x0000a7b8                __aeabi_fcmplt
                0x0000a7cc                __aeabi_fcmple
                0x0000a7e0                __aeabi_fcmpge
                0x0000a7f4                __aeabi_fcmpgt
 .text          0x0000a808       0x4c c:/siliconlabs/simplicitystudio/v3/developer/toolchains/gnu_arm/4.8_2013q4/bin/../lib/gcc/arm-none-eabi/4.8.3/armv7-m\libgcc.a(_arm_fixsfsi.o)
                0x0000a808                __aeabi_f2iz
                0x0000a808                __fixsfsi
 .text          0x0000a854       0x40 c:/siliconlabs/simplicitystudio/v3/developer/toolchains/gnu_arm/4.8_2013q4/bin/../lib/gcc/arm-none-eabi/4.8.3/armv7-m\libgcc.a(_arm_fixunssfsi.o)
                0x0000a854                __fixunssfsi
                0x0000a854                __aeabi_f2uiz
 .text          0x0000a894       0x2c c:/siliconlabs/simplicitystudio/v3/developer/toolchains/gnu_arm/4.8_2013q4/bin/../lib/gcc/arm-none-eabi/4.8.3/armv7-m\libgcc.a(_aeabi_uldivmod.o)
                0x0000a894                __aeabi_uldivmod
 .text          0x0000a8c0       0x30 c:/siliconlabs/simplicitystudio/v3/developer/toolchains/gnu_arm/4.8_2013q4/bin/../lib/gcc/arm-none-eabi/4.8.3/armv7-m\libgcc.a(_fixdfdi.o)
                0x0000a8c0                __fixdfdi
                0x0000a8c0                __aeabi_d2lz
 .text          0x0000a8f0       0x44 c:/siliconlabs/simplicitystudio/v3/developer/toolchains/gnu_arm/4.8_2013q4/bin/../lib/gcc/arm-none-eabi/4.8.3/armv7-m\libgcc.a(_fixunsdfdi.o)
                0x0000a8f0                __fixunsdfdi
                0x0000a8f0                __aeabi_d2ulz
 .text          0x0000a934       0x60 c:/siliconlabs/simplicitystudio/v3/developer/toolchains/gnu_arm/4.8_2013q4/bin/../lib/gcc/arm-none-eabi/4.8.3/armv7-m\libgcc.a(bpabi.o)
                0x0000a934                __gnu_ldivmod_helper
                0x0000a964                __gnu_uldivmod_helper
 .text          0x0000a994        0x4 c:/siliconlabs/simplicitystudio/v3/developer/toolchains/gnu_arm/4.8_2013q4/bin/../lib/gcc/arm-none-eabi/4.8.3/armv7-m\libgcc.a(_dvmd_tls.o)
                0x0000a994                __aeabi_idiv0
                0x0000a994                __aeabi_ldiv0
 .text          0x0000a998      0x2a0 c:/siliconlabs/simplicitystudio/v3/developer/toolchains/gnu_arm/4.8_2013q4/bin/../lib/gcc/arm-none-eabi/4.8.3/armv7-m\libgcc.a(_divdi3.o)
                0x0000a998                __divdi3
 .text          0x0000ac38      0x290 c:/siliconlabs/simplicitystudio/v3/developer/toolchains/gnu_arm/4.8_2013q4/bin/../lib/gcc/arm-none-eabi/4.8.3/armv7-m\libgcc.a(_udivdi3.o)
                0x0000ac38                __udivdi3
 .text.__errno  0x0000aec8        0xc c:/siliconlabs/simplicitystudio/v3/developer/toolchains/gnu_arm/4.8_2013q4/bin/../lib/gcc/arm-none-eabi/4.8.3/../../../../arm-none-eabi/lib/armv7-m\libc_s.a(lib_a-errno.o)
                0x0000aec8                __errno
 .text.exit     0x0000aed4       0x28 c:/siliconlabs/simplicitystudio/v3/developer/toolchains/gnu_arm/4.8_2013q4/bin/../lib/gcc/arm-none-eabi/4.8.3/../../../../arm-none-eabi/lib/armv7-m\libc_s.a(lib_a-exit.o)
                0x0000aed4                exit
 .text.fileno   0x0000aefc       0x5c c:/siliconlabs/simplicitystudio/v3/developer/toolchains/gnu_arm/4.8_2013q4/bin/../lib/gcc/arm-none-eabi/4.8.3/../../../../arm-none-eabi/lib/armv7-m\libc_s.a(lib_a-fileno.o)
                0x0000aefc                fileno
 .text._cleanup_r
                0x0000af58       0x32 c:/siliconlabs/simplicitystudio/v3/developer/toolchains/gnu_arm/4.8_2013q4/bin/../lib/gcc/arm-none-eabi/4.8.3/../../../../arm-none-eabi/lib/armv7-m\libc_s.a(lib_a-findfp.o)
                0x0000af58                _cleanup_r
 *fill*         0x0000af8a        0x2 
 .text.std.isra.0
                0x0000af8c       0x48 c:/siliconlabs/simplicitystudio/v3/developer/toolchains/gnu_arm/4.8_2013q4/bin/../lib/gcc/arm-none-eabi/4.8.3/../../../../arm-none-eabi/lib/armv7-m\libc_s.a(lib_a-findfp.o)
 .text.__sfmoreglue
                0x0000afd4       0x2c c:/siliconlabs/simplicitystudio/v3/developer/toolchains/gnu_arm/4.8_2013q4/bin/../lib/gcc/arm-none-eabi/4.8.3/../../../../arm-none-eabi/lib/armv7-m\libc_s.a(lib_a-findfp.o)
                0x0000afd4                __sfmoreglue
 .text.__sinit  0x0000b000       0x60 c:/siliconlabs/simplicitystudio/v3/developer/toolchains/gnu_arm/4.8_2013q4/bin/../lib/gcc/arm-none-eabi/4.8.3/../../../../arm-none-eabi/lib/armv7-m\libc_s.a(lib_a-findfp.o)
                0x0000b000                __sinit
 .text.__sfp    0x0000b060       0x74 c:/siliconlabs/simplicitystudio/v3/developer/toolchains/gnu_arm/4.8_2013q4/bin/../lib/gcc/arm-none-eabi/4.8.3/../../../../arm-none-eabi/lib/armv7-m\libc_s.a(lib_a-findfp.o)
                0x0000b060                __sfp
 .text.__libc_init_array
                0x0000b0d4       0x4c c:/siliconlabs/simplicitystudio/v3/developer/toolchains/gnu_arm/4.8_2013q4/bin/../lib/gcc/arm-none-eabi/4.8.3/../../../../arm-none-eabi/lib/armv7-m\libc_s.a(lib_a-init.o)
                0x0000b0d4                __libc_init_array
 .text.memcpy   0x0000b120       0x12 c:/siliconlabs/simplicitystudio/v3/developer/toolchains/gnu_arm/4.8_2013q4/bin/../lib/gcc/arm-none-eabi/4.8.3/../../../../arm-none-eabi/lib/armv7-m\libc_s.a(lib_a-memcpy-stub.o)
                0x0000b120                memcpy
 .text.memset   0x0000b132       0x10 c:/siliconlabs/simplicitystudio/v3/developer/toolchains/gnu_arm/4.8_2013q4/bin/../lib/gcc/arm-none-eabi/4.8.3/../../../../arm-none-eabi/lib/armv7-m\libc_s.a(lib_a-memset.o)
                0x0000b132                memset
 *fill*         0x0000b142        0x2 
 .text._malloc_r
                0x0000b144       0xa8 c:/siliconlabs/simplicitystudio/v3/developer/toolchains/gnu_arm/4.8_2013q4/bin/../lib/gcc/arm-none-eabi/4.8.3/../../../../arm-none-eabi/lib/armv7-m\libc_s.a(lib_a-nano-mallocr.o)
                0x0000b144                _malloc_r
 .text.printf   0x0000b1ec       0x30 c:/siliconlabs/simplicitystudio/v3/developer/toolchains/gnu_arm/4.8_2013q4/bin/../lib/gcc/arm-none-eabi/4.8.3/../../../../arm-none-eabi/lib/armv7-m\libc_s.a(lib_a-printf.o)
                0x0000b1ec                iprintf
                0x0000b1ec                printf
 .text.putchar  0x0000b21c       0x28 c:/siliconlabs/simplicitystudio/v3/developer/toolchains/gnu_arm/4.8_2013q4/bin/../lib/gcc/arm-none-eabi/4.8.3/../../../../arm-none-eabi/lib/armv7-m\libc_s.a(lib_a-putchar.o)
                0x0000b21c                putchar
 .text._sbrk_r  0x0000b244       0x20 c:/siliconlabs/simplicitystudio/v3/developer/toolchains/gnu_arm/4.8_2013q4/bin/../lib/gcc/arm-none-eabi/4.8.3/../../../../arm-none-eabi/lib/armv7-m\libc_s.a(lib_a-sbrkr.o)
                0x0000b244                _sbrk_r
 .text.setvbuf  0x0000b264      0x110 c:/siliconlabs/simplicitystudio/v3/developer/toolchains/gnu_arm/4.8_2013q4/bin/../lib/gcc/arm-none-eabi/4.8.3/../../../../arm-none-eabi/lib/armv7-m\libc_s.a(lib_a-setvbuf.o)
                0x0000b264                setvbuf
 .text.__sread  0x0000b374       0x22 c:/siliconlabs/simplicitystudio/v3/developer/toolchains/gnu_arm/4.8_2013q4/bin/../lib/gcc/arm-none-eabi/4.8.3/../../../../arm-none-eabi/lib/armv7-m\libc_s.a(lib_a-stdio.o)
                0x0000b374                __sread
 .text.__swrite
                0x0000b396       0x38 c:/siliconlabs/simplicitystudio/v3/developer/toolchains/gnu_arm/4.8_2013q4/bin/../lib/gcc/arm-none-eabi/4.8.3/../../../../arm-none-eabi/lib/armv7-m\libc_s.a(lib_a-stdio.o)
                0x0000b396                __swrite
 .text.__sseek  0x0000b3ce       0x24 c:/siliconlabs/simplicitystudio/v3/developer/toolchains/gnu_arm/4.8_2013q4/bin/../lib/gcc/arm-none-eabi/4.8.3/../../../../arm-none-eabi/lib/armv7-m\libc_s.a(lib_a-stdio.o)
                0x0000b3ce                __sseek
 .text.__sclose
                0x0000b3f2        0x8 c:/siliconlabs/simplicitystudio/v3/developer/toolchains/gnu_arm/4.8_2013q4/bin/../lib/gcc/arm-none-eabi/4.8.3/../../../../arm-none-eabi/lib/armv7-m\libc_s.a(lib_a-stdio.o)
                0x0000b3f2                __sclose
 .text.strlen   0x0000b3fa       0x10 c:/siliconlabs/simplicitystudio/v3/developer/toolchains/gnu_arm/4.8_2013q4/bin/../lib/gcc/arm-none-eabi/4.8.3/../../../../arm-none-eabi/lib/armv7-m\libc_s.a(lib_a-strlen.o)
                0x0000b3fa                strlen
 .text.__sfputc_r
                0x0000b40a       0x2c c:/siliconlabs/simplicitystudio/v3/developer/toolchains/gnu_arm/4.8_2013q4/bin/../lib/gcc/arm-none-eabi/4.8.3/../../../../arm-none-eabi/lib/armv7-m\libc_s.a(lib_a-vfprintf.o)
 .text.__sfputs_r
                0x0000b436       0x24 c:/siliconlabs/simplicitystudio/v3/developer/toolchains/gnu_arm/4.8_2013q4/bin/../lib/gcc/arm-none-eabi/4.8.3/../../../../arm-none-eabi/lib/armv7-m\libc_s.a(lib_a-vfprintf.o)
                0x0000b436                __sfputs_r
 *fill*         0x0000b45a        0x2 
 .text._vfprintf_r
                0x0000b45c      0x208 c:/siliconlabs/simplicitystudio/v3/developer/toolchains/gnu_arm/4.8_2013q4/bin/../lib/gcc/arm-none-eabi/4.8.3/../../../../arm-none-eabi/lib/armv7-m\libc_s.a(lib_a-vfprintf.o)
                0x0000b45c                _vfprintf_r
                0x0000b45c                _vfiprintf_r
 .text._printf_common
                0x0000b664       0xe4 c:/siliconlabs/simplicitystudio/v3/developer/toolchains/gnu_arm/4.8_2013q4/bin/../lib/gcc/arm-none-eabi/4.8.3/../../../../arm-none-eabi/lib/armv7-m\libc_s.a(lib_a-vfprintf_i.o)
                0x0000b664                _printf_common
 .text._printf_i
                0x0000b748      0x228 c:/siliconlabs/simplicitystudio/v3/developer/toolchains/gnu_arm/4.8_2013q4/bin/../lib/gcc/arm-none-eabi/4.8.3/../../../../arm-none-eabi/lib/armv7-m\libc_s.a(lib_a-vfprintf_i.o)
                0x0000b748                _printf_i
 .text.__swbuf_r
                0x0000b970       0xa8 c:/siliconlabs/simplicitystudio/v3/developer/toolchains/gnu_arm/4.8_2013q4/bin/../lib/gcc/arm-none-eabi/4.8.3/../../../../arm-none-eabi/lib/armv7-m\libc_s.a(lib_a-wbuf.o)
                0x0000b970                __swbuf_r
 .text._write_r
                0x0000ba18       0x24 c:/siliconlabs/simplicitystudio/v3/developer/toolchains/gnu_arm/4.8_2013q4/bin/../lib/gcc/arm-none-eabi/4.8.3/../../../../arm-none-eabi/lib/armv7-m\libc_s.a(lib_a-writer.o)
                0x0000ba18                _write_r
 .text.__swsetup_r
                0x0000ba3c       0xdc c:/siliconlabs/simplicitystudio/v3/developer/toolchains/gnu_arm/4.8_2013q4/bin/../lib/gcc/arm-none-eabi/4.8.3/../../../../arm-none-eabi/lib/armv7-m\libc_s.a(lib_a-wsetup.o)
                0x0000ba3c                __swsetup_r
 .text._close_r
                0x0000bb18       0x20 c:/siliconlabs/simplicitystudio/v3/developer/toolchains/gnu_arm/4.8_2013q4/bin/../lib/gcc/arm-none-eabi/4.8.3/../../../../arm-none-eabi/lib/armv7-m\libc_s.a(lib_a-closer.o)
                0x0000bb18                _close_r
 .text.__sflush_r
                0x0000bb38      0x106 c:/siliconlabs/simplicitystudio/v3/developer/toolchains/gnu_arm/4.8_2013q4/bin/../lib/gcc/arm-none-eabi/4.8.3/../../../../arm-none-eabi/lib/armv7-m\libc_s.a(lib_a-fflush.o)
                0x0000bb38                __sflush_r
 *fill*         0x0000bc3e        0x2 
 .text._fflush_r
                0x0000bc40       0x54 c:/siliconlabs/simplicitystudio/v3/developer/toolchains/gnu_arm/4.8_2013q4/bin/../lib/gcc/arm-none-eabi/4.8.3/../../../../arm-none-eabi/lib/armv7-m\libc_s.a(lib_a-fflush.o)
                0x0000bc40                _fflush_r
 .text._lseek_r
                0x0000bc94       0x24 c:/siliconlabs/simplicitystudio/v3/developer/toolchains/gnu_arm/4.8_2013q4/bin/../lib/gcc/arm-none-eabi/4.8.3/../../../../arm-none-eabi/lib/armv7-m\libc_s.a(lib_a-lseekr.o)
                0x0000bc94                _lseek_r
 .text.__smakebuf_r
                0x0000bcb8       0x98 c:/siliconlabs/simplicitystudio/v3/developer/toolchains/gnu_arm/4.8_2013q4/bin/../lib/gcc/arm-none-eabi/4.8.3/../../../../arm-none-eabi/lib/armv7-m\libc_s.a(lib_a-makebuf.o)
                0x0000bcb8                __smakebuf_r
 .text.malloc   0x0000bd50       0x10 c:/siliconlabs/simplicitystudio/v3/developer/toolchains/gnu_arm/4.8_2013q4/bin/../lib/gcc/arm-none-eabi/4.8.3/../../../../arm-none-eabi/lib/armv7-m\libc_s.a(lib_a-malloc.o)
                0x0000bd50                malloc
 .text.memchr   0x0000bd60       0x1c c:/siliconlabs/simplicitystudio/v3/developer/toolchains/gnu_arm/4.8_2013q4/bin/../lib/gcc/arm-none-eabi/4.8.3/../../../../arm-none-eabi/lib/armv7-m\libc_s.a(lib_a-memchr-stub.o)
                0x0000bd60                memchr
 .text._free_r  0x0000bd7c       0x88 c:/siliconlabs/simplicitystudio/v3/developer/toolchains/gnu_arm/4.8_2013q4/bin/../lib/gcc/arm-none-eabi/4.8.3/../../../../arm-none-eabi/lib/armv7-m\libc_s.a(lib_a-nano-freer.o)
                0x0000bd7c                _free_r
 .text._putc_r  0x0000be04       0x78 c:/siliconlabs/simplicitystudio/v3/developer/toolchains/gnu_arm/4.8_2013q4/bin/../lib/gcc/arm-none-eabi/4.8.3/../../../../arm-none-eabi/lib/armv7-m\libc_s.a(lib_a-putc.o)
                0x0000be04                _putc_r
 .text._read_r  0x0000be7c       0x24 c:/siliconlabs/simplicitystudio/v3/developer/toolchains/gnu_arm/4.8_2013q4/bin/../lib/gcc/arm-none-eabi/4.8.3/../../../../arm-none-eabi/lib/armv7-m\libc_s.a(lib_a-readr.o)
                0x0000be7c                _read_r
 .text._fstat_r
                0x0000bea0       0x24 c:/siliconlabs/simplicitystudio/v3/developer/toolchains/gnu_arm/4.8_2013q4/bin/../lib/gcc/arm-none-eabi/4.8.3/../../../../arm-none-eabi/lib/armv7-m\libc_s.a(lib_a-fstatr.o)
                0x0000bea0                _fstat_r
 .text._isatty_r
                0x0000bec4       0x20 c:/siliconlabs/simplicitystudio/v3/developer/toolchains/gnu_arm/4.8_2013q4/bin/../lib/gcc/arm-none-eabi/4.8.3/../../../../arm-none-eabi/lib/armv7-m\libc_s.a(lib_a-isattyr.o)
                0x0000bec4                _isatty_r
 *(.init)
 .init          0x0000bee4        0x4 c:/siliconlabs/simplicitystudio/v3/developer/toolchains/gnu_arm/4.8_2013q4/bin/../lib/gcc/arm-none-eabi/4.8.3/armv7-m/crti.o
                0x0000bee4                _init
 .init          0x0000bee8        0x8 c:/siliconlabs/simplicitystudio/v3/developer/toolchains/gnu_arm/4.8_2013q4/bin/../lib/gcc/arm-none-eabi/4.8.3/armv7-m/crtn.o
 *(.fini)
 .fini          0x0000bef0        0x4 c:/siliconlabs/simplicitystudio/v3/developer/toolchains/gnu_arm/4.8_2013q4/bin/../lib/gcc/arm-none-eabi/4.8.3/armv7-m/crti.o
                0x0000bef0                _fini
 .fini          0x0000bef4        0x8 c:/siliconlabs/simplicitystudio/v3/developer/toolchains/gnu_arm/4.8_2013q4/bin/../lib/gcc/arm-none-eabi/4.8.3/armv7-m/crtn.o
 *fill*         0x0000befc        0x4 
 .fini.__stub   0x0000bf00       0x20 linker stubs
 *crtbegin.o(.ctors)
 *crtbegin?.o(.ctors)
 *(EXCLUDE_FILE(*crtend.o *crtend?.o) .ctors)
 *(SORT(.ctors.*))
 *(.ctors)
 *crtbegin.o(.dtors)
 *crtbegin?.o(.dtors)
 *(EXCLUDE_FILE(*crtend.o *crtend?.o) .dtors)
 *(SORT(.dtors.*))
 *(.dtors)
 *(.rodata*)
 .rodata.gl_adjustable_params
                0x0000bf20        0x4 ./src/adjustable_params.o
                0x0000bf20                gl_adjustable_params
 .rodata        0x0000bf24       0x58 ./src/config.o
 .rodata.str1.4
                0x0000bf7c      0x212 ./src/config.o
                                0x214 (size before relaxing)
 *fill*         0x0000c18e        0x2 
 .rodata        0x0000c190        0x8 ./src/dust_com.o
 .rodata.sendto_template.6931
                0x0000c198       0x18 ./src/dust_com.o
 .rodata.str1.4
                0x0000c1b0      0x29c ./src/dust_com.o
 .rodata.fcstab
                0x0000c44c      0x200 ./src/fcs.o
 .rodata.str1.4
                0x0000c64c      0x13b ./src/flash.o
                                0x14c (size before relaxing)
 *fill*         0x0000c787        0x1 
 .rodata.str1.4
                0x0000c788      0x27e ./src/process.o
                                0x280 (size before relaxing)
 *fill*         0x0000ca06        0x2 
 .rodata        0x0000ca08       0x14 ./src/wait_burtc.o
 .rodata.CSWTCH.8
                0x0000ca1c       0x3c ./emlib/em_ebi.o
 .rodata.heaperr.6217
                0x0000ca58       0x1c ./Drivers/retargetio.o
 .rodata        0x0000ca74       0x50 ./BSP/bsp_stk.o
 .rodata.str1.4
                0x0000cac4        0x4 c:/siliconlabs/simplicitystudio/v3/developer/toolchains/gnu_arm/4.8_2013q4/bin/../lib/gcc/arm-none-eabi/4.8.3/../../../../arm-none-eabi/lib/armv7-m\libm.a(lib_a-w_pow.o)
 .rodata.str1.4
                0x0000cac8        0x5 c:/siliconlabs/simplicitystudio/v3/developer/toolchains/gnu_arm/4.8_2013q4/bin/../lib/gcc/arm-none-eabi/4.8.3/../../../../arm-none-eabi/lib/armv7-m\libm.a(lib_a-w_sqrt.o)
                                  0x8 (size before relaxing)
 *fill*         0x0000cacd        0x3 
 .rodata.dp_h   0x0000cad0       0x10 c:/siliconlabs/simplicitystudio/v3/developer/toolchains/gnu_arm/4.8_2013q4/bin/../lib/gcc/arm-none-eabi/4.8.3/../../../../arm-none-eabi/lib/armv7-m\libm.a(lib_a-e_pow.o)
 .rodata.dp_l   0x0000cae0       0x10 c:/siliconlabs/simplicitystudio/v3/developer/toolchains/gnu_arm/4.8_2013q4/bin/../lib/gcc/arm-none-eabi/4.8.3/../../../../arm-none-eabi/lib/armv7-m\libm.a(lib_a-e_pow.o)
 .rodata.bp     0x0000caf0       0x10 c:/siliconlabs/simplicitystudio/v3/developer/toolchains/gnu_arm/4.8_2013q4/bin/../lib/gcc/arm-none-eabi/4.8.3/../../../../arm-none-eabi/lib/armv7-m\libm.a(lib_a-e_pow.o)
 .rodata.str1.4
                0x00000000        0x5 c:/siliconlabs/simplicitystudio/v3/developer/toolchains/gnu_arm/4.8_2013q4/bin/../lib/gcc/arm-none-eabi/4.8.3/../../../../arm-none-eabi/lib/armv7-m\libm.a(lib_a-e_pow.o)
                                  0x4 (size before relaxing)
 .rodata.TWO52  0x0000cb00       0x10 c:/siliconlabs/simplicitystudio/v3/developer/toolchains/gnu_arm/4.8_2013q4/bin/../lib/gcc/arm-none-eabi/4.8.3/../../../../arm-none-eabi/lib/armv7-m\libm.a(lib_a-s_rint.o)
 .rodata.str1.4
                0x0000cb10       0x29 ./src/aux_data.o
                                 0x2c (size before relaxing)
 *fill*         0x0000cb39        0x3 
 .rodata.descCfgWr
                0x0000cb3c        0x8 ./src/nandflash_W29N01HV.o
 .rodata.chnCfg
                0x0000cb44        0xc ./src/nandflash_W29N01HV.o
 .rodata.str1.4
                0x0000cb50       0x53 ./src/nandflash_W29N01HV.o
                                 0x54 (size before relaxing)
 *fill*         0x0000cba3        0x1 
 .rodata.dmaInit
                0x0000cba4        0x8 ./src/nandflash_W29N01HV.o
 .rodata.descCfgRd
                0x0000cbac        0x8 ./src/nandflash_W29N01HV.o
 .rodata        0x0000cbb4        0x8 ./src/rmad.o
 .rodata.str1.4
                0x0000cbbc      0x118 ./src/rmad.o
                                0x11c (size before relaxing)
 .rodata        0x0000ccd4       0x18 ./Drivers/retargetserial.o
 .rodata.__sf_fake_stdin
                0x0000ccec       0x20 c:/siliconlabs/simplicitystudio/v3/developer/toolchains/gnu_arm/4.8_2013q4/bin/../lib/gcc/arm-none-eabi/4.8.3/../../../../arm-none-eabi/lib/armv7-m\libc_s.a(lib_a-findfp.o)
                0x0000ccec                __sf_fake_stdin
 .rodata.__sf_fake_stdout
                0x0000cd0c       0x20 c:/siliconlabs/simplicitystudio/v3/developer/toolchains/gnu_arm/4.8_2013q4/bin/../lib/gcc/arm-none-eabi/4.8.3/../../../../arm-none-eabi/lib/armv7-m\libc_s.a(lib_a-findfp.o)
                0x0000cd0c                __sf_fake_stdout
 .rodata.__sf_fake_stderr
                0x0000cd2c       0x20 c:/siliconlabs/simplicitystudio/v3/developer/toolchains/gnu_arm/4.8_2013q4/bin/../lib/gcc/arm-none-eabi/4.8.3/../../../../arm-none-eabi/lib/armv7-m\libc_s.a(lib_a-findfp.o)
                0x0000cd2c                __sf_fake_stderr
 .rodata.str1.1
                0x0000cd4c        0x2 c:/siliconlabs/simplicitystudio/v3/developer/toolchains/gnu_arm/4.8_2013q4/bin/../lib/gcc/arm-none-eabi/4.8.3/../../../../arm-none-eabi/lib/armv7-m\libc_s.a(lib_a-impure.o)
 *fill*         0x0000cd4e        0x2 
 .rodata._global_impure_ptr
                0x0000cd50        0x4 c:/siliconlabs/simplicitystudio/v3/developer/toolchains/gnu_arm/4.8_2013q4/bin/../lib/gcc/arm-none-eabi/4.8.3/../../../../arm-none-eabi/lib/armv7-m\libc_s.a(lib_a-impure.o)
                0x0000cd50                _global_impure_ptr
 .rodata.str1.1
                0x0000cd54       0x11 c:/siliconlabs/simplicitystudio/v3/developer/toolchains/gnu_arm/4.8_2013q4/bin/../lib/gcc/arm-none-eabi/4.8.3/../../../../arm-none-eabi/lib/armv7-m\libc_s.a(lib_a-vfprintf.o)
 .rodata.str1.1
                0x0000cd65       0x22 c:/siliconlabs/simplicitystudio/v3/developer/toolchains/gnu_arm/4.8_2013q4/bin/../lib/gcc/arm-none-eabi/4.8.3/../../../../arm-none-eabi/lib/armv7-m\libc_s.a(lib_a-vfprintf_i.o)
 *(.eh_frame*)
 *fill*         0x0000cd87        0x1 
 .eh_frame      0x0000cd88        0x0 c:/siliconlabs/simplicitystudio/v3/developer/toolchains/gnu_arm/4.8_2013q4/bin/../lib/gcc/arm-none-eabi/4.8.3/armv7-m/crtbegin.o
 .eh_frame      0x0000cd88        0x4 c:/siliconlabs/simplicitystudio/v3/developer/toolchains/gnu_arm/4.8_2013q4/bin/../lib/gcc/arm-none-eabi/4.8.3/armv7-m/crtend.o

.glue_7         0x0000cd8c        0x0
 .glue_7        0x00000000        0x0 linker stubs

.glue_7t        0x0000cd8c        0x0
 .glue_7t       0x00000000        0x0 linker stubs

.vfp11_veneer   0x0000cd8c        0x0
 .vfp11_veneer  0x00000000        0x0 linker stubs

.v4_bx          0x0000cd8c        0x0
 .v4_bx         0x00000000        0x0 linker stubs

.iplt           0x0000cd8c        0x0
 .iplt          0x00000000        0x0 c:/siliconlabs/simplicitystudio/v3/developer/toolchains/gnu_arm/4.8_2013q4/bin/../lib/gcc/arm-none-eabi/4.8.3/armv7-m/crtbegin.o

.ARM.extab
 *(.ARM.extab* .gnu.linkonce.armextab.*)
                0x0000cd8c                __exidx_start = .

.ARM.exidx      0x0000cd8c        0x8
 *(.ARM.exidx* .gnu.linkonce.armexidx.*)
 .ARM.exidx     0x0000cd8c        0x8 c:/siliconlabs/simplicitystudio/v3/developer/toolchains/gnu_arm/4.8_2013q4/bin/../lib/gcc/arm-none-eabi/4.8.3/../../../../arm-none-eabi/lib/armv7-m/crt0.o
 .ARM.exidx     0x0000cd94        0x0 c:/siliconlabs/simplicitystudio/v3/developer/toolchains/gnu_arm/4.8_2013q4/bin/../lib/gcc/arm-none-eabi/4.8.3/armv7-m\libgcc.a(_divdi3.o)
                                  0x8 (size before relaxing)
 .ARM.exidx     0x0000cd94        0x0 c:/siliconlabs/simplicitystudio/v3/developer/toolchains/gnu_arm/4.8_2013q4/bin/../lib/gcc/arm-none-eabi/4.8.3/armv7-m\libgcc.a(_udivdi3.o)
                                  0x8 (size before relaxing)
                0x0000cd94                __exidx_end = .
                0x0000cd94                __etext = .

.rel.dyn        0x0000cd94        0x0
 .rel.iplt      0x00000000        0x0 c:/siliconlabs/simplicitystudio/v3/developer/toolchains/gnu_arm/4.8_2013q4/bin/../lib/gcc/arm-none-eabi/4.8.3/armv7-m/crtbegin.o

.data           0x20000000      0x76c load address 0x0000cd94
                0x20000000                __data_start__ = .
 *(vtable)
 *(.data*)
 .data.gl_flash_adjustable_params
                0x20000000        0x4 ./src/adjustable_params.o
                0x20000000                gl_flash_adjustable_params
 .data.gl_adjustable_params_ext
                0x20000004       0x40 ./src/adjustable_params.o
 .data.gl_flash_adjustable_params_ext
                0x20000044        0x4 ./src/adjustable_params.o
                0x20000044                gl_flash_adjustable_params_ext
 .data.charging_enable
                0x20000048        0x1 ./src/config.o
                0x20000048                charging_enable
 .data.gl_packet_ID
                0x20000049        0x1 ./src/dust_com.o
 *fill*         0x2000004a        0x2 
 .data.gl_socket_id
                0x2000004c        0x4 ./src/dust_com.o
                0x2000004c                gl_socket_id
 .data.gl_packet_to_master_seq_num
                0x20000050        0x2 ./src/dust_com.o
 .data.gl_sync  0x20000052        0x1 ./src/dust_com.o
 .data.first_call.6750
                0x20000053        0x1 ./src/flash.o
 .data.gl_next_page_in_block_to_use
                0x20000054        0x4 ./src/process.o
 .data.gl_prev_sps
                0x20000058        0x4 ./src/process.o
 .data.SystemLFXOClock
                0x2000005c        0x4 ./CMSIS/efm32gg/system_efm32gg.o
 .data.SystemHFXOClock
                0x20000060        0x4 ./CMSIS/efm32gg/system_efm32gg.o
 .data.__fdlib_version
                0x20000064        0x1 c:/siliconlabs/simplicitystudio/v3/developer/toolchains/gnu_arm/4.8_2013q4/bin/../lib/gcc/arm-none-eabi/4.8.3/../../../../arm-none-eabi/lib/armv7-m\libm.a(lib_a-s_lib_ver.o)
                0x20000064                __fdlib_version
 *fill*         0x20000065        0x3 
 .data.charging
                0x20000068        0x4 ./src/aux_data.o
 .data.adc_ch_list_preamp_off
                0x2000006c        0x4 ./src/aux_data.o
                0x2000006c                adc_ch_list_preamp_off
 .data.adc_ch_list_system
                0x20000070        0x4 ./src/aux_data.o
                0x20000070                adc_ch_list_system
 .data.gl_debug_on_UART1
                0x20000074        0x1 ./src/rmad.o
                0x20000074                gl_debug_on_UART1
 *fill*         0x20000075        0x3 
 .data.gl_prev_received_packet_id
                0x20000078        0x4 ./src/rmad.o
 .data.gl_sleep_mode_recording
                0x2000007c        0x4 ./src/rmad.o
                0x2000007c                gl_sleep_mode_recording
 .data.gl_sleep_mode_uart
                0x20000080        0x4 ./src/rmad.o
 .data.impure_data
                0x20000084       0x60 c:/siliconlabs/simplicitystudio/v3/developer/toolchains/gnu_arm/4.8_2013q4/bin/../lib/gcc/arm-none-eabi/4.8.3/../../../../arm-none-eabi/lib/armv7-m\libc_s.a(lib_a-impure.o)
 .data._impure_ptr
                0x200000e4        0x4 c:/siliconlabs/simplicitystudio/v3/developer/toolchains/gnu_arm/4.8_2013q4/bin/../lib/gcc/arm-none-eabi/4.8.3/../../../../arm-none-eabi/lib/armv7-m\libc_s.a(lib_a-impure.o)
                0x200000e4                _impure_ptr
                0x200000e8                . = ALIGN (0x4)
 *(.ram)
 .ram           0x200000e8      0x67c ./emlib/em_msc.o
                0x200000e8                mscRfAssertEFM
                0x200000ec                mscRfIntDisable
                0x20000100                mscRfIntEnable
                0x20000114                MSC_LoadVerifyAddress
                0x20000160                MSC_LoadWriteData
                0x200002c8                MSC_WriteWordI
                0x2000037c                MSC_ErasePage
                0x200003f0                MSC_WriteWord
                0x2000056c                MSC_WriteWordFast
                0x2000072c                MSC_MassErase
                0x20000764                . = ALIGN (0x4)
                0x20000764                PROVIDE (__preinit_array_start, .)
 *(.preinit_array)
                0x20000764                PROVIDE (__preinit_array_end, .)
                0x20000764                . = ALIGN (0x4)
                0x20000764                PROVIDE (__init_array_start, .)
 *(SORT(.init_array.*))
 *(.init_array)
 .init_array    0x20000764        0x4 c:/siliconlabs/simplicitystudio/v3/developer/toolchains/gnu_arm/4.8_2013q4/bin/../lib/gcc/arm-none-eabi/4.8.3/armv7-m/crtbegin.o
                0x20000768                PROVIDE (__init_array_end, .)
                0x20000768                . = ALIGN (0x4)
                0x20000768                PROVIDE (__fini_array_start, .)
 *(SORT(.fini_array.*))
 *(.fini_array)
 .fini_array    0x20000768        0x4 c:/siliconlabs/simplicitystudio/v3/developer/toolchains/gnu_arm/4.8_2013q4/bin/../lib/gcc/arm-none-eabi/4.8.3/armv7-m/crtbegin.o
                0x2000076c                PROVIDE (__fini_array_end, .)
                0x2000076c                . = ALIGN (0x4)
                0x2000076c                __data_end__ = .

.jcr            0x2000076c        0x0 load address 0x0000d500
 .jcr           0x2000076c        0x0 c:/siliconlabs/simplicitystudio/v3/developer/toolchains/gnu_arm/4.8_2013q4/bin/../lib/gcc/arm-none-eabi/4.8.3/armv7-m/crtbegin.o

.igot.plt       0x2000076c        0x0 load address 0x0000d500
 .igot.plt      0x00000000        0x0 c:/siliconlabs/simplicitystudio/v3/developer/toolchains/gnu_arm/4.8_2013q4/bin/../lib/gcc/arm-none-eabi/4.8.3/armv7-m/crtbegin.o

.bss            0x20000800    0x1a220 load address 0x0000d600
                0x20000800                __bss_start__ = .
 *(.bss*)
 .bss           0x20000800       0x1c c:/siliconlabs/simplicitystudio/v3/developer/toolchains/gnu_arm/4.8_2013q4/bin/../lib/gcc/arm-none-eabi/4.8.3/armv7-m/crtbegin.o
 .bss.fastcharge
                0x2000081c        0x4 ./src/config.o
                0x2000081c                fastcharge
 .bss.static_seq_num.6906
                0x20000820        0x2 ./src/dust_com.o
 .bss.gl_mote_online_check
                0x20000822        0x1 ./src/dust_com.o
                0x20000822                gl_mote_online_check
 .bss.gl_dont_wait_for_acks
                0x20000823        0x1 ./src/dust_com.o
                0x20000823                gl_dont_wait_for_acks
 .bss.gl_next_block_to_use
                0x20000824        0x4 ./src/flash.o
 .bss.block.6748
                0x20000828     0x4000 ./src/flash.o
 .bss.is_written_to.6749
                0x20004828       0x40 ./src/flash.o
 .bss.rtcDelayComplete
                0x20004868        0x1 ./src/ngi_rtcdrv.o
 .bss.rtcInitialized
                0x20004869        0x1 ./src/ngi_rtcdrv.o
 *fill*         0x2000486a        0x2 
 .bss.rtcCounter
                0x2000486c        0x4 ./src/ngi_rtcdrv.o
 .bss.rtcFreq   0x20004870        0x4 ./src/ngi_rtcdrv.o
 .bss.rtcCb     0x20004874        0x4 ./src/ngi_rtcdrv.o
 .bss.gl_packet_buf
                0x20004878      0xb48 ./src/packet.o
 .bss.gl_packet_seq_num_at_last_sent_command
                0x200053c0        0x8 ./src/packet.o
 .bss.gl_packet_last_sent_command
                0x200053c8       0x80 ./src/packet.o
 .bss.min       0x20005448        0x4 ./src/process.o
 .bss.max       0x2000544c        0x4 ./src/process.o
 .bss.gl_last_timestamp
                0x20005450        0xc ./src/process.o
 .bss.minsample
                0x2000545c        0x4 ./src/process.o
 .bss.sample_mean
                0x20005460        0x4 ./src/process.o
 *fill*         0x20005464        0x4 
 .bss.gl_rrb    0x20005468     0xb470 ./src/process.o
                0x20005468                gl_rrb
 .bss.maxsample
                0x200108d8        0x4 ./src/process.o
 .bss.gl_latest_flash_id
                0x200108dc        0x2 ./src/process.o
 *fill*         0x200108de        0x2 
 .bss.burtc_counter
                0x200108e0        0x4 ./src/wait_burtc.o
 .bss.burtc_initialized
                0x200108e4        0x1 ./src/wait_burtc.o
 .bss.burtc_delay_complete
                0x200108e5        0x1 ./src/wait_burtc.o
 *fill*         0x200108e6        0x2 
 .bss.cmuStatus
                0x200108e8        0x4 ./emlib/em_emu.o
 .bss.INT_LockCnt
                0x200108ec        0x4 ./emlib/em_int.o
                0x200108ec                INT_LockCnt
 .bss.heap_end.6215
                0x200108f0        0x4 ./Drivers/retargetio.o
 .bss.aux_scan  0x200108f4        0x4 ./src/aux_data.o
 .bss.sum_offset_a
                0x200108f8        0x8 ./src/aux_data.o
 .bss.sum_offset_b
                0x20010900        0x8 ./src/aux_data.o
 .bss.adc_ch_list_preamp_on
                0x20010908        0x0 ./src/aux_data.o
                0x20010908                adc_ch_list_preamp_on
 .bss.aux_scan_sample_a
                0x20010908      0x640 ./src/aux_data.o
 .bss.aux_scan_sample_b
                0x20010f48      0x640 ./src/aux_data.o
 .bss.trigg0_status
                0x20011588        0x4 ./src/aux_data.o
 .bss.trigg1_status
                0x2001158c        0x4 ./src/aux_data.o
 .bss.sum_a     0x20011590        0x8 ./src/aux_data.o
 .bss.sum_b     0x20011598        0x8 ./src/aux_data.o
 .bss.aux_ad_sampling_rate
                0x200115a0        0x4 ./src/aux_data.o
 .bss.aux_num_scan
                0x200115a4        0x4 ./src/aux_data.o
 .bss.sum_sqr_a
                0x200115a8        0x8 ./src/aux_data.o
 .bss.sum_sqr_b
                0x200115b0        0x8 ./src/aux_data.o
 .bss.flashInfo
                0x200115b8       0x60 ./src/nandflash_W29N01HV.o
 .bss.pNandCmd  0x20011618        0x4 ./src/nandflash_W29N01HV.o
 .bss.pNandData8
                0x2001161c        0x4 ./src/nandflash_W29N01HV.o
 .bss.pNandAddr
                0x20011620        0x4 ./src/nandflash_W29N01HV.o
 .bss.pNandData16
                0x20011624        0x4 ./src/nandflash_W29N01HV.o
 .bss.pNandData32
                0x20011628        0x4 ./src/nandflash_W29N01HV.o
 .bss.flashInitialized
                0x2001162c        0x1 ./src/nandflash_W29N01HV.o
 .bss.gl_recording_stop
                0x2001162d        0x1 ./src/rmad.o
                0x2001162d                gl_recording_stop
 .bss.gl_get_aux_data
                0x2001162e        0x1 ./src/rmad.o
                0x2001162e                gl_get_aux_data
 .bss.gl_transport_mode
                0x2001162f        0x1 ./src/rmad.o
                0x2001162f                gl_transport_mode
 .bss.aux_iteration
                0x20011630        0x4 ./src/rmad.o
                0x20011630                aux_iteration
 .bss.gl_current_sample
                0x20011634        0x4 ./src/rmad.o
 .bss.scan.8543
                0x20011638        0x4 ./src/rmad.o
 .bss.gl_RX_in  0x2001163c      0x108 ./src/rmad.o
 .bss.gl_comp_ref_64_ladder
                0x20011744        0x1 ./src/rmad.o
                0x20011744                gl_comp_ref_64_ladder
 *fill*         0x20011745        0x3 
 .bss.gl_current_scan
                0x20011748        0x4 ./src/rmad.o
 .bss.gl_RX_index
                0x2001174c        0x4 ./src/rmad.o
 .bss.gl_num_sample_skip
                0x20011750        0x4 ./src/rmad.o
 .bss.gl_recording_running
                0x20011754        0x1 ./src/rmad.o
 .bss.gl_wait_for_timestamp
                0x20011755        0x1 ./src/rmad.o
                0x20011755                gl_wait_for_timestamp
 .bss.gl_mote_sleep
                0x20011756        0x1 ./src/rmad.o
                0x20011756                gl_mote_sleep
 .bss.gl_aux_data_is_scan
                0x20011757        0x1 ./src/rmad.o
                0x20011757                gl_aux_data_is_scan
 .bss.gl_num_aux
                0x20011758        0x4 ./src/rmad.o
                0x20011758                gl_num_aux
 .bss.gl_num_samples
                0x2001175c        0x4 ./src/rmad.o
                0x2001175c                gl_num_samples
 .bss.gl_aux_data_recived
                0x20011760        0x1 ./src/rmad.o
                0x20011760                gl_aux_data_recived
 .bss.gl_event_recived
                0x20011761        0x1 ./src/rmad.o
 .bss.gl_recording_start
                0x20011762        0x1 ./src/rmad.o
 .bss.LFtoCRLF  0x20011763        0x1 ./Drivers/retargetserial.o
 .bss.rxBuffer  0x20011764        0x8 ./Drivers/retargetserial.o
 .bss.initialized
                0x2001176c        0x1 ./Drivers/retargetserial.o
 *fill*         0x2001176d        0x3 
 .bss.rxWriteIndex
                0x20011770        0x4 ./Drivers/retargetserial.o
 .bss.rxReadIndex
                0x20011774        0x4 ./Drivers/retargetserial.o
 .bss.rxCount   0x20011778        0x4 ./Drivers/retargetserial.o
 .bss.__malloc_sbrk_start
                0x2001177c        0x4 c:/siliconlabs/simplicitystudio/v3/developer/toolchains/gnu_arm/4.8_2013q4/bin/../lib/gcc/arm-none-eabi/4.8.3/../../../../arm-none-eabi/lib/armv7-m\libc_s.a(lib_a-nano-mallocr.o)
                0x2001177c                __malloc_sbrk_start
 .bss.__malloc_free_list
                0x20011780        0x4 c:/siliconlabs/simplicitystudio/v3/developer/toolchains/gnu_arm/4.8_2013q4/bin/../lib/gcc/arm-none-eabi/4.8.3/../../../../arm-none-eabi/lib/armv7-m\libc_s.a(lib_a-nano-mallocr.o)
                0x20011780                __malloc_free_list
 *(COMMON)
 *fill*         0x20011784        0x4 
 COMMON         0x20011788       0x10 ./src/config.o
                0x20011788                gl_ad_sampling_rate
                0x20011790                gl_ad_scan_rate
 COMMON         0x20011798     0x9008 ./src/flash.o
                0x20011798                gl_flash_info
                0x2001179c                gl_W29N01HV_flash_info
                0x200117a0                gl_block_info
 COMMON         0x2001a7a0        0xc ./src/process.o
                0x2001a7a0                gl_timestamp
 *fill*         0x2001a7ac       0x54 
 COMMON         0x2001a800      0x200 ./Drivers/dmactrl.o
                0x2001a800                dmaControlBlock
 COMMON         0x2001aa00        0x4 ./CMSIS/efm32gg/system_efm32gg.o
                0x2001aa00                SystemCoreClock
 COMMON         0x2001aa04       0x18 ./src/aux_data.o
                0x2001aa04                aux_sample
 COMMON         0x2001aa1c        0x4 c:/siliconlabs/simplicitystudio/v3/developer/toolchains/gnu_arm/4.8_2013q4/bin/../lib/gcc/arm-none-eabi/4.8.3/../../../../arm-none-eabi/lib/armv7-m\libc_s.a(lib_a-reent.o)
                0x2001aa1c                errno
                0x2001aa20                __bss_end__ = .

.heap           0x2001aa20      0xc00
                0x2001aa20                __end__ = .
                0x2001aa20                end = __end__
                0x2001aa20                _end = __end__
 *(.heap*)
 .heap          0x2001aa20      0xc00 ./CMSIS/efm32gg/startup_gcc_efm32gg.o
                0x2001aa20                __HeapBase
                0x2001b620                __HeapLimit = .

.stack_dummy    0x2001aa20      0x400
 *(.stack)
 .stack         0x2001aa20      0x400 ./CMSIS/efm32gg/startup_gcc_efm32gg.o
                0x20020000                __StackTop = (ORIGIN (RAM) + 0x20000)
                0x2001fc00                __StackLimit = (__StackTop - SIZEOF (.stack_dummy))
                0x20020000                PROVIDE (__stack, __StackTop)
                0x00000001                ASSERT ((__StackLimit >= __HeapLimit), region RAM overflowed with stack)
                0x00000001                ASSERT ((0x100000 >= (__etext + SIZEOF (.data))), FLASH memory overflowed !)
OUTPUT(RMAD-edge.axf elf32-littlearm)

.ARM.attributes
                0x00000000       0x29
 .ARM.attributes
                0x00000000       0x1d c:/siliconlabs/simplicitystudio/v3/developer/toolchains/gnu_arm/4.8_2013q4/bin/../lib/gcc/arm-none-eabi/4.8.3/armv7-m/crti.o
 .ARM.attributes
                0x0000001d       0x2d c:/siliconlabs/simplicitystudio/v3/developer/toolchains/gnu_arm/4.8_2013q4/bin/../lib/gcc/arm-none-eabi/4.8.3/armv7-m/crtbegin.o
 .ARM.attributes
                0x0000004a       0x1b c:/siliconlabs/simplicitystudio/v3/developer/toolchains/gnu_arm/4.8_2013q4/bin/../lib/gcc/arm-none-eabi/4.8.3/../../../../arm-none-eabi/lib/armv7-m/crt0.o
 .ARM.attributes
                0x00000065       0x33 ./src/adjustable_params.o
 .ARM.attributes
                0x00000098       0x33 ./src/config.o
 .ARM.attributes
                0x000000cb       0x33 ./src/dust_com.o
 .ARM.attributes
                0x000000fe       0x33 ./src/fcs.o
 .ARM.attributes
                0x00000131       0x33 ./src/flash.o
 .ARM.attributes
                0x00000164       0x33 ./src/ngi_rtcdrv.o
 .ARM.attributes
                0x00000197       0x33 ./src/packet.o
 .ARM.attributes
                0x000001ca       0x33 ./src/process.o
 .ARM.attributes
                0x000001fd       0x33 ./src/timestamp.o
 .ARM.attributes
                0x00000230       0x33 ./src/wait_burtc.o
 .ARM.attributes
                0x00000263       0x33 ./emlib/em_acmp.o
 .ARM.attributes
                0x00000296       0x33 ./emlib/em_adc.o
 .ARM.attributes
                0x000002c9       0x33 ./emlib/em_burtc.o
 .ARM.attributes
                0x000002fc       0x33 ./emlib/em_cmu.o
 .ARM.attributes
                0x0000032f       0x33 ./emlib/em_dac.o
 .ARM.attributes
                0x00000362       0x33 ./emlib/em_dma.o
 .ARM.attributes
                0x00000395       0x33 ./emlib/em_ebi.o
 .ARM.attributes
                0x000003c8       0x33 ./emlib/em_emu.o
 .ARM.attributes
                0x000003fb       0x33 ./emlib/em_gpio.o
 .ARM.attributes
                0x0000042e       0x33 ./emlib/em_int.o
 .ARM.attributes
                0x00000461       0x33 ./emlib/em_msc.o
 .ARM.attributes
                0x00000494       0x33 ./emlib/em_rmu.o
 .ARM.attributes
                0x000004c7       0x33 ./emlib/em_rtc.o
 .ARM.attributes
                0x000004fa       0x33 ./emlib/em_system.o
 .ARM.attributes
                0x0000052d       0x33 ./emlib/em_usart.o
 .ARM.attributes
                0x00000560       0x33 ./emlib/em_wdog.o
 .ARM.attributes
                0x00000593       0x33 ./Drivers/dmactrl.o
 .ARM.attributes
                0x000005c6       0x33 ./Drivers/retargetio.o
 .ARM.attributes
                0x000005f9       0x1b ./CMSIS/efm32gg/startup_gcc_efm32gg.o
 .ARM.attributes
                0x00000614       0x33 ./CMSIS/efm32gg/system_efm32gg.o
 .ARM.attributes
                0x00000647       0x33 ./BSP/bsp_stk.o
 .ARM.attributes
                0x0000067a       0x2d c:/siliconlabs/simplicitystudio/v3/developer/toolchains/gnu_arm/4.8_2013q4/bin/../lib/gcc/arm-none-eabi/4.8.3/../../../../arm-none-eabi/lib/armv7-m\libm.a(lib_a-s_ceil.o)
 .ARM.attributes
                0x000006a7       0x2d c:/siliconlabs/simplicitystudio/v3/developer/toolchains/gnu_arm/4.8_2013q4/bin/../lib/gcc/arm-none-eabi/4.8.3/../../../../arm-none-eabi/lib/armv7-m\libm.a(lib_a-s_floor.o)
 .ARM.attributes
                0x000006d4       0x2d c:/siliconlabs/simplicitystudio/v3/developer/toolchains/gnu_arm/4.8_2013q4/bin/../lib/gcc/arm-none-eabi/4.8.3/../../../../arm-none-eabi/lib/armv7-m\libm.a(lib_a-s_round.o)
 .ARM.attributes
                0x00000701       0x2d c:/siliconlabs/simplicitystudio/v3/developer/toolchains/gnu_arm/4.8_2013q4/bin/../lib/gcc/arm-none-eabi/4.8.3/../../../../arm-none-eabi/lib/armv7-m\libm.a(lib_a-w_pow.o)
 .ARM.attributes
                0x0000072e       0x2d c:/siliconlabs/simplicitystudio/v3/developer/toolchains/gnu_arm/4.8_2013q4/bin/../lib/gcc/arm-none-eabi/4.8.3/../../../../arm-none-eabi/lib/armv7-m\libm.a(lib_a-w_sqrt.o)
 .ARM.attributes
                0x0000075b       0x2d c:/siliconlabs/simplicitystudio/v3/developer/toolchains/gnu_arm/4.8_2013q4/bin/../lib/gcc/arm-none-eabi/4.8.3/../../../../arm-none-eabi/lib/armv7-m\libm.a(lib_a-e_pow.o)
 .ARM.attributes
                0x00000788       0x2d c:/siliconlabs/simplicitystudio/v3/developer/toolchains/gnu_arm/4.8_2013q4/bin/../lib/gcc/arm-none-eabi/4.8.3/../../../../arm-none-eabi/lib/armv7-m\libm.a(lib_a-e_sqrt.o)
 .ARM.attributes
                0x000007b5       0x2d c:/siliconlabs/simplicitystudio/v3/developer/toolchains/gnu_arm/4.8_2013q4/bin/../lib/gcc/arm-none-eabi/4.8.3/../../../../arm-none-eabi/lib/armv7-m\libm.a(lib_a-s_fabs.o)
 .ARM.attributes
                0x000007e2       0x2d c:/siliconlabs/simplicitystudio/v3/developer/toolchains/gnu_arm/4.8_2013q4/bin/../lib/gcc/arm-none-eabi/4.8.3/../../../../arm-none-eabi/lib/armv7-m\libm.a(lib_a-s_finite.o)
 .ARM.attributes
                0x0000080f       0x2d c:/siliconlabs/simplicitystudio/v3/developer/toolchains/gnu_arm/4.8_2013q4/bin/../lib/gcc/arm-none-eabi/4.8.3/../../../../arm-none-eabi/lib/armv7-m\libm.a(lib_a-s_fpclassify.o)
 .ARM.attributes
                0x0000083c       0x2d c:/siliconlabs/simplicitystudio/v3/developer/toolchains/gnu_arm/4.8_2013q4/bin/../lib/gcc/arm-none-eabi/4.8.3/../../../../arm-none-eabi/lib/armv7-m\libm.a(lib_a-s_lib_ver.o)
 .ARM.attributes
                0x00000869       0x2d c:/siliconlabs/simplicitystudio/v3/developer/toolchains/gnu_arm/4.8_2013q4/bin/../lib/gcc/arm-none-eabi/4.8.3/../../../../arm-none-eabi/lib/armv7-m\libm.a(lib_a-s_matherr.o)
 .ARM.attributes
                0x00000896       0x2d c:/siliconlabs/simplicitystudio/v3/developer/toolchains/gnu_arm/4.8_2013q4/bin/../lib/gcc/arm-none-eabi/4.8.3/../../../../arm-none-eabi/lib/armv7-m\libm.a(lib_a-s_nan.o)
 .ARM.attributes
                0x000008c3       0x2d c:/siliconlabs/simplicitystudio/v3/developer/toolchains/gnu_arm/4.8_2013q4/bin/../lib/gcc/arm-none-eabi/4.8.3/../../../../arm-none-eabi/lib/armv7-m\libm.a(lib_a-s_rint.o)
 .ARM.attributes
                0x000008f0       0x2d c:/siliconlabs/simplicitystudio/v3/developer/toolchains/gnu_arm/4.8_2013q4/bin/../lib/gcc/arm-none-eabi/4.8.3/../../../../arm-none-eabi/lib/armv7-m\libm.a(lib_a-s_scalbn.o)
 .ARM.attributes
                0x0000091d       0x2d c:/siliconlabs/simplicitystudio/v3/developer/toolchains/gnu_arm/4.8_2013q4/bin/../lib/gcc/arm-none-eabi/4.8.3/../../../../arm-none-eabi/lib/armv7-m\libm.a(lib_a-s_copysign.o)
 .ARM.attributes
                0x0000094a       0x33 ./src/aux_data.o
 .ARM.attributes
                0x0000097d       0x33 ./src/nandflash_W29N01HV.o
 .ARM.attributes
                0x000009b0       0x33 ./src/rmad.o
 .ARM.attributes
                0x000009e3       0x33 ./Drivers/retargetserial.o
 .ARM.attributes
                0x00000a16       0x1d c:/siliconlabs/simplicitystudio/v3/developer/toolchains/gnu_arm/4.8_2013q4/bin/../lib/gcc/arm-none-eabi/4.8.3/armv7-m\libgcc.a(_arm_addsubdf3.o)
 .ARM.attributes
                0x00000a33       0x1d c:/siliconlabs/simplicitystudio/v3/developer/toolchains/gnu_arm/4.8_2013q4/bin/../lib/gcc/arm-none-eabi/4.8.3/armv7-m\libgcc.a(_arm_muldivdf3.o)
 .ARM.attributes
                0x00000a50       0x1d c:/siliconlabs/simplicitystudio/v3/developer/toolchains/gnu_arm/4.8_2013q4/bin/../lib/gcc/arm-none-eabi/4.8.3/armv7-m\libgcc.a(_arm_cmpdf2.o)
 .ARM.attributes
                0x00000a6d       0x1d c:/siliconlabs/simplicitystudio/v3/developer/toolchains/gnu_arm/4.8_2013q4/bin/../lib/gcc/arm-none-eabi/4.8.3/armv7-m\libgcc.a(_arm_fixdfsi.o)
 .ARM.attributes
                0x00000a8a       0x1d c:/siliconlabs/simplicitystudio/v3/developer/toolchains/gnu_arm/4.8_2013q4/bin/../lib/gcc/arm-none-eabi/4.8.3/armv7-m\libgcc.a(_arm_fixunsdfsi.o)
 .ARM.attributes
                0x00000aa7       0x1d c:/siliconlabs/simplicitystudio/v3/developer/toolchains/gnu_arm/4.8_2013q4/bin/../lib/gcc/arm-none-eabi/4.8.3/armv7-m\libgcc.a(_arm_truncdfsf2.o)
 .ARM.attributes
                0x00000ac4       0x1d c:/siliconlabs/simplicitystudio/v3/developer/toolchains/gnu_arm/4.8_2013q4/bin/../lib/gcc/arm-none-eabi/4.8.3/armv7-m\libgcc.a(_arm_addsubsf3.o)
 .ARM.attributes
                0x00000ae1       0x1d c:/siliconlabs/simplicitystudio/v3/developer/toolchains/gnu_arm/4.8_2013q4/bin/../lib/gcc/arm-none-eabi/4.8.3/armv7-m\libgcc.a(_arm_muldivsf3.o)
 .ARM.attributes
                0x00000afe       0x1d c:/siliconlabs/simplicitystudio/v3/developer/toolchains/gnu_arm/4.8_2013q4/bin/../lib/gcc/arm-none-eabi/4.8.3/armv7-m\libgcc.a(_arm_cmpsf2.o)
 .ARM.attributes
                0x00000b1b       0x1d c:/siliconlabs/simplicitystudio/v3/developer/toolchains/gnu_arm/4.8_2013q4/bin/../lib/gcc/arm-none-eabi/4.8.3/armv7-m\libgcc.a(_arm_fixsfsi.o)
 .ARM.attributes
                0x00000b38       0x1d c:/siliconlabs/simplicitystudio/v3/developer/toolchains/gnu_arm/4.8_2013q4/bin/../lib/gcc/arm-none-eabi/4.8.3/armv7-m\libgcc.a(_arm_fixunssfsi.o)
 .ARM.attributes
                0x00000b55       0x1d c:/siliconlabs/simplicitystudio/v3/developer/toolchains/gnu_arm/4.8_2013q4/bin/../lib/gcc/arm-none-eabi/4.8.3/armv7-m\libgcc.a(_aeabi_uldivmod.o)
 .ARM.attributes
                0x00000b72       0x2d c:/siliconlabs/simplicitystudio/v3/developer/toolchains/gnu_arm/4.8_2013q4/bin/../lib/gcc/arm-none-eabi/4.8.3/armv7-m\libgcc.a(_fixdfdi.o)
 .ARM.attributes
                0x00000b9f       0x2d c:/siliconlabs/simplicitystudio/v3/developer/toolchains/gnu_arm/4.8_2013q4/bin/../lib/gcc/arm-none-eabi/4.8.3/armv7-m\libgcc.a(_fixunsdfdi.o)
 .ARM.attributes
                0x00000bcc       0x2d c:/siliconlabs/simplicitystudio/v3/developer/toolchains/gnu_arm/4.8_2013q4/bin/../lib/gcc/arm-none-eabi/4.8.3/armv7-m\libgcc.a(bpabi.o)
 .ARM.attributes
                0x00000bf9       0x1d c:/siliconlabs/simplicitystudio/v3/developer/toolchains/gnu_arm/4.8_2013q4/bin/../lib/gcc/arm-none-eabi/4.8.3/armv7-m\libgcc.a(_dvmd_tls.o)
 .ARM.attributes
                0x00000c16       0x2d c:/siliconlabs/simplicitystudio/v3/developer/toolchains/gnu_arm/4.8_2013q4/bin/../lib/gcc/arm-none-eabi/4.8.3/armv7-m\libgcc.a(_divdi3.o)
 .ARM.attributes
                0x00000c43       0x2d c:/siliconlabs/simplicitystudio/v3/developer/toolchains/gnu_arm/4.8_2013q4/bin/../lib/gcc/arm-none-eabi/4.8.3/armv7-m\libgcc.a(_udivdi3.o)
 .ARM.attributes
                0x00000c70       0x2d c:/siliconlabs/simplicitystudio/v3/developer/toolchains/gnu_arm/4.8_2013q4/bin/../lib/gcc/arm-none-eabi/4.8.3/../../../../arm-none-eabi/lib/armv7-m\libc_s.a(lib_a-errno.o)
 .ARM.attributes
                0x00000c9d       0x2d c:/siliconlabs/simplicitystudio/v3/developer/toolchains/gnu_arm/4.8_2013q4/bin/../lib/gcc/arm-none-eabi/4.8.3/../../../../arm-none-eabi/lib/armv7-m\libc_s.a(lib_a-exit.o)
 .ARM.attributes
                0x00000cca       0x2d c:/siliconlabs/simplicitystudio/v3/developer/toolchains/gnu_arm/4.8_2013q4/bin/../lib/gcc/arm-none-eabi/4.8.3/../../../../arm-none-eabi/lib/armv7-m\libc_s.a(lib_a-fileno.o)
 .ARM.attributes
                0x00000cf7       0x2d c:/siliconlabs/simplicitystudio/v3/developer/toolchains/gnu_arm/4.8_2013q4/bin/../lib/gcc/arm-none-eabi/4.8.3/../../../../arm-none-eabi/lib/armv7-m\libc_s.a(lib_a-findfp.o)
 .ARM.attributes
                0x00000d24       0x2d c:/siliconlabs/simplicitystudio/v3/developer/toolchains/gnu_arm/4.8_2013q4/bin/../lib/gcc/arm-none-eabi/4.8.3/../../../../arm-none-eabi/lib/armv7-m\libc_s.a(lib_a-impure.o)
 .ARM.attributes
                0x00000d51       0x2d c:/siliconlabs/simplicitystudio/v3/developer/toolchains/gnu_arm/4.8_2013q4/bin/../lib/gcc/arm-none-eabi/4.8.3/../../../../arm-none-eabi/lib/armv7-m\libc_s.a(lib_a-init.o)
 .ARM.attributes
                0x00000d7e       0x2d c:/siliconlabs/simplicitystudio/v3/developer/toolchains/gnu_arm/4.8_2013q4/bin/../lib/gcc/arm-none-eabi/4.8.3/../../../../arm-none-eabi/lib/armv7-m\libc_s.a(lib_a-memcpy-stub.o)
 .ARM.attributes
                0x00000dab       0x2d c:/siliconlabs/simplicitystudio/v3/developer/toolchains/gnu_arm/4.8_2013q4/bin/../lib/gcc/arm-none-eabi/4.8.3/../../../../arm-none-eabi/lib/armv7-m\libc_s.a(lib_a-memset.o)
 .ARM.attributes
                0x00000dd8       0x2d c:/siliconlabs/simplicitystudio/v3/developer/toolchains/gnu_arm/4.8_2013q4/bin/../lib/gcc/arm-none-eabi/4.8.3/../../../../arm-none-eabi/lib/armv7-m\libc_s.a(lib_a-nano-mallocr.o)
 .ARM.attributes
                0x00000e05       0x2d c:/siliconlabs/simplicitystudio/v3/developer/toolchains/gnu_arm/4.8_2013q4/bin/../lib/gcc/arm-none-eabi/4.8.3/../../../../arm-none-eabi/lib/armv7-m\libc_s.a(lib_a-printf.o)
 .ARM.attributes
                0x00000e32       0x2d c:/siliconlabs/simplicitystudio/v3/developer/toolchains/gnu_arm/4.8_2013q4/bin/../lib/gcc/arm-none-eabi/4.8.3/../../../../arm-none-eabi/lib/armv7-m\libc_s.a(lib_a-putchar.o)
 .ARM.attributes
                0x00000e5f       0x2d c:/siliconlabs/simplicitystudio/v3/developer/toolchains/gnu_arm/4.8_2013q4/bin/../lib/gcc/arm-none-eabi/4.8.3/../../../../arm-none-eabi/lib/armv7-m\libc_s.a(lib_a-sbrkr.o)
 .ARM.attributes
                0x00000e8c       0x2d c:/siliconlabs/simplicitystudio/v3/developer/toolchains/gnu_arm/4.8_2013q4/bin/../lib/gcc/arm-none-eabi/4.8.3/../../../../arm-none-eabi/lib/armv7-m\libc_s.a(lib_a-setvbuf.o)
 .ARM.attributes
                0x00000eb9       0x2d c:/siliconlabs/simplicitystudio/v3/developer/toolchains/gnu_arm/4.8_2013q4/bin/../lib/gcc/arm-none-eabi/4.8.3/../../../../arm-none-eabi/lib/armv7-m\libc_s.a(lib_a-stdio.o)
 .ARM.attributes
                0x00000ee6       0x2d c:/siliconlabs/simplicitystudio/v3/developer/toolchains/gnu_arm/4.8_2013q4/bin/../lib/gcc/arm-none-eabi/4.8.3/../../../../arm-none-eabi/lib/armv7-m\libc_s.a(lib_a-strlen.o)
 .ARM.attributes
                0x00000f13       0x2d c:/siliconlabs/simplicitystudio/v3/developer/toolchains/gnu_arm/4.8_2013q4/bin/../lib/gcc/arm-none-eabi/4.8.3/../../../../arm-none-eabi/lib/armv7-m\libc_s.a(lib_a-vfprintf.o)
 .ARM.attributes
                0x00000f40       0x2d c:/siliconlabs/simplicitystudio/v3/developer/toolchains/gnu_arm/4.8_2013q4/bin/../lib/gcc/arm-none-eabi/4.8.3/../../../../arm-none-eabi/lib/armv7-m\libc_s.a(lib_a-vfprintf_i.o)
 .ARM.attributes
                0x00000f6d       0x2d c:/siliconlabs/simplicitystudio/v3/developer/toolchains/gnu_arm/4.8_2013q4/bin/../lib/gcc/arm-none-eabi/4.8.3/../../../../arm-none-eabi/lib/armv7-m\libc_s.a(lib_a-wbuf.o)
 .ARM.attributes
                0x00000f9a       0x2d c:/siliconlabs/simplicitystudio/v3/developer/toolchains/gnu_arm/4.8_2013q4/bin/../lib/gcc/arm-none-eabi/4.8.3/../../../../arm-none-eabi/lib/armv7-m\libc_s.a(lib_a-writer.o)
 .ARM.attributes
                0x00000fc7       0x2d c:/siliconlabs/simplicitystudio/v3/developer/toolchains/gnu_arm/4.8_2013q4/bin/../lib/gcc/arm-none-eabi/4.8.3/../../../../arm-none-eabi/lib/armv7-m\libc_s.a(lib_a-wsetup.o)
 .ARM.attributes
                0x00000ff4       0x2d c:/siliconlabs/simplicitystudio/v3/developer/toolchains/gnu_arm/4.8_2013q4/bin/../lib/gcc/arm-none-eabi/4.8.3/../../../../arm-none-eabi/lib/armv7-m\libc_s.a(lib_a-closer.o)
 .ARM.attributes
                0x00001021       0x2d c:/siliconlabs/simplicitystudio/v3/developer/toolchains/gnu_arm/4.8_2013q4/bin/../lib/gcc/arm-none-eabi/4.8.3/../../../../arm-none-eabi/lib/armv7-m\libc_s.a(lib_a-fflush.o)
 .ARM.attributes
                0x0000104e       0x2d c:/siliconlabs/simplicitystudio/v3/developer/toolchains/gnu_arm/4.8_2013q4/bin/../lib/gcc/arm-none-eabi/4.8.3/../../../../arm-none-eabi/lib/armv7-m\libc_s.a(lib_a-lseekr.o)
 .ARM.attributes
                0x0000107b       0x2d c:/siliconlabs/simplicitystudio/v3/developer/toolchains/gnu_arm/4.8_2013q4/bin/../lib/gcc/arm-none-eabi/4.8.3/../../../../arm-none-eabi/lib/armv7-m\libc_s.a(lib_a-makebuf.o)
 .ARM.attributes
                0x000010a8       0x2d c:/siliconlabs/simplicitystudio/v3/developer/toolchains/gnu_arm/4.8_2013q4/bin/../lib/gcc/arm-none-eabi/4.8.3/../../../../arm-none-eabi/lib/armv7-m\libc_s.a(lib_a-malloc.o)
 .ARM.attributes
                0x000010d5       0x2d c:/siliconlabs/simplicitystudio/v3/developer/toolchains/gnu_arm/4.8_2013q4/bin/../lib/gcc/arm-none-eabi/4.8.3/../../../../arm-none-eabi/lib/armv7-m\libc_s.a(lib_a-memchr-stub.o)
 .ARM.attributes
                0x00001102       0x2d c:/siliconlabs/simplicitystudio/v3/developer/toolchains/gnu_arm/4.8_2013q4/bin/../lib/gcc/arm-none-eabi/4.8.3/../../../../arm-none-eabi/lib/armv7-m\libc_s.a(lib_a-nano-freer.o)
 .ARM.attributes
                0x0000112f       0x2d c:/siliconlabs/simplicitystudio/v3/developer/toolchains/gnu_arm/4.8_2013q4/bin/../lib/gcc/arm-none-eabi/4.8.3/../../../../arm-none-eabi/lib/armv7-m\libc_s.a(lib_a-putc.o)
 .ARM.attributes
                0x0000115c       0x2d c:/siliconlabs/simplicitystudio/v3/developer/toolchains/gnu_arm/4.8_2013q4/bin/../lib/gcc/arm-none-eabi/4.8.3/../../../../arm-none-eabi/lib/armv7-m\libc_s.a(lib_a-readr.o)
 .ARM.attributes
                0x00001189       0x2d c:/siliconlabs/simplicitystudio/v3/developer/toolchains/gnu_arm/4.8_2013q4/bin/../lib/gcc/arm-none-eabi/4.8.3/../../../../arm-none-eabi/lib/armv7-m\libc_s.a(lib_a-reent.o)