Archive member included because of file (symbol)

c:/siliconlabs/simplicitystudio/v3/developer/toolchains/gnu_arm/4.8_2013q4/bin/../lib/gcc/arm-none-eabi/4.8.3/../../../../arm-none-eabi/lib/armv7-m\libm.a(lib_a-s_ceil.o)
                              ./src/process.o (ceil)
c:/siliconlabs/simplicitystudio/v3/developer/toolchains/gnu_arm/4.8_2013q4/bin/../lib/gcc/arm-none-eabi/4.8.3/../../../../arm-none-eabi/lib/armv7-m\libm.a(lib_a-s_floor.o)
                              ./src/timestamp.o (floor)
c:/siliconlabs/simplicitystudio/v3/developer/toolchains/gnu_arm/4.8_2013q4/bin/../lib/gcc/arm-none-eabi/4.8.3/../../../../arm-none-eabi/lib/armv7-m\libm.a(lib_a-s_round.o)
                              ./src/timestamp.o (round)
c:/siliconlabs/simplicitystudio/v3/developer/toolchains/gnu_arm/4.8_2013q4/bin/../lib/gcc/arm-none-eabi/4.8.3/../../../../arm-none-eabi/lib/armv7-m\libm.a(lib_a-w_pow.o)
                              ./src/config.o (pow)
c:/siliconlabs/simplicitystudio/v3/developer/toolchains/gnu_arm/4.8_2013q4/bin/../lib/gcc/arm-none-eabi/4.8.3/../../../../arm-none-eabi/lib/armv7-m\libm.a(lib_a-w_sqrt.o)
                              ./src/process.o (sqrt)
c:/siliconlabs/simplicitystudio/v3/developer/toolchains/gnu_arm/4.8_2013q4/bin/../lib/gcc/arm-none-eabi/4.8.3/../../../../arm-none-eabi/lib/armv7-m\libm.a(lib_a-e_pow.o)
                              c:/siliconlabs/simplicitystudio/v3/developer/toolchains/gnu_arm/4.8_2013q4/bin/../lib/gcc/arm-none-eabi/4.8.3/../../../../arm-none-eabi/lib/armv7-m\libm.a(lib_a-w_pow.o) (__ieee754_pow)
c:/siliconlabs/simplicitystudio/v3/developer/toolchains/gnu_arm/4.8_2013q4/bin/../lib/gcc/arm-none-eabi/4.8.3/../../../../arm-none-eabi/lib/armv7-m\libm.a(lib_a-e_sqrt.o)
                              c:/siliconlabs/simplicitystudio/v3/developer/toolchains/gnu_arm/4.8_2013q4/bin/../lib/gcc/arm-none-eabi/4.8.3/../../../../arm-none-eabi/lib/armv7-m\libm.a(lib_a-w_sqrt.o) (__ieee754_sqrt)
c:/siliconlabs/simplicitystudio/v3/developer/toolchains/gnu_arm/4.8_2013q4/bin/../lib/gcc/arm-none-eabi/4.8.3/../../../../arm-none-eabi/lib/armv7-m\libm.a(lib_a-s_fabs.o)
                              c:/siliconlabs/simplicitystudio/v3/developer/toolchains/gnu_arm/4.8_2013q4/bin/../lib/gcc/arm-none-eabi/4.8.3/../../../../arm-none-eabi/lib/armv7-m\libm.a(lib_a-e_pow.o) (fabs)
c:/siliconlabs/simplicitystudio/v3/developer/toolchains/gnu_arm/4.8_2013q4/bin/../lib/gcc/arm-none-eabi/4.8.3/../../../../arm-none-eabi/lib/armv7-m\libm.a(lib_a-s_finite.o)
                              c:/siliconlabs/simplicitystudio/v3/developer/toolchains/gnu_arm/4.8_2013q4/bin/../lib/gcc/arm-none-eabi/4.8.3/../../../../arm-none-eabi/lib/armv7-m\libm.a(lib_a-w_pow.o) (finite)
c:/siliconlabs/simplicitystudio/v3/developer/toolchains/gnu_arm/4.8_2013q4/bin/../lib/gcc/arm-none-eabi/4.8.3/../../../../arm-none-eabi/lib/armv7-m\libm.a(lib_a-s_fpclassify.o)
                              c:/siliconlabs/simplicitystudio/v3/developer/toolchains/gnu_arm/4.8_2013q4/bin/../lib/gcc/arm-none-eabi/4.8.3/../../../../arm-none-eabi/lib/armv7-m\libm.a(lib_a-w_pow.o) (__fpclassifyd)
c:/siliconlabs/simplicitystudio/v3/developer/toolchains/gnu_arm/4.8_2013q4/bin/../lib/gcc/arm-none-eabi/4.8.3/../../../../arm-none-eabi/lib/armv7-m\libm.a(lib_a-s_lib_ver.o)
                              c:/siliconlabs/simplicitystudio/v3/developer/toolchains/gnu_arm/4.8_2013q4/bin/../lib/gcc/arm-none-eabi/4.8.3/../../../../arm-none-eabi/lib/armv7-m\libm.a(lib_a-w_pow.o) (__fdlib_version)
c:/siliconlabs/simplicitystudio/v3/developer/toolchains/gnu_arm/4.8_2013q4/bin/../lib/gcc/arm-none-eabi/4.8.3/../../../../arm-none-eabi/lib/armv7-m\libm.a(lib_a-s_matherr.o)
                              c:/siliconlabs/simplicitystudio/v3/developer/toolchains/gnu_arm/4.8_2013q4/bin/../lib/gcc/arm-none-eabi/4.8.3/../../../../arm-none-eabi/lib/armv7-m\libm.a(lib_a-w_pow.o) (matherr)
c:/siliconlabs/simplicitystudio/v3/developer/toolchains/gnu_arm/4.8_2013q4/bin/../lib/gcc/arm-none-eabi/4.8.3/../../../../arm-none-eabi/lib/armv7-m\libm.a(lib_a-s_nan.o)
                              c:/siliconlabs/simplicitystudio/v3/developer/toolchains/gnu_arm/4.8_2013q4/bin/../lib/gcc/arm-none-eabi/4.8.3/../../../../arm-none-eabi/lib/armv7-m\libm.a(lib_a-e_pow.o) (nan)
c:/siliconlabs/simplicitystudio/v3/developer/toolchains/gnu_arm/4.8_2013q4/bin/../lib/gcc/arm-none-eabi/4.8.3/../../../../arm-none-eabi/lib/armv7-m\libm.a(lib_a-s_rint.o)
                              c:/siliconlabs/simplicitystudio/v3/developer/toolchains/gnu_arm/4.8_2013q4/bin/../lib/gcc/arm-none-eabi/4.8.3/../../../../arm-none-eabi/lib/armv7-m\libm.a(lib_a-w_pow.o) (rint)
c:/siliconlabs/simplicitystudio/v3/developer/toolchains/gnu_arm/4.8_2013q4/bin/../lib/gcc/arm-none-eabi/4.8.3/../../../../arm-none-eabi/lib/armv7-m\libm.a(lib_a-s_scalbn.o)
[...]
Memory Configuration

Name             Origin             Length             Attributes
FLASH            0x00000000         0x00100000         xr
RAM              0x20000000         0x00020000         xrw
*default*        0x00000000         0xffffffff

Linker script and memory map

LOAD c:/siliconlabs/simplicitystudio/v3/developer/toolchains/gnu_arm/4.8_2013q4/bin/../lib/gcc/arm-none-eabi/4.8.3/armv7-m/crti.o
LOAD c:/siliconlabs/simplicitystudio/v3/developer/toolchains/gnu_arm/4.8_2013q4/bin/../lib/gcc/arm-none-eabi/4.8.3/armv7-m/crtbegin.o
LOAD c:/siliconlabs/simplicitystudio/v3/developer/toolchains/gnu_arm/4.8_2013q4/bin/../lib/gcc/arm-none-eabi/4.8.3/../../../../arm-none-eabi/lib/armv7-m/crt0.o
LOAD ./src/adjustable_params.o
LOAD ./src/config.o
LOAD ./src/debug_printf.o
LOAD ./src/dust_com.o
LOAD ./src/fcs.o
LOAD ./src/flash.o
LOAD ./src/ngi_rtcdrv.o
LOAD ./src/packet.o
LOAD ./src/process.o
LOAD ./src/timestamp.o
LOAD ./src/wait_burtc.o
LOAD ./emlib/em_acmp.o
LOAD ./emlib/em_adc.o
LOAD ./emlib/em_assert.o
LOAD ./emlib/em_burtc.o
LOAD ./emlib/em_cmu.o
LOAD ./emlib/em_dac.o
LOAD ./emlib/em_dma.o
LOAD ./emlib/em_ebi.o
LOAD ./emlib/em_emu.o
LOAD ./emlib/em_gpio.o
LOAD ./emlib/em_int.o
LOAD ./emlib/em_lcd.o
LOAD ./emlib/em_msc.o
LOAD ./emlib/em_rmu.o
LOAD ./emlib/em_rtc.o
LOAD ./emlib/em_system.o
LOAD ./emlib/em_usart.o
LOAD ./emlib/em_wdog.o
LOAD ./Drivers/dmactrl.o
LOAD ./Drivers/nandflash.o
LOAD ./Drivers/retargetio.o
LOAD ./Drivers/segmentlcd.o
LOAD ./CMSIS/efm32gg/startup_gcc_efm32gg.o
LOAD ./CMSIS/efm32gg/system_efm32gg.o
LOAD ./BSP/bsp_bcc.o
LOAD ./BSP/bsp_stk.o
LOAD ./BSP/bsp_trace.o
LOAD c:/siliconlabs/simplicitystudio/v3/developer/toolchains/gnu_arm/4.8_2013q4/bin/../lib/gcc/arm-none-eabi/4.8.3/../../../../arm-none-eabi/lib/armv7-m\libm.a
LOAD ./src/aux_data.o
LOAD ./src/nandflash_W29N01HV.o
LOAD ./src/rmad.o
LOAD ./emlib/em_aes.o
LOAD ./emlib/em_cryotimer.o
LOAD ./emlib/em_crypto.o
LOAD ./emlib/em_dbg.o
LOAD ./emlib/em_gpcrc.o
LOAD ./emlib/em_i2c.o
LOAD ./emlib/em_idac.o
LOAD ./emlib/em_ldma.o
LOAD ./emlib/em_lesense.o
LOAD ./emlib/em_letimer.o
LOAD ./emlib/em_leuart.o
LOAD ./emlib/em_mpu.o
LOAD ./emlib/em_opamp.o
LOAD ./emlib/em_pcnt.o
LOAD ./emlib/em_prs.o
LOAD ./emlib/em_rtcc.o
LOAD ./emlib/em_timer.o
LOAD ./emlib/em_vcmp.o
LOAD ./Drivers/norflash.o
LOAD ./Drivers/retargetserial.o
START GROUP
LOAD c:/siliconlabs/simplicitystudio/v3/developer/toolchains/gnu_arm/4.8_2013q4/bin/../lib/gcc/arm-none-eabi/4.8.3/armv7-m\libgcc.a
LOAD c:/siliconlabs/simplicitystudio/v3/developer/toolchains/gnu_arm/4.8_2013q4/bin/../lib/gcc/arm-none-eabi/4.8.3/../../../../arm-none-eabi/lib/armv7-m\libc_s.a
LOAD c:/siliconlabs/simplicitystudio/v3/developer/toolchains/gnu_arm/4.8_2013q4/bin/../lib/gcc/arm-none-eabi/4.8.3/../../../../arm-none-eabi/lib/armv7-m\libnosys.a
END GROUP
START GROUP
LOAD c:/siliconlabs/simplicitystudio/v3/developer/toolchains/gnu_arm/4.8_2013q4/bin/../lib/gcc/arm-none-eabi/4.8.3/armv7-m\libgcc.a
LOAD c:/siliconlabs/simplicitystudio/v3/developer/toolchains/gnu_arm/4.8_2013q4/bin/../lib/gcc/arm-none-eabi/4.8.3/../../../../arm-none-eabi/lib/armv7-m\libg_s.a
LOAD c:/siliconlabs/simplicitystudio/v3/developer/toolchains/gnu_arm/4.8_2013q4/bin/../lib/gcc/arm-none-eabi/4.8.3/../../../../arm-none-eabi/lib/armv7-m\libc_s.a
END GROUP
START GROUP
LOAD c:/siliconlabs/simplicitystudio/v3/developer/toolchains/gnu_arm/4.8_2013q4/bin/../lib/gcc/arm-none-eabi/4.8.3/armv7-m\libgcc.a
LOAD c:/siliconlabs/simplicitystudio/v3/developer/toolchains/gnu_arm/4.8_2013q4/bin/../lib/gcc/arm-none-eabi/4.8.3/../../../../arm-none-eabi/lib/armv7-m\libc_s.a
END GROUP
LOAD c:/siliconlabs/simplicitystudio/v3/developer/toolchains/gnu_arm/4.8_2013q4/bin/../lib/gcc/arm-none-eabi/4.8.3/armv7-m/crtend.o
LOAD c:/siliconlabs/simplicitystudio/v3/developer/toolchains/gnu_arm/4.8_2013q4/bin/../lib/gcc/arm-none-eabi/4.8.3/armv7-m/crtn.o

.text           0x00000000     0xc9b8
 *(.isr_vector)
 .isr_vector    0x00000000      0x100 ./CMSIS/efm32gg/startup_gcc_efm32gg.o
                0x00000000                __isr_vector
 *(.text*)
 .text          0x00000100       0x54 c:/siliconlabs/simplicitystudio/v3/developer/toolchains/gnu_arm/4.8_2013q4/bin/../lib/gcc/arm-none-eabi/4.8.3/armv7-m/crtbegin.o
 .text          0x00000154       0x74 c:/siliconlabs/simplicitystudio/v3/developer/toolchains/gnu_arm/4.8_2013q4/bin/../lib/gcc/arm-none-eabi/4.8.3/../../../../arm-none-eabi/lib/armv7-m/crt0.o
                0x00000154                _start
                0x00000154                _mainCRTStartup
 .text.adjustable_params_set
                0x000001c8      0x100 ./src/adjustable_params.o
                0x000001c8                adjustable_params_set
 .text.adjustable_params_init
                0x000002c8       0x58 ./src/adjustable_params.o
                0x000002c8                adjustable_params_init
 .text.GPIO_setup
                0x00000320        0xc ./src/config.o
                0x00000320                GPIO_setup
 .text.charge_mode
                0x0000032c       0x5c ./src/config.o
                0x0000032c                charge_mode
 .text.efm32_reset
                0x00000388       0x44 ./src/config.o
                0x00000388                efm32_reset
 .text.dust_mote_reset
                0x000003cc       0x38 ./src/config.o
                0x000003cc                dust_mote_reset
 .text.dust_mote_setup
                0x00000404       0x54 ./src/config.o
                0x00000404                dust_mote_setup
 .text.dust_mote_sleep
                0x00000458       0x54 ./src/config.o
                0x00000458                dust_mote_sleep
 .text.external_hard_reset
                0x000004ac       0x28 ./src/config.o
                0x000004ac                external_hard_reset
 .text.AD_config
                0x000004d4      0x140 ./src/config.o
                0x000004d4                AD_config
 .text.aux_sensor_config
                0x00000614       0x84 ./src/config.o
                0x00000614                aux_sensor_config
 .text.preamp_config
                0x00000698       0x40 ./src/config.o
                0x00000698                preamp_config
 .text.preamp_reset
                0x000006d8       0x24 ./src/config.o
                0x000006d8                preamp_reset
 .text.preamp_set_status
                0x000006fc       0x3c ./src/config.o
                0x000006fc                preamp_set_status
 .text.battery_charge_status
                0x00000738      0x1a4 ./src/config.o
                0x00000738                battery_charge_status
 .text.single_comp_config
                0x000008dc       0x64 ./src/config.o
                0x000008dc                single_comp_config
 .text.comp_config
                0x00000940      0x134 ./src/config.o
                0x00000940                comp_config
 .text.trigg_ref_set
                0x00000a74       0x64 ./src/config.o
                0x00000a74                trigg_ref_set
 .text.trigg_ref_reset
                0x00000ad8       0x1c ./src/config.o
                0x00000ad8                trigg_ref_reset
 .text.uart0_config
                0x00000af4       0xac ./src/config.o
                0x00000af4                uart0_config
 .text.rtc_config
                0x00000ba0        0x8 ./src/config.o
                0x00000ba0                rtc_config
 .text.wdog_config
                0x00000ba8       0x2c ./src/config.o
                0x00000ba8                wdog_config
 .text.dust_send_request
                0x00000bd4      0x150 ./src/dust_com.o
                0x00000bd4                dust_send_request
 .text.dust_send_ack
                0x00000d24      0x1cc ./src/dust_com.o
                0x00000d24                dust_send_ack
 .text.dust_get_packet
                0x00000ef0       0x6c ./src/dust_com.o
                0x00000ef0                dust_get_packet
 .text.dust_close_any_sockets
                0x00000f5c       0x48 ./src/dust_com.o
                0x00000f5c                dust_close_any_sockets
 .text.dust_open_sockets_and_optionally_allow_status_on_backup
                0x00000fa4      0x144 ./src/dust_com.o
                0x00000fa4                dust_open_sockets_and_optionally_allow_status_on_backup
 .text.dust_check_and_possibly_reset_mote
                0x000010e8      0x130 ./src/dust_com.o
                0x000010e8                dust_check_and_possibly_reset_mote
 .text.dust_handle_notification
                0x00001218      0x5a4 ./src/dust_com.o
                0x00001218                dust_handle_notification
 .text.dust_tx_msg_data_txDone
                0x000017bc      0x1bc ./src/dust_com.o
                0x000017bc                dust_tx_msg_data_txDone
 .text.dust_tx_msg_data
                0x00001978       0x9c ./src/dust_com.o
                0x00001978                dust_tx_msg_data
 .text.fcs_calcFcs
                0x00001a14       0x30 ./src/fcs.o
                0x00001a14                fcs_calcFcs
 .text.flash_block_to_use
                0x00001a44        0xc ./src/flash.o
                0x00001a44                flash_block_to_use
 .text.flash_info
                0x00001a50        0xc ./src/flash.o
                0x00001a50                flash_info
 .text.flash_write_page
                0x00001a5c       0xe0 ./src/flash.o
                0x00001a5c                flash_write_page
 .text.flash_safe_write_page
                0x00001b3c      0x218 ./src/flash.o
                0x00001b3c                flash_safe_write_page
 .text.flash_find_next_good_block
                0x00001d54       0x48 ./src/flash.o
                0x00001d54                flash_find_next_good_block
 .text.flash_init
                0x00001d9c      0x28c ./src/flash.o
                0x00001d9c                flash_init
 .text.DelayCB  0x00002028        0xc ./src/ngi_rtcdrv.o
 .text.RTCDRV_Setup
                0x00002034       0x84 ./src/ngi_rtcdrv.o
                0x00002034                RTCDRV_Setup
 .text.RTC_IRQHandler
                0x000020b8       0x34 ./src/ngi_rtcdrv.o
                0x000020b8                RTC_IRQHandler
 .text.RTCDRV_Trigger
                0x000020ec       0xcc ./src/ngi_rtcdrv.o
                0x000020ec                RTCDRV_Trigger
 .text.RTCDRV_DelayInEM.constprop.0
                0x000021b8      0x154 ./src/ngi_rtcdrv.o
 .text.wait     0x0000230c        0x8 ./src/ngi_rtcdrv.o
                0x0000230c                wait
 .text.wait_from_to
                0x00002314        0x4 ./src/ngi_rtcdrv.o
                0x00002314                wait_from_to
 .text.packet_get_seq_num_at_last_sent_command
                0x00002318        0xc ./src/packet.o
                0x00002318                packet_get_seq_num_at_last_sent_command
 .text.packet_get_last_sent_command
                0x00002324        0x8 ./src/packet.o
                0x00002324                packet_get_last_sent_command
 .text.packet_non_ack_sent
                0x0000232c       0x24 ./src/packet.o
                0x0000232c                packet_non_ack_sent
 .text.packet_register
                0x00002350       0x4c ./src/packet.o
                0x00002350                packet_register
 .text.packet_seq_num_end
                0x0000239c       0x20 ./src/packet.o
                0x0000239c                packet_seq_num_end
 .text.packet_search_f
                0x000023bc      0x254 ./src/packet.o
                0x000023bc                packet_search_f
 .text.packet_wait_for_f
                0x00002610      0x27c ./src/packet.o
                0x00002610                packet_wait_for_f
 .text.packet_wait_for_ack
                0x0000288c      0x1a8 ./src/packet.o
                0x0000288c                packet_wait_for_ack
 .text.process_log_until
                0x00002a34       0x28 ./src/process.o
                0x00002a34                process_log_until
 .text.std_deviance
                0x00002a5c      0x170 ./src/process.o
                0x00002a5c                std_deviance
 .text.process_data
                0x00002bcc      0x198 ./src/process.o
                0x00002bcc                process_data
 .text.process_ringbuf_entries
                0x00002d64      0x5a4 ./src/process.o
                0x00002d64                process_ringbuf_entries
 .text.process_ringbuf_lock_traceset
                0x00003308       0x34 ./src/process.o
                0x00003308                process_ringbuf_lock_traceset
 .text.process_ringbuf_add_scan
                0x0000333c       0x6c ./src/process.o
                0x0000333c                process_ringbuf_add_scan
 .text.process_ringbuf_add
                0x000033a8       0x88 ./src/process.o
                0x000033a8                process_ringbuf_add
 .text.process_ringbuf_apply_timestamp
                0x00003430      0x178 ./src/process.o
                0x00003430                process_ringbuf_apply_timestamp
 .text.process_latest_flash_event
                0x000035a8      0x110 ./src/process.o
                0x000035a8                process_latest_flash_event
 .text.process_hybrid_send_data
                0x000036b8      0x520 ./src/process.o
                0x000036b8                process_hybrid_send_data
 .text.process_config
                0x00003bd8       0x14 ./src/process.o
                0x00003bd8                process_config
 *fill*         0x00003bec        0x4 
 .text.timestampd
                0x00003bf0       0x58 ./src/timestamp.o
                0x00003bf0                timestampd
 .text.timestamp_secs
                0x00003c48       0x40 ./src/timestamp.o
                0x00003c48                timestamp_secs
 .text.timestamp
                0x00003c88       0x10 ./src/timestamp.o
                0x00003c88                timestamp
 .text.burtc_config
                0x00003c98       0x88 ./src/wait_burtc.o
                0x00003c98                burtc_config
 .text.BURTC_IRQHandler
                0x00003d20       0x34 ./src/wait_burtc.o
                0x00003d20                BURTC_IRQHandler
 .text.wait_from_to_burtc
                0x00003d54      0x23c ./src/wait_burtc.o
                0x00003d54                wait_from_to_burtc
 .text.ACMP_Enable
                0x00003f90        0xc ./emlib/em_acmp.o
                0x00003f90                ACMP_Enable
 .text.ACMP_Reset
                0x00003f9c       0x20 ./emlib/em_acmp.o
                0x00003f9c                ACMP_Reset
 .text.ACMP_ChannelSet
                0x00003fbc       0x10 ./emlib/em_acmp.o
                0x00003fbc                ACMP_ChannelSet
 .text.ACMP_Init
                0x00003fcc       0x54 ./emlib/em_acmp.o
                0x00003fcc                ACMP_Init
 .text.ADC_Init
                0x00004020       0x70 ./emlib/em_adc.o
                0x00004020                ADC_Init
 .text.ADC_InitScan
                0x00004090       0xe4 ./emlib/em_adc.o
                0x00004090                ADC_InitScan
 .text.ADC_InitSingle
                0x00004174       0xcc ./emlib/em_adc.o
                0x00004174                ADC_InitSingle
 .text.ADC_Reset
                0x00004240       0x64 ./emlib/em_adc.o
                0x00004240                ADC_Reset
 .text.ADC_TimebaseCalc
                0x000042a4       0x3c ./emlib/em_adc.o
                0x000042a4                ADC_TimebaseCalc
 .text.BURTC_Init
                0x000042e0       0x80 ./emlib/em_burtc.o
                0x000042e0                BURTC_Init
 .text.BURTC_CompareSet
                0x00004360       0x20 ./emlib/em_burtc.o
                0x00004360                BURTC_CompareSet
 .text.BURTC_CounterReset
                0x00004380       0x10 ./emlib/em_burtc.o
                0x00004380                BURTC_CounterReset
 .text.lfClkGet
                0x00004390      0x150 ./emlib/em_cmu.o
 .text.CMU_ClockDivSet
                0x000044e0      0x390 ./emlib/em_cmu.o
                0x000044e0                CMU_ClockDivSet
 .text.CMU_ClockSelectGet
                0x00004870       0xc0 ./emlib/em_cmu.o
                0x00004870                CMU_ClockSelectGet
 .text.CMU_ClockFreqGet
                0x00004930      0x210 ./emlib/em_cmu.o
                0x00004930                CMU_ClockFreqGet
 .text.CMU_ClockEnable
                0x00004b40       0xf0 ./emlib/em_cmu.o
                0x00004b40                CMU_ClockEnable
 .text.CMU_ClockSelectSet
                0x00004c30      0x4ec ./emlib/em_cmu.o
                0x00004c30                CMU_ClockSelectSet
 .text.CMU_HFRCOBandSet
                0x0000511c      0x1e0 ./emlib/em_cmu.o
                0x0000511c                CMU_HFRCOBandSet
 .text.CMU_OscillatorEnable
                0x000052fc       0x84 ./emlib/em_cmu.o
                0x000052fc                CMU_OscillatorEnable
 .text.DAC_Init
                0x00005380       0x80 ./emlib/em_dac.o
                0x00005380                DAC_Init
 .text.DAC_InitChannel
                0x00005400       0x30 ./emlib/em_dac.o
                0x00005400                DAC_InitChannel
 .text.DAC_Reset
                0x00005430       0x28 ./emlib/em_dac.o
                0x00005430                DAC_Reset
 .text.DMA_IRQHandler
                0x00005458       0x80 ./emlib/em_dma.o
                0x00005458                DMA_IRQHandler
 .text.DMA_ActivateAuto
                0x000054d8       0x78 ./emlib/em_dma.o
                0x000054d8                DMA_ActivateAuto
 .text.DMA_CfgChannel
                0x00005550       0x54 ./emlib/em_dma.o
                0x00005550                DMA_CfgChannel
 .text.DMA_CfgDescr
                0x000055a4       0x3c ./emlib/em_dma.o
                0x000055a4                DMA_CfgDescr
 .text.DMA_Init
                0x000055e0       0xcc ./emlib/em_dma.o
                0x000055e0                DMA_Init
 .text.EBI_Init
                0x000056ac      0x768 ./emlib/em_ebi.o
                0x000056ac                EBI_Init
 .text.EBI_BankAddress
                0x00005e14       0x80 ./emlib/em_ebi.o
                0x00005e14                EBI_BankAddress
 .text.emuRestore
                0x00005e94       0x8c ./emlib/em_emu.o
 .text.EMU_EnterEM2
                0x00005f20       0x98 ./emlib/em_emu.o
                0x00005f20                EMU_EnterEM2
 .text.EMU_EnterEM3
                0x00005fb8       0xb8 ./emlib/em_emu.o
                0x00005fb8                EMU_EnterEM3
 .text.EMU_EnterEM4
                0x00006070       0x30 ./emlib/em_emu.o
                0x00006070                EMU_EnterEM4
 .text.EMU_UpdateOscConfig
                0x000060a0       0x14 ./emlib/em_emu.o
                0x000060a0                EMU_UpdateOscConfig
 .text.GPIO_ExtIntConfig
                0x000060b4       0x6c ./emlib/em_gpio.o
                0x000060b4                GPIO_ExtIntConfig
 .text.GPIO_PinModeSet
                0x00006120       0xb4 ./emlib/em_gpio.o
                0x00006120                GPIO_PinModeSet
 .text.MSC_Init
                0x000061d4       0x8c ./emlib/em_msc.o
                0x000061d4                MSC_Init
 .text.MSC_Deinit
                0x00006260       0x14 ./emlib/em_msc.o
                0x00006260                MSC_Deinit
 .text.RMU_ResetControl
                0x00006274       0x20 ./emlib/em_rmu.o
                0x00006274                RMU_ResetControl
 .text.RMU_ResetCauseClear
                0x00006294       0x40 ./emlib/em_rmu.o
                0x00006294                RMU_ResetCauseClear
 .text.RTC_CompareSet
                0x000062d4       0x1c ./emlib/em_rtc.o
                0x000062d4                RTC_CompareSet
 .text.RTC_Enable
                0x000062f0        0x8 ./emlib/em_rtc.o
                0x000062f0                RTC_Enable
 .text.RTC_Init
                0x000062f8       0x1c ./emlib/em_rtc.o
                0x000062f8                RTC_Init
 .text.SYSTEM_ChipRevisionGet
                0x00006314       0x34 ./emlib/em_system.o
                0x00006314                SYSTEM_ChipRevisionGet
 .text.USART_Enable
                0x00006348       0x10 ./emlib/em_usart.o
                0x00006348                USART_Enable
 .text.USART_InitAsync
                0x00006358       0xdc ./emlib/em_usart.o
                0x00006358                USART_InitAsync
 .text.USART_Rx
                0x00006434        0xc ./emlib/em_usart.o
                0x00006434                USART_Rx
 .text.USART_Tx
                0x00006440        0xc ./emlib/em_usart.o
                0x00006440                USART_Tx
 .text.WDOGn_Feed
                0x0000644c       0x18 ./emlib/em_wdog.o
                0x0000644c                WDOGn_Feed
 .text.WDOGn_Init
                0x00006464       0x48 ./emlib/em_wdog.o
                0x00006464                WDOGn_Init
 .text.NANDFLASH_DeviceInfo
                0x000064ac       0x18 ./Drivers/nandflash.o
                0x000064ac                NANDFLASH_DeviceInfo
 .text.NANDFLASH_EccCorrect
                0x000064c4       0xc0 ./Drivers/nandflash.o
                0x000064c4                NANDFLASH_EccCorrect
 .text.NANDFLASH_EraseBlock
                0x00006584       0xb4 ./Drivers/nandflash.o
                0x00006584                NANDFLASH_EraseBlock
 .text.NANDFLASH_Init
                0x00006638      0x110 ./Drivers/nandflash.o
                0x00006638                NANDFLASH_Init
 .text.NANDFLASH_MarkBadBlock
                0x00006748       0xe4 ./Drivers/nandflash.o
                0x00006748                NANDFLASH_MarkBadBlock
 .text.NANDFLASH_ReadPage
                0x0000682c      0x1a8 ./Drivers/nandflash.o
                0x0000682c                NANDFLASH_ReadPage
 .text.NANDFLASH_ReadSpare
                0x000069d4      0x100 ./Drivers/nandflash.o
                0x000069d4                NANDFLASH_ReadSpare
 .text.NANDFLASH_WritePage
                0x00006ad4      0x188 ./Drivers/nandflash.o
                0x00006ad4                NANDFLASH_WritePage
 .text._close   0x00006c5c        0x4 ./Drivers/retargetio.o
                0x00006c5c                _close
 .text._exit    0x00006c60        0x4 ./Drivers/retargetio.o
                0x00006c60                _exit
 .text._fstat   0x00006c64        0xc ./Drivers/retargetio.o
                0x00006c64                _fstat
 .text._isatty  0x00006c70        0x4 ./Drivers/retargetio.o
                0x00006c70                _isatty
 .text._lseek   0x00006c74        0x4 ./Drivers/retargetio.o
                0x00006c74                _lseek
 .text._read    0x00006c78       0x2c ./Drivers/retargetio.o
                0x00006c78                _read
 .text._sbrk    0x00006ca4       0x5c ./Drivers/retargetio.o
                0x00006ca4                _sbrk
 .text._write   0x00006d00       0x1c ./Drivers/retargetio.o
                0x00006d00                _write
 .text          0x00006d1c       0x98 ./CMSIS/efm32gg/startup_gcc_efm32gg.o
                0x00006d1c                Reset_Handler
                0x00006d50                Default_Handler
                0x00006d52                NMI_Handler
                0x00006d54                HardFault_Handler
                0x00006d56                MemManage_Handler
                0x00006d58                BusFault_Handler
                0x00006d5a                UsageFault_Handler
                0x00006d5c                SVC_Handler
                0x00006d5e                DebugMon_Handler
                0x00006d60                PendSV_Handler
                0x00006d62                SysTick_Handler
                0x00006d68                TIMER0_IRQHandler
                0x00006d6a                USART0_RX_IRQHandler
                0x00006d6c                USART0_TX_IRQHandler
                0x00006d6e                USB_IRQHandler
                0x00006d74                DAC0_IRQHandler
                0x00006d76                I2C0_IRQHandler
                0x00006d78                I2C1_IRQHandler
                0x00006d7a                GPIO_ODD_IRQHandler
                0x00006d7c                TIMER1_IRQHandler
                0x00006d7e                TIMER2_IRQHandler
                0x00006d80                TIMER3_IRQHandler
                0x00006d82                USART1_RX_IRQHandler
                0x00006d84                USART1_TX_IRQHandler
                0x00006d86                LESENSE_IRQHandler
                0x00006d88                USART2_RX_IRQHandler
                0x00006d8a                USART2_TX_IRQHandler
                0x00006d8e                UART0_TX_IRQHandler
                0x00006d92                UART1_TX_IRQHandler
                0x00006d94                LEUART0_IRQHandler
                0x00006d96                LEUART1_IRQHandler
                0x00006d98                LETIMER0_IRQHandler
                0x00006d9a                PCNT0_IRQHandler
                0x00006d9c                PCNT1_IRQHandler
                0x00006d9e                PCNT2_IRQHandler
                0x00006da4                CMU_IRQHandler
                0x00006da6                VCMP_IRQHandler
                0x00006da8                LCD_IRQHandler
                0x00006daa                MSC_IRQHandler
                0x00006dac                AES_IRQHandler
                0x00006dae                EBI_IRQHandler
                0x00006db0                EMU_IRQHandler
 .text.SystemCoreClockGet
                0x00006db4       0xe0 ./CMSIS/efm32gg/system_efm32gg.o
                0x00006db4                SystemCoreClockGet
 .text.SystemMaxCoreClockGet
                0x00006e94        0x8 ./CMSIS/efm32gg/system_efm32gg.o
                0x00006e94                SystemMaxCoreClockGet
 .text.SystemHFClockGet
                0x00006e9c       0xd0 ./CMSIS/efm32gg/system_efm32gg.o
                0x00006e9c                SystemHFClockGet
 .text.SystemHFXOClockGet
                0x00006f6c        0xc ./CMSIS/efm32gg/system_efm32gg.o
                0x00006f6c                SystemHFXOClockGet
 .text.SystemInit
                0x00006f78        0x4 ./CMSIS/efm32gg/system_efm32gg.o
                0x00006f78                SystemInit
 .text.SystemLFRCOClockGet
                0x00006f7c        0x8 ./CMSIS/efm32gg/system_efm32gg.o
                0x00006f7c                SystemLFRCOClockGet
 .text.SystemULFRCOClockGet
                0x00006f84        0x8 ./CMSIS/efm32gg/system_efm32gg.o
                0x00006f84                SystemULFRCOClockGet
 .text.SystemLFXOClockGet
                0x00006f8c        0xc ./CMSIS/efm32gg/system_efm32gg.o
                0x00006f8c                SystemLFXOClockGet
 .text.BSP_EbiInit
                0x00006f98      0x110 ./BSP/bsp_stk.o
                0x00006f98                BSP_EbiInit
 .text.ceil     0x000070a8      0x120 c:/siliconlabs/simplicitystudio/v3/developer/toolchains/gnu_arm/4.8_2013q4/bin/../lib/gcc/arm-none-eabi/4.8.3/../../../../arm-none-eabi/lib/armv7-m\libm.a(lib_a-s_ceil.o)
                0x000070a8                ceil
 .text.floor    0x000071c8      0x120 c:/siliconlabs/simplicitystudio/v3/developer/toolchains/gnu_arm/4.8_2013q4/bin/../lib/gcc/arm-none-eabi/4.8.3/../../../../arm-none-eabi/lib/armv7-m\libm.a(lib_a-s_floor.o)
                0x000071c8                floor
 .text.round    0x000072e8       0x9c c:/siliconlabs/simplicitystudio/v3/developer/toolchains/gnu_arm/4.8_2013q4/bin/../lib/gcc/arm-none-eabi/4.8.3/../../../../arm-none-eabi/lib/armv7-m\libm.a(lib_a-s_round.o)
                0x000072e8                round
 .text.pow      0x00007384      0x2f8 c:/siliconlabs/simplicitystudio/v3/developer/toolchains/gnu_arm/4.8_2013q4/bin/../lib/gcc/arm-none-eabi/4.8.3/../../../../arm-none-eabi/lib/armv7-m\libm.a(lib_a-w_pow.o)
                0x00007384                pow
 .text.sqrt     0x0000767c       0xac c:/siliconlabs/simplicitystudio/v3/developer/toolchains/gnu_arm/4.8_2013q4/bin/../lib/gcc/arm-none-eabi/4.8.3/../../../../arm-none-eabi/lib/armv7-m\libm.a(lib_a-w_sqrt.o)
                0x0000767c                sqrt
 .text.__ieee754_pow
                0x00007728      0xab8 c:/siliconlabs/simplicitystudio/v3/developer/toolchains/gnu_arm/4.8_2013q4/bin/../lib/gcc/arm-none-eabi/4.8.3/../../../../arm-none-eabi/lib/armv7-m\libm.a(lib_a-e_pow.o)
                0x00007728                __ieee754_pow
 .text.__ieee754_sqrt
                0x000081e0      0x180 c:/siliconlabs/simplicitystudio/v3/developer/toolchains/gnu_arm/4.8_2013q4/bin/../lib/gcc/arm-none-eabi/4.8.3/../../../../arm-none-eabi/lib/armv7-m\libm.a(lib_a-e_sqrt.o)
                0x000081e0                __ieee754_sqrt
 .text.fabs     0x00008360        0x8 c:/siliconlabs/simplicitystudio/v3/developer/toolchains/gnu_arm/4.8_2013q4/bin/../lib/gcc/arm-none-eabi/4.8.3/../../../../arm-none-eabi/lib/armv7-m\libm.a(lib_a-s_fabs.o)
                0x00008360                fabs
 .text.finite   0x00008368        0xc c:/siliconlabs/simplicitystudio/v3/developer/toolchains/gnu_arm/4.8_2013q4/bin/../lib/gcc/arm-none-eabi/4.8.3/../../../../arm-none-eabi/lib/armv7-m\libm.a(lib_a-s_finite.o)
                0x00008368                finite
 .text.__fpclassifyd
                0x00008374       0x50 c:/siliconlabs/simplicitystudio/v3/developer/toolchains/gnu_arm/4.8_2013q4/bin/../lib/gcc/arm-none-eabi/4.8.3/../../../../arm-none-eabi/lib/armv7-m\libm.a(lib_a-s_fpclassify.o)
                0x00008374                __fpclassifyd
 .text.matherr  0x000083c4        0x4 c:/siliconlabs/simplicitystudio/v3/developer/toolchains/gnu_arm/4.8_2013q4/bin/../lib/gcc/arm-none-eabi/4.8.3/../../../../arm-none-eabi/lib/armv7-m\libm.a(lib_a-s_matherr.o)
                0x000083c4                matherr
 .text.nan      0x000083c8        0xc c:/siliconlabs/simplicitystudio/v3/developer/toolchains/gnu_arm/4.8_2013q4/bin/../lib/gcc/arm-none-eabi/4.8.3/../../../../arm-none-eabi/lib/armv7-m\libm.a(lib_a-s_nan.o)
                0x000083c8                nan
 .text.rint     0x000083d4      0x118 c:/siliconlabs/simplicitystudio/v3/developer/toolchains/gnu_arm/4.8_2013q4/bin/../lib/gcc/arm-none-eabi/4.8.3/../../../../arm-none-eabi/lib/armv7-m\libm.a(lib_a-s_rint.o)
                0x000083d4                rint
 *fill*         0x000084ec        0x4 
 .text.scalbn   0x000084f0      0x100 c:/siliconlabs/simplicitystudio/v3/developer/toolchains/gnu_arm/4.8_2013q4/bin/../lib/gcc/arm-none-eabi/4.8.3/../../../../arm-none-eabi/lib/armv7-m\libm.a(lib_a-s_scalbn.o)
                0x000084f0                scalbn
 .text.copysign
                0x000085f0       0x14 c:/siliconlabs/simplicitystudio/v3/developer/toolchains/gnu_arm/4.8_2013q4/bin/../lib/gcc/arm-none-eabi/4.8.3/../../../../arm-none-eabi/lib/armv7-m\libm.a(lib_a-s_copysign.o)
                0x000085f0                copysign
 .text.get_aux_and_report
                0x00008604       0x64 ./src/aux_data.o
                0x00008604                get_aux_and_report
 .text.read_single_aux_sample
                0x00008668       0x3c ./src/aux_data.o
                0x00008668                read_single_aux_sample
 .text.read_scan_aux_sample
                0x000086a4      0x260 ./src/aux_data.o
                0x000086a4                read_scan_aux_sample
 .text.send_aux_data
                0x00008904      0x114 ./src/aux_data.o
                0x00008904                send_aux_data
 .text.get_new_aux_sample
                0x00008a18      0x1f0 ./src/aux_data.o
                0x00008a18                get_new_aux_sample
 .text.logging_is_running
                0x00008c08        0xc ./src/rmad.o
                0x00008c08                logging_is_running
 .text.ADC0_IRQHandler
                0x00008c14      0x174 ./src/rmad.o
                0x00008c14                ADC0_IRQHandler
 .text.ACMP0_IRQHandler
                0x00008d88       0xdc ./src/rmad.o
                0x00008d88                ACMP0_IRQHandler
 .text.get_uart0_bytes
                0x00008e64       0x3c ./src/rmad.o
                0x00008e64                get_uart0_bytes
 .text.UART0_RX_IRQHandler
                0x00008ea0       0x40 ./src/rmad.o
                0x00008ea0                UART0_RX_IRQHandler
 .text.GPIO_EVEN_IRQHandler
                0x00008ee0       0xf4 ./src/rmad.o
                0x00008ee0                GPIO_EVEN_IRQHandler
 .text.startup.main
                0x00008fd4      0x3fc ./src/rmad.o
                0x00008fd4                main
 .text.UART1_RX_IRQHandler
                0x000093d0       0x58 ./Drivers/retargetserial.o
                0x000093d0                UART1_RX_IRQHandler
 .text.RETARGET_SerialCrLf
                0x00009428       0x10 ./Drivers/retargetserial.o
                0x00009428                RETARGET_SerialCrLf
 .text.RETARGET_SerialInit
                0x00009438       0xb8 ./Drivers/retargetserial.o
                0x00009438                RETARGET_SerialInit
 .text.RETARGET_ReadChar
                0x000094f0       0x6c ./Drivers/retargetserial.o
                0x000094f0                RETARGET_ReadChar
 .text.RETARGET_WriteChar
                0x0000955c       0x58 ./Drivers/retargetserial.o
                0x0000955c                RETARGET_WriteChar
 .text          0x000095b4      0x370 c:/siliconlabs/simplicitystudio/v3/developer/toolchains/gnu_arm/4.8_2013q4/bin/../lib/gcc/arm-none-eabi/4.8.3/armv7-m\libgcc.a(_arm_addsubdf3.o)
                0x000095b4                __aeabi_drsub
                0x000095bc                __aeabi_dsub
                0x000095bc                __subdf3
                0x000095c0                __aeabi_dadd
                0x000095c0                __adddf3
                0x00009838                __floatunsidf
                0x00009838                __aeabi_ui2d
                0x00009858                __floatsidf
                0x00009858                __aeabi_i2d
                0x0000987c                __aeabi_f2d
                0x0000987c                __extendsfdf2
                0x000098b8                __floatundidf
                0x000098b8                __aeabi_ul2d
                0x000098c8                __floatdidf
                0x000098c8                __aeabi_l2d
 .text          0x00009924      0x424 c:/siliconlabs/simplicitystudio/v3/developer/toolchains/gnu_arm/4.8_2013q4/bin/../lib/gcc/arm-none-eabi/4.8.3/armv7-m\libgcc.a(_arm_muldivdf3.o)
                0x00009924                __aeabi_dmul
                0x00009924                __muldf3
                0x00009b78                __divdf3
                0x00009b78                __aeabi_ddiv
 .text          0x00009d48      0x110 c:/siliconlabs/simplicitystudio/v3/developer/toolchains/gnu_arm/4.8_2013q4/bin/../lib/gcc/arm-none-eabi/4.8.3/armv7-m\libgcc.a(_arm_cmpdf2.o)
                0x00009d48                __gtdf2
                0x00009d48                __gedf2
                0x00009d50                __ltdf2
                0x00009d50                __ledf2
                0x00009d58                __nedf2
                0x00009d58                __eqdf2
                0x00009d58                __cmpdf2
                0x00009dd4                __aeabi_cdrcmple
                0x00009de4                __aeabi_cdcmpeq
                0x00009de4                __aeabi_cdcmple
                0x00009df4                __aeabi_dcmpeq
                0x00009e08                __aeabi_dcmplt
                0x00009e1c                __aeabi_dcmple
                0x00009e30                __aeabi_dcmpge
                0x00009e44                __aeabi_dcmpgt
 .text          0x00009e58       0x50 c:/siliconlabs/simplicitystudio/v3/developer/toolchains/gnu_arm/4.8_2013q4/bin/../lib/gcc/arm-none-eabi/4.8.3/armv7-m\libgcc.a(_arm_fixdfsi.o)
                0x00009e58                __aeabi_d2iz
                0x00009e58                __fixdfsi
 .text          0x00009ea8       0x40 c:/siliconlabs/simplicitystudio/v3/developer/toolchains/gnu_arm/4.8_2013q4/bin/../lib/gcc/arm-none-eabi/4.8.3/armv7-m\libgcc.a(_arm_fixunsdfsi.o)
                0x00009ea8                __aeabi_d2uiz
                0x00009ea8                __fixunsdfsi
 .text          0x00009ee8       0xa0 c:/siliconlabs/simplicitystudio/v3/developer/toolchains/gnu_arm/4.8_2013q4/bin/../lib/gcc/arm-none-eabi/4.8.3/armv7-m\libgcc.a(_arm_truncdfsf2.o)
                0x00009ee8                __truncdfsf2
                0x00009ee8                __aeabi_d2f
 .text          0x00009f88      0x21c c:/siliconlabs/simplicitystudio/v3/developer/toolchains/gnu_arm/4.8_2013q4/bin/../lib/gcc/arm-none-eabi/4.8.3/armv7-m\libgcc.a(_arm_addsubsf3.o)
                0x00009f88                __aeabi_frsub
                0x00009f90                __subsf3
                0x00009f90                __aeabi_fsub
                0x00009f94                __aeabi_fadd
                0x00009f94                __addsf3
                0x0000a0f4                __aeabi_ui2f
                0x0000a0f4                __floatunsisf
                0x0000a0fc                __aeabi_i2f
                0x0000a0fc                __floatsisf
                0x0000a118                __aeabi_ul2f
                0x0000a118                __floatundisf
                0x0000a128                __aeabi_l2f
                0x0000a128                __floatdisf
 .text          0x0000a1a4      0x2a0 c:/siliconlabs/simplicitystudio/v3/developer/toolchains/gnu_arm/4.8_2013q4/bin/../lib/gcc/arm-none-eabi/4.8.3/armv7-m\libgcc.a(_arm_muldivsf3.o)
                0x0000a1a4                __mulsf3
                0x0000a1a4                __aeabi_fmul
                0x0000a30c                __aeabi_fdiv
                0x0000a30c                __divsf3
 .text          0x0000a444       0xec c:/siliconlabs/simplicitystudio/v3/developer/toolchains/gnu_arm/4.8_2013q4/bin/../lib/gcc/arm-none-eabi/4.8.3/armv7-m\libgcc.a(_arm_cmpsf2.o)
                0x0000a444                __gesf2
                0x0000a444                __gtsf2
                0x0000a44c                __lesf2
                0x0000a44c                __ltsf2
                0x0000a454                __nesf2
                0x0000a454                __eqsf2
                0x0000a454                __cmpsf2
                0x0000a4b4                __aeabi_cfrcmple
                0x0000a4bc                __aeabi_cfcmpeq
                0x0000a4bc                __aeabi_cfcmple
                0x0000a4cc                __aeabi_fcmpeq
                0x0000a4e0                __aeabi_fcmplt
                0x0000a4f4                __aeabi_fcmple
                0x0000a508                __aeabi_fcmpge
                0x0000a51c                __aeabi_fcmpgt
 .text          0x0000a530       0x4c c:/siliconlabs/simplicitystudio/v3/developer/toolchains/gnu_arm/4.8_2013q4/bin/../lib/gcc/arm-none-eabi/4.8.3/armv7-m\libgcc.a(_arm_fixsfsi.o)
                0x0000a530                __aeabi_f2iz
                0x0000a530                __fixsfsi
 .text          0x0000a57c       0x40 c:/siliconlabs/simplicitystudio/v3/developer/toolchains/gnu_arm/4.8_2013q4/bin/../lib/gcc/arm-none-eabi/4.8.3/armv7-m\libgcc.a(_arm_fixunssfsi.o)
                0x0000a57c                __fixunssfsi
                0x0000a57c                __aeabi_f2uiz
 .text          0x0000a5bc       0x2c c:/siliconlabs/simplicitystudio/v3/developer/toolchains/gnu_arm/4.8_2013q4/bin/../lib/gcc/arm-none-eabi/4.8.3/armv7-m\libgcc.a(_aeabi_uldivmod.o)
                0x0000a5bc                __aeabi_uldivmod
 .text          0x0000a5e8       0x30 c:/siliconlabs/simplicitystudio/v3/developer/toolchains/gnu_arm/4.8_2013q4/bin/../lib/gcc/arm-none-eabi/4.8.3/armv7-m\libgcc.a(_fixdfdi.o)
                0x0000a5e8                __fixdfdi
                0x0000a5e8                __aeabi_d2lz
 .text          0x0000a618       0x44 c:/siliconlabs/simplicitystudio/v3/developer/toolchains/gnu_arm/4.8_2013q4/bin/../lib/gcc/arm-none-eabi/4.8.3/armv7-m\libgcc.a(_fixunsdfdi.o)
                0x0000a618                __fixunsdfdi
                0x0000a618                __aeabi_d2ulz
 .text          0x0000a65c       0x60 c:/siliconlabs/simplicitystudio/v3/developer/toolchains/gnu_arm/4.8_2013q4/bin/../lib/gcc/arm-none-eabi/4.8.3/armv7-m\libgcc.a(bpabi.o)
                0x0000a65c                __gnu_ldivmod_helper
                0x0000a68c                __gnu_uldivmod_helper
 .text          0x0000a6bc        0x4 c:/siliconlabs/simplicitystudio/v3/developer/toolchains/gnu_arm/4.8_2013q4/bin/../lib/gcc/arm-none-eabi/4.8.3/armv7-m\libgcc.a(_dvmd_tls.o)
                0x0000a6bc                __aeabi_idiv0
                0x0000a6bc                __aeabi_ldiv0
 .text          0x0000a6c0      0x2a0 c:/siliconlabs/simplicitystudio/v3/developer/toolchains/gnu_arm/4.8_2013q4/bin/../lib/gcc/arm-none-eabi/4.8.3/armv7-m\libgcc.a(_divdi3.o)
                0x0000a6c0                __divdi3
 .text          0x0000a960      0x290 c:/siliconlabs/simplicitystudio/v3/developer/toolchains/gnu_arm/4.8_2013q4/bin/../lib/gcc/arm-none-eabi/4.8.3/armv7-m\libgcc.a(_udivdi3.o)
                0x0000a960                __udivdi3
 .text.__errno  0x0000abf0        0xc c:/siliconlabs/simplicitystudio/v3/developer/toolchains/gnu_arm/4.8_2013q4/bin/../lib/gcc/arm-none-eabi/4.8.3/../../../../arm-none-eabi/lib/armv7-m\libc_s.a(lib_a-errno.o)
                0x0000abf0                __errno
 .text.exit     0x0000abfc       0x28 c:/siliconlabs/simplicitystudio/v3/developer/toolchains/gnu_arm/4.8_2013q4/bin/../lib/gcc/arm-none-eabi/4.8.3/../../../../arm-none-eabi/lib/armv7-m\libc_s.a(lib_a-exit.o)
                0x0000abfc                exit
 .text.fileno   0x0000ac24       0x5c c:/siliconlabs/simplicitystudio/v3/developer/toolchains/gnu_arm/4.8_2013q4/bin/../lib/gcc/arm-none-eabi/4.8.3/../../../../arm-none-eabi/lib/armv7-m\libc_s.a(lib_a-fileno.o)
                0x0000ac24                fileno
 .text._cleanup_r
                0x0000ac80       0x32 c:/siliconlabs/simplicitystudio/v3/developer/toolchains/gnu_arm/4.8_2013q4/bin/../lib/gcc/arm-none-eabi/4.8.3/../../../../arm-none-eabi/lib/armv7-m\libc_s.a(lib_a-findfp.o)
                0x0000ac80                _cleanup_r
 *fill*         0x0000acb2        0x2 
 .text.std.isra.0
                0x0000acb4       0x48 c:/siliconlabs/simplicitystudio/v3/developer/toolchains/gnu_arm/4.8_2013q4/bin/../lib/gcc/arm-none-eabi/4.8.3/../../../../arm-none-eabi/lib/armv7-m\libc_s.a(lib_a-findfp.o)
 .text.__sfmoreglue
                0x0000acfc       0x2c c:/siliconlabs/simplicitystudio/v3/developer/toolchains/gnu_arm/4.8_2013q4/bin/../lib/gcc/arm-none-eabi/4.8.3/../../../../arm-none-eabi/lib/armv7-m\libc_s.a(lib_a-findfp.o)
                0x0000acfc                __sfmoreglue
 .text.__sinit  0x0000ad28       0x60 c:/siliconlabs/simplicitystudio/v3/developer/toolchains/gnu_arm/4.8_2013q4/bin/../lib/gcc/arm-none-eabi/4.8.3/../../../../arm-none-eabi/lib/armv7-m\libc_s.a(lib_a-findfp.o)
                0x0000ad28                __sinit
 .text.__sfp    0x0000ad88       0x74 c:/siliconlabs/simplicitystudio/v3/developer/toolchains/gnu_arm/4.8_2013q4/bin/../lib/gcc/arm-none-eabi/4.8.3/../../../../arm-none-eabi/lib/armv7-m\libc_s.a(lib_a-findfp.o)
                0x0000ad88                __sfp
 .text.__libc_init_array
                0x0000adfc       0x4c c:/siliconlabs/simplicitystudio/v3/developer/toolchains/gnu_arm/4.8_2013q4/bin/../lib/gcc/arm-none-eabi/4.8.3/../../../../arm-none-eabi/lib/armv7-m\libc_s.a(lib_a-init.o)
                0x0000adfc                __libc_init_array
 .text.memcpy   0x0000ae48       0x12 c:/siliconlabs/simplicitystudio/v3/developer/toolchains/gnu_arm/4.8_2013q4/bin/../lib/gcc/arm-none-eabi/4.8.3/../../../../arm-none-eabi/lib/armv7-m\libc_s.a(lib_a-memcpy-stub.o)
                0x0000ae48                memcpy
 .text.memset   0x0000ae5a       0x10 c:/siliconlabs/simplicitystudio/v3/developer/toolchains/gnu_arm/4.8_2013q4/bin/../lib/gcc/arm-none-eabi/4.8.3/../../../../arm-none-eabi/lib/armv7-m\libc_s.a(lib_a-memset.o)
                0x0000ae5a                memset
 *fill*         0x0000ae6a        0x2 
 .text._malloc_r
                0x0000ae6c       0xa8 c:/siliconlabs/simplicitystudio/v3/developer/toolchains/gnu_arm/4.8_2013q4/bin/../lib/gcc/arm-none-eabi/4.8.3/../../../../arm-none-eabi/lib/armv7-m\libc_s.a(lib_a-nano-mallocr.o)
                0x0000ae6c                _malloc_r
 .text.printf   0x0000af14       0x30 c:/siliconlabs/simplicitystudio/v3/developer/toolchains/gnu_arm/4.8_2013q4/bin/../lib/gcc/arm-none-eabi/4.8.3/../../../../arm-none-eabi/lib/armv7-m\libc_s.a(lib_a-printf.o)
                0x0000af14                iprintf
                0x0000af14                printf
 .text.putchar  0x0000af44       0x28 c:/siliconlabs/simplicitystudio/v3/developer/toolchains/gnu_arm/4.8_2013q4/bin/../lib/gcc/arm-none-eabi/4.8.3/../../../../arm-none-eabi/lib/armv7-m\libc_s.a(lib_a-putchar.o)
                0x0000af44                putchar
 .text._sbrk_r  0x0000af6c       0x20 c:/siliconlabs/simplicitystudio/v3/developer/toolchains/gnu_arm/4.8_2013q4/bin/../lib/gcc/arm-none-eabi/4.8.3/../../../../arm-none-eabi/lib/armv7-m\libc_s.a(lib_a-sbrkr.o)
                0x0000af6c                _sbrk_r
 .text.setvbuf  0x0000af8c      0x110 c:/siliconlabs/simplicitystudio/v3/developer/toolchains/gnu_arm/4.8_2013q4/bin/../lib/gcc/arm-none-eabi/4.8.3/../../../../arm-none-eabi/lib/armv7-m\libc_s.a(lib_a-setvbuf.o)
                0x0000af8c                setvbuf
 .text.__sread  0x0000b09c       0x22 c:/siliconlabs/simplicitystudio/v3/developer/toolchains/gnu_arm/4.8_2013q4/bin/../lib/gcc/arm-none-eabi/4.8.3/../../../../arm-none-eabi/lib/armv7-m\libc_s.a(lib_a-stdio.o)
                0x0000b09c                __sread
 .text.__swrite
                0x0000b0be       0x38 c:/siliconlabs/simplicitystudio/v3/developer/toolchains/gnu_arm/4.8_2013q4/bin/../lib/gcc/arm-none-eabi/4.8.3/../../../../arm-none-eabi/lib/armv7-m\libc_s.a(lib_a-stdio.o)
                0x0000b0be                __swrite
 .text.__sseek  0x0000b0f6       0x24 c:/siliconlabs/simplicitystudio/v3/developer/toolchains/gnu_arm/4.8_2013q4/bin/../lib/gcc/arm-none-eabi/4.8.3/../../../../arm-none-eabi/lib/armv7-m\libc_s.a(lib_a-stdio.o)
                0x0000b0f6                __sseek
 .text.__sclose
                0x0000b11a        0x8 c:/siliconlabs/simplicitystudio/v3/developer/toolchains/gnu_arm/4.8_2013q4/bin/../lib/gcc/arm-none-eabi/4.8.3/../../../../arm-none-eabi/lib/armv7-m\libc_s.a(lib_a-stdio.o)
                0x0000b11a                __sclose
 .text.strlen   0x0000b122       0x10 c:/siliconlabs/simplicitystudio/v3/developer/toolchains/gnu_arm/4.8_2013q4/bin/../lib/gcc/arm-none-eabi/4.8.3/../../../../arm-none-eabi/lib/armv7-m\libc_s.a(lib_a-strlen.o)
                0x0000b122                strlen
 .text.__sfputc_r
                0x0000b132       0x2c c:/siliconlabs/simplicitystudio/v3/developer/toolchains/gnu_arm/4.8_2013q4/bin/../lib/gcc/arm-none-eabi/4.8.3/../../../../arm-none-eabi/lib/armv7-m\libc_s.a(lib_a-vfprintf.o)
 .text.__sfputs_r
                0x0000b15e       0x24 c:/siliconlabs/simplicitystudio/v3/developer/toolchains/gnu_arm/4.8_2013q4/bin/../lib/gcc/arm-none-eabi/4.8.3/../../../../arm-none-eabi/lib/armv7-m\libc_s.a(lib_a-vfprintf.o)
                0x0000b15e                __sfputs_r
 *fill*         0x0000b182        0x2 
 .text._vfprintf_r
                0x0000b184      0x208 c:/siliconlabs/simplicitystudio/v3/developer/toolchains/gnu_arm/4.8_2013q4/bin/../lib/gcc/arm-none-eabi/4.8.3/../../../../arm-none-eabi/lib/armv7-m\libc_s.a(lib_a-vfprintf.o)
                0x0000b184                _vfprintf_r
                0x0000b184                _vfiprintf_r
 .text._printf_common
                0x0000b38c       0xe4 c:/siliconlabs/simplicitystudio/v3/developer/toolchains/gnu_arm/4.8_2013q4/bin/../lib/gcc/arm-none-eabi/4.8.3/../../../../arm-none-eabi/lib/armv7-m\libc_s.a(lib_a-vfprintf_i.o)
                0x0000b38c                _printf_common
 .text._printf_i
                0x0000b470      0x228 c:/siliconlabs/simplicitystudio/v3/developer/toolchains/gnu_arm/4.8_2013q4/bin/../lib/gcc/arm-none-eabi/4.8.3/../../../../arm-none-eabi/lib/armv7-m\libc_s.a(lib_a-vfprintf_i.o)
                0x0000b470                _printf_i
 .text.__swbuf_r
                0x0000b698       0xa8 c:/siliconlabs/simplicitystudio/v3/developer/toolchains/gnu_arm/4.8_2013q4/bin/../lib/gcc/arm-none-eabi/4.8.3/../../../../arm-none-eabi/lib/armv7-m\libc_s.a(lib_a-wbuf.o)
                0x0000b698                __swbuf_r
 .text._write_r
                0x0000b740       0x24 c:/siliconlabs/simplicitystudio/v3/developer/toolchains/gnu_arm/4.8_2013q4/bin/../lib/gcc/arm-none-eabi/4.8.3/../../../../arm-none-eabi/lib/armv7-m\libc_s.a(lib_a-writer.o)
                0x0000b740                _write_r
 .text.__swsetup_r
                0x0000b764       0xdc c:/siliconlabs/simplicitystudio/v3/developer/toolchains/gnu_arm/4.8_2013q4/bin/../lib/gcc/arm-none-eabi/4.8.3/../../../../arm-none-eabi/lib/armv7-m\libc_s.a(lib_a-wsetup.o)
                0x0000b764                __swsetup_r
 .text._close_r
                0x0000b840       0x20 c:/siliconlabs/simplicitystudio/v3/developer/toolchains/gnu_arm/4.8_2013q4/bin/../lib/gcc/arm-none-eabi/4.8.3/../../../../arm-none-eabi/lib/armv7-m\libc_s.a(lib_a-closer.o)
                0x0000b840                _close_r
 .text.__sflush_r
                0x0000b860      0x106 c:/siliconlabs/simplicitystudio/v3/developer/toolchains/gnu_arm/4.8_2013q4/bin/../lib/gcc/arm-none-eabi/4.8.3/../../../../arm-none-eabi/lib/armv7-m\libc_s.a(lib_a-fflush.o)
                0x0000b860                __sflush_r
 *fill*         0x0000b966        0x2 
 .text._fflush_r
                0x0000b968       0x54 c:/siliconlabs/simplicitystudio/v3/developer/toolchains/gnu_arm/4.8_2013q4/bin/../lib/gcc/arm-none-eabi/4.8.3/../../../../arm-none-eabi/lib/armv7-m\libc_s.a(lib_a-fflush.o)
                0x0000b968                _fflush_r
 .text._lseek_r
                0x0000b9bc       0x24 c:/siliconlabs/simplicitystudio/v3/developer/toolchains/gnu_arm/4.8_2013q4/bin/../lib/gcc/arm-none-eabi/4.8.3/../../../../arm-none-eabi/lib/armv7-m\libc_s.a(lib_a-lseekr.o)
                0x0000b9bc                _lseek_r
 .text.__smakebuf_r
                0x0000b9e0       0x98 c:/siliconlabs/simplicitystudio/v3/developer/toolchains/gnu_arm/4.8_2013q4/bin/../lib/gcc/arm-none-eabi/4.8.3/../../../../arm-none-eabi/lib/armv7-m\libc_s.a(lib_a-makebuf.o)
                0x0000b9e0                __smakebuf_r
 .text.malloc   0x0000ba78       0x10 c:/siliconlabs/simplicitystudio/v3/developer/toolchains/gnu_arm/4.8_2013q4/bin/../lib/gcc/arm-none-eabi/4.8.3/../../../../arm-none-eabi/lib/armv7-m\libc_s.a(lib_a-malloc.o)
                0x0000ba78                malloc
 .text.memchr   0x0000ba88       0x1c c:/siliconlabs/simplicitystudio/v3/developer/toolchains/gnu_arm/4.8_2013q4/bin/../lib/gcc/arm-none-eabi/4.8.3/../../../../arm-none-eabi/lib/armv7-m\libc_s.a(lib_a-memchr-stub.o)
                0x0000ba88                memchr
 .text._free_r  0x0000baa4       0x88 c:/siliconlabs/simplicitystudio/v3/developer/toolchains/gnu_arm/4.8_2013q4/bin/../lib/gcc/arm-none-eabi/4.8.3/../../../../arm-none-eabi/lib/armv7-m\libc_s.a(lib_a-nano-freer.o)
                0x0000baa4                _free_r
 .text._putc_r  0x0000bb2c       0x78 c:/siliconlabs/simplicitystudio/v3/developer/toolchains/gnu_arm/4.8_2013q4/bin/../lib/gcc/arm-none-eabi/4.8.3/../../../../arm-none-eabi/lib/armv7-m\libc_s.a(lib_a-putc.o)
                0x0000bb2c                _putc_r
 .text._read_r  0x0000bba4       0x24 c:/siliconlabs/simplicitystudio/v3/developer/toolchains/gnu_arm/4.8_2013q4/bin/../lib/gcc/arm-none-eabi/4.8.3/../../../../arm-none-eabi/lib/armv7-m\libc_s.a(lib_a-readr.o)
                0x0000bba4                _read_r
 .text._fstat_r
                0x0000bbc8       0x24 c:/siliconlabs/simplicitystudio/v3/developer/toolchains/gnu_arm/4.8_2013q4/bin/../lib/gcc/arm-none-eabi/4.8.3/../../../../arm-none-eabi/lib/armv7-m\libc_s.a(lib_a-fstatr.o)
                0x0000bbc8                _fstat_r
 .text._isatty_r
                0x0000bbec       0x20 c:/siliconlabs/simplicitystudio/v3/developer/toolchains/gnu_arm/4.8_2013q4/bin/../lib/gcc/arm-none-eabi/4.8.3/../../../../arm-none-eabi/lib/armv7-m\libc_s.a(lib_a-isattyr.o)
                0x0000bbec                _isatty_r
 *(.init)
 .init          0x0000bc0c        0x4 c:/siliconlabs/simplicitystudio/v3/developer/toolchains/gnu_arm/4.8_2013q4/bin/../lib/gcc/arm-none-eabi/4.8.3/armv7-m/crti.o
                0x0000bc0c                _init
 .init          0x0000bc10        0x8 c:/siliconlabs/simplicitystudio/v3/developer/toolchains/gnu_arm/4.8_2013q4/bin/../lib/gcc/arm-none-eabi/4.8.3/armv7-m/crtn.o
 *(.fini)
 .fini          0x0000bc18        0x4 c:/siliconlabs/simplicitystudio/v3/developer/toolchains/gnu_arm/4.8_2013q4/bin/../lib/gcc/arm-none-eabi/4.8.3/armv7-m/crti.o
                0x0000bc18                _fini
 .fini          0x0000bc1c        0x8 c:/siliconlabs/simplicitystudio/v3/developer/toolchains/gnu_arm/4.8_2013q4/bin/../lib/gcc/arm-none-eabi/4.8.3/armv7-m/crtn.o
 *fill*         0x0000bc24        0x4 
 .fini.__stub   0x0000bc28       0x20 linker stubs
 *crtbegin.o(.ctors)
 *crtbegin?.o(.ctors)
 *(EXCLUDE_FILE(*crtend.o *crtend?.o) .ctors)
 *(SORT(.ctors.*))
 *(.ctors)
 *crtbegin.o(.dtors)
 *crtbegin?.o(.dtors)
 *(EXCLUDE_FILE(*crtend.o *crtend?.o) .dtors)
 *(SORT(.dtors.*))
 *(.dtors)
 *(.rodata*)
 .rodata.gl_adjustable_params
                0x0000bc48        0x4 ./src/adjustable_params.o
                0x0000bc48                gl_adjustable_params
 .rodata        0x0000bc4c       0x54 ./src/config.o
 .rodata.str1.4
                0x0000bca0      0x212 ./src/config.o
                                0x214 (size before relaxing)
 *fill*         0x0000beb2        0x2 
 .rodata        0x0000beb4        0x8 ./src/dust_com.o
 .rodata.sendto_template.6931
                0x0000bebc       0x18 ./src/dust_com.o
 .rodata.str1.4
                0x0000bed4      0x29c ./src/dust_com.o
 .rodata.fcstab
                0x0000c170      0x200 ./src/fcs.o
 .rodata.str1.4
                0x0000c370      0x14b ./src/flash.o
                                0x14c (size before relaxing)
 *fill*         0x0000c4bb        0x1 
 .rodata.str1.4
                0x0000c4bc      0x24e ./src/process.o
                                0x250 (size before relaxing)
 *fill*         0x0000c70a        0x2 
 .rodata        0x0000c70c       0x14 ./src/wait_burtc.o
 .rodata.CSWTCH.8
                0x0000c720       0x3c ./emlib/em_ebi.o
 .rodata.descCfgWr
                0x0000c75c        0x8 ./Drivers/nandflash.o
 .rodata.chnCfg
                0x0000c764        0xc ./Drivers/nandflash.o
 .rodata.dmaInit
                0x0000c770        0x8 ./Drivers/nandflash.o
 .rodata.descCfgRd
                0x0000c778        0x8 ./Drivers/nandflash.o
 .rodata.heaperr.6217
                0x0000c780       0x1c ./Drivers/retargetio.o
 .rodata        0x0000c79c       0x50 ./BSP/bsp_stk.o
 .rodata.str1.4
                0x0000c7ec        0x4 c:/siliconlabs/simplicitystudio/v3/developer/toolchains/gnu_arm/4.8_2013q4/bin/../lib/gcc/arm-none-eabi/4.8.3/../../../../arm-none-eabi/lib/armv7-m\libm.a(lib_a-w_pow.o)
 .rodata.str1.4
                0x0000c7f0        0x5 c:/siliconlabs/simplicitystudio/v3/developer/toolchains/gnu_arm/4.8_2013q4/bin/../lib/gcc/arm-none-eabi/4.8.3/../../../../arm-none-eabi/lib/armv7-m\libm.a(lib_a-w_sqrt.o)
                                  0x8 (size before relaxing)
 *fill*         0x0000c7f5        0x3 
 .rodata.dp_h   0x0000c7f8       0x10 c:/siliconlabs/simplicitystudio/v3/developer/toolchains/gnu_arm/4.8_2013q4/bin/../lib/gcc/arm-none-eabi/4.8.3/../../../../arm-none-eabi/lib/armv7-m\libm.a(lib_a-e_pow.o)
 .rodata.dp_l   0x0000c808       0x10 c:/siliconlabs/simplicitystudio/v3/developer/toolchains/gnu_arm/4.8_2013q4/bin/../lib/gcc/arm-none-eabi/4.8.3/../../../../arm-none-eabi/lib/armv7-m\libm.a(lib_a-e_pow.o)
 .rodata.bp     0x0000c818       0x10 c:/siliconlabs/simplicitystudio/v3/developer/toolchains/gnu_arm/4.8_2013q4/bin/../lib/gcc/arm-none-eabi/4.8.3/../../../../arm-none-eabi/lib/armv7-m\libm.a(lib_a-e_pow.o)
 .rodata.str1.4
                0x00000000        0x5 c:/siliconlabs/simplicitystudio/v3/developer/toolchains/gnu_arm/4.8_2013q4/bin/../lib/gcc/arm-none-eabi/4.8.3/../../../../arm-none-eabi/lib/armv7-m\libm.a(lib_a-e_pow.o)
                                  0x4 (size before relaxing)
 .rodata.TWO52  0x0000c828       0x10 c:/siliconlabs/simplicitystudio/v3/developer/toolchains/gnu_arm/4.8_2013q4/bin/../lib/gcc/arm-none-eabi/4.8.3/../../../../arm-none-eabi/lib/armv7-m\libm.a(lib_a-s_rint.o)
 .rodata.str1.4
                0x0000c838       0x29 ./src/aux_data.o
                                 0x2c (size before relaxing)
 *fill*         0x0000c861        0x3 
 .rodata        0x0000c864        0x8 ./src/rmad.o
 .rodata.str1.4
                0x0000c86c       0x94 ./src/rmad.o
                                 0x98 (size before relaxing)
 .rodata        0x0000c900       0x18 ./Drivers/retargetserial.o
 .rodata.__sf_fake_stdin
                0x0000c918       0x20 c:/siliconlabs/simplicitystudio/v3/developer/toolchains/gnu_arm/4.8_2013q4/bin/../lib/gcc/arm-none-eabi/4.8.3/../../../../arm-none-eabi/lib/armv7-m\libc_s.a(lib_a-findfp.o)
                0x0000c918                __sf_fake_stdin
 .rodata.__sf_fake_stdout
                0x0000c938       0x20 c:/siliconlabs/simplicitystudio/v3/developer/toolchains/gnu_arm/4.8_2013q4/bin/../lib/gcc/arm-none-eabi/4.8.3/../../../../arm-none-eabi/lib/armv7-m\libc_s.a(lib_a-findfp.o)
                0x0000c938                __sf_fake_stdout
 .rodata.__sf_fake_stderr
                0x0000c958       0x20 c:/siliconlabs/simplicitystudio/v3/developer/toolchains/gnu_arm/4.8_2013q4/bin/../lib/gcc/arm-none-eabi/4.8.3/../../../../arm-none-eabi/lib/armv7-m\libc_s.a(lib_a-findfp.o)
                0x0000c958                __sf_fake_stderr
 .rodata.str1.1
                0x0000c978        0x2 c:/siliconlabs/simplicitystudio/v3/developer/toolchains/gnu_arm/4.8_2013q4/bin/../lib/gcc/arm-none-eabi/4.8.3/../../../../arm-none-eabi/lib/armv7-m\libc_s.a(lib_a-impure.o)
 *fill*         0x0000c97a        0x2 
 .rodata._global_impure_ptr
                0x0000c97c        0x4 c:/siliconlabs/simplicitystudio/v3/developer/toolchains/gnu_arm/4.8_2013q4/bin/../lib/gcc/arm-none-eabi/4.8.3/../../../../arm-none-eabi/lib/armv7-m\libc_s.a(lib_a-impure.o)
                0x0000c97c                _global_impure_ptr
 .rodata.str1.1
                0x0000c980       0x11 c:/siliconlabs/simplicitystudio/v3/developer/toolchains/gnu_arm/4.8_2013q4/bin/../lib/gcc/arm-none-eabi/4.8.3/../../../../arm-none-eabi/lib/armv7-m\libc_s.a(lib_a-vfprintf.o)
 .rodata.str1.1
                0x0000c991       0x22 c:/siliconlabs/simplicitystudio/v3/developer/toolchains/gnu_arm/4.8_2013q4/bin/../lib/gcc/arm-none-eabi/4.8.3/../../../../arm-none-eabi/lib/armv7-m\libc_s.a(lib_a-vfprintf_i.o)
 *(.eh_frame*)
 *fill*         0x0000c9b3        0x1 
 .eh_frame      0x0000c9b4        0x0 c:/siliconlabs/simplicitystudio/v3/developer/toolchains/gnu_arm/4.8_2013q4/bin/../lib/gcc/arm-none-eabi/4.8.3/armv7-m/crtbegin.o
 .eh_frame      0x0000c9b4        0x4 c:/siliconlabs/simplicitystudio/v3/developer/toolchains/gnu_arm/4.8_2013q4/bin/../lib/gcc/arm-none-eabi/4.8.3/armv7-m/crtend.o

.glue_7         0x0000c9b8        0x0
 .glue_7        0x00000000        0x0 linker stubs

.glue_7t        0x0000c9b8        0x0
 .glue_7t       0x00000000        0x0 linker stubs

.vfp11_veneer   0x0000c9b8        0x0
 .vfp11_veneer  0x00000000        0x0 linker stubs

.v4_bx          0x0000c9b8        0x0
 .v4_bx         0x00000000        0x0 linker stubs

.iplt           0x0000c9b8        0x0
 .iplt          0x00000000        0x0 c:/siliconlabs/simplicitystudio/v3/developer/toolchains/gnu_arm/4.8_2013q4/bin/../lib/gcc/arm-none-eabi/4.8.3/armv7-m/crtbegin.o

.ARM.extab
 *(.ARM.extab* .gnu.linkonce.armextab.*)
                0x0000c9b8                __exidx_start = .

.ARM.exidx      0x0000c9b8        0x8
 *(.ARM.exidx* .gnu.linkonce.armexidx.*)
 .ARM.exidx     0x0000c9b8        0x8 c:/siliconlabs/simplicitystudio/v3/developer/toolchains/gnu_arm/4.8_2013q4/bin/../lib/gcc/arm-none-eabi/4.8.3/../../../../arm-none-eabi/lib/armv7-m/crt0.o
 .ARM.exidx     0x0000c9c0        0x0 c:/siliconlabs/simplicitystudio/v3/developer/toolchains/gnu_arm/4.8_2013q4/bin/../lib/gcc/arm-none-eabi/4.8.3/armv7-m\libgcc.a(_divdi3.o)
                                  0x8 (size before relaxing)
 .ARM.exidx     0x0000c9c0        0x0 c:/siliconlabs/simplicitystudio/v3/developer/toolchains/gnu_arm/4.8_2013q4/bin/../lib/gcc/arm-none-eabi/4.8.3/armv7-m\libgcc.a(_udivdi3.o)
                                  0x8 (size before relaxing)
                0x0000c9c0                __exidx_end = .
                0x0000c9c0                __etext = .

.rel.dyn        0x0000c9c0        0x0
 .rel.iplt      0x00000000        0x0 c:/siliconlabs/simplicitystudio/v3/developer/toolchains/gnu_arm/4.8_2013q4/bin/../lib/gcc/arm-none-eabi/4.8.3/armv7-m/crtbegin.o

.data           0x20000000      0x76c load address 0x0000c9c0
                0x20000000                __data_start__ = .
 *(vtable)
 *(.data*)
 .data.gl_flash_adjustable_params
                0x20000000        0x4 ./src/adjustable_params.o
                0x20000000                gl_flash_adjustable_params
 .data.gl_adjustable_params_ext
                0x20000004       0x40 ./src/adjustable_params.o
 .data.gl_flash_adjustable_params_ext
                0x20000044        0x4 ./src/adjustable_params.o
                0x20000044                gl_flash_adjustable_params_ext
 .data.charging_enable
                0x20000048        0x1 ./src/config.o
                0x20000048                charging_enable
 .data.gl_packet_ID
                0x20000049        0x1 ./src/dust_com.o
 *fill*         0x2000004a        0x2 
 .data.gl_socket_id
                0x2000004c        0x4 ./src/dust_com.o
                0x2000004c                gl_socket_id
 .data.gl_packet_to_master_seq_num
                0x20000050        0x2 ./src/dust_com.o
 .data.gl_sync  0x20000052        0x1 ./src/dust_com.o
 .data.first_call.6729
                0x20000053        0x1 ./src/flash.o
 .data.gl_next_page_in_block_to_use
                0x20000054        0x4 ./src/process.o
 .data.gl_prev_sps
                0x20000058        0x4 ./src/process.o
 .data.SystemLFXOClock
                0x2000005c        0x4 ./CMSIS/efm32gg/system_efm32gg.o
 .data.SystemHFXOClock
                0x20000060        0x4 ./CMSIS/efm32gg/system_efm32gg.o
 .data.__fdlib_version
                0x20000064        0x1 c:/siliconlabs/simplicitystudio/v3/developer/toolchains/gnu_arm/4.8_2013q4/bin/../lib/gcc/arm-none-eabi/4.8.3/../../../../arm-none-eabi/lib/armv7-m\libm.a(lib_a-s_lib_ver.o)
                0x20000064                __fdlib_version
 *fill*         0x20000065        0x3 
 .data.charging
                0x20000068        0x4 ./src/aux_data.o
 .data.adc_ch_list_preamp_off
                0x2000006c        0x4 ./src/aux_data.o
                0x2000006c                adc_ch_list_preamp_off
 .data.adc_ch_list_system
                0x20000070        0x4 ./src/aux_data.o
                0x20000070                adc_ch_list_system
 .data.gl_debug_on_UART1
                0x20000074        0x1 ./src/rmad.o
                0x20000074                gl_debug_on_UART1
 *fill*         0x20000075        0x3 
 .data.gl_prev_received_packet_id
                0x20000078        0x4 ./src/rmad.o
 .data.gl_sleep_mode_recording
                0x2000007c        0x4 ./src/rmad.o
                0x2000007c                gl_sleep_mode_recording
 .data.gl_sleep_mode_uart
                0x20000080        0x4 ./src/rmad.o
 .data.impure_data
                0x20000084       0x60 c:/siliconlabs/simplicitystudio/v3/developer/toolchains/gnu_arm/4.8_2013q4/bin/../lib/gcc/arm-none-eabi/4.8.3/../../../../arm-none-eabi/lib/armv7-m\libc_s.a(lib_a-impure.o)
 .data._impure_ptr
                0x200000e4        0x4 c:/siliconlabs/simplicitystudio/v3/developer/toolchains/gnu_arm/4.8_2013q4/bin/../lib/gcc/arm-none-eabi/4.8.3/../../../../arm-none-eabi/lib/armv7-m\libc_s.a(lib_a-impure.o)
                0x200000e4                _impure_ptr
                0x200000e8                . = ALIGN (0x4)
 *(.ram)
 .ram           0x200000e8      0x67c ./emlib/em_msc.o
                0x200000e8                mscRfAssertEFM
                0x200000ec                mscRfIntDisable
                0x20000100                mscRfIntEnable
                0x20000114                MSC_LoadVerifyAddress
                0x20000160                MSC_LoadWriteData
                0x200002c8                MSC_WriteWordI
                0x2000037c                MSC_ErasePage
                0x200003f0                MSC_WriteWord
                0x2000056c                MSC_WriteWordFast
                0x2000072c                MSC_MassErase
                0x20000764                . = ALIGN (0x4)
                0x20000764                PROVIDE (__preinit_array_start, .)
 *(.preinit_array)
                0x20000764                PROVIDE (__preinit_array_end, .)
                0x20000764                . = ALIGN (0x4)
                0x20000764                PROVIDE (__init_array_start, .)
 *(SORT(.init_array.*))
 *(.init_array)
 .init_array    0x20000764        0x4 c:/siliconlabs/simplicitystudio/v3/developer/toolchains/gnu_arm/4.8_2013q4/bin/../lib/gcc/arm-none-eabi/4.8.3/armv7-m/crtbegin.o
                0x20000768                PROVIDE (__init_array_end, .)
                0x20000768                . = ALIGN (0x4)
                0x20000768                PROVIDE (__fini_array_start, .)
 *(SORT(.fini_array.*))
 *(.fini_array)
 .fini_array    0x20000768        0x4 c:/siliconlabs/simplicitystudio/v3/developer/toolchains/gnu_arm/4.8_2013q4/bin/../lib/gcc/arm-none-eabi/4.8.3/armv7-m/crtbegin.o
                0x2000076c                PROVIDE (__fini_array_end, .)
                0x2000076c                . = ALIGN (0x4)
                0x2000076c                __data_end__ = .

.jcr            0x2000076c        0x0 load address 0x0000d12c
 .jcr           0x2000076c        0x0 c:/siliconlabs/simplicitystudio/v3/developer/toolchains/gnu_arm/4.8_2013q4/bin/../lib/gcc/arm-none-eabi/4.8.3/armv7-m/crtbegin.o

.igot.plt       0x2000076c        0x0 load address 0x0000d12c
 .igot.plt      0x00000000        0x0 c:/siliconlabs/simplicitystudio/v3/developer/toolchains/gnu_arm/4.8_2013q4/bin/../lib/gcc/arm-none-eabi/4.8.3/armv7-m/crtbegin.o

.bss            0x20000800    0x1a220 load address 0x0000d200
                0x20000800                __bss_start__ = .
 *(.bss*)
 .bss           0x20000800       0x1c c:/siliconlabs/simplicitystudio/v3/developer/toolchains/gnu_arm/4.8_2013q4/bin/../lib/gcc/arm-none-eabi/4.8.3/armv7-m/crtbegin.o
 .bss.fastcharge
                0x2000081c        0x4 ./src/config.o
                0x2000081c                fastcharge
 .bss.static_seq_num.6906
                0x20000820        0x2 ./src/dust_com.o
 .bss.gl_mote_online_check
                0x20000822        0x1 ./src/dust_com.o
                0x20000822                gl_mote_online_check
 .bss.gl_dont_wait_for_acks
                0x20000823        0x1 ./src/dust_com.o
                0x20000823                gl_dont_wait_for_acks
 .bss.gl_next_block_to_use
                0x20000824        0x4 ./src/flash.o
 .bss.block.6727
                0x20000828     0x4000 ./src/flash.o
 .bss.is_written_to.6728
                0x20004828       0x20 ./src/flash.o
 .bss.rtcDelayComplete
                0x20004848        0x1 ./src/ngi_rtcdrv.o
 .bss.rtcInitialized
                0x20004849        0x1 ./src/ngi_rtcdrv.o
 *fill*         0x2000484a        0x2 
 .bss.rtcCounter
                0x2000484c        0x4 ./src/ngi_rtcdrv.o
 .bss.rtcFreq   0x20004850        0x4 ./src/ngi_rtcdrv.o
 .bss.rtcCb     0x20004854        0x4 ./src/ngi_rtcdrv.o
 .bss.gl_packet_buf
                0x20004858      0xb48 ./src/packet.o
 .bss.gl_packet_seq_num_at_last_sent_command
                0x200053a0        0x8 ./src/packet.o
 .bss.gl_packet_last_sent_command
                0x200053a8       0x80 ./src/packet.o
 .bss.min       0x20005428        0x4 ./src/process.o
 .bss.max       0x2000542c        0x4 ./src/process.o
 .bss.gl_last_timestamp
                0x20005430        0xc ./src/process.o
 .bss.minsample
                0x2000543c        0x4 ./src/process.o
 .bss.sample_mean
                0x20005440        0x4 ./src/process.o
 *fill*         0x20005444        0x4 
 .bss.gl_rrb    0x20005448     0xb470 ./src/process.o
                0x20005448                gl_rrb
 .bss.maxsample
                0x200108b8        0x4 ./src/process.o
 .bss.gl_latest_flash_id
                0x200108bc        0x2 ./src/process.o
 *fill*         0x200108be        0x2 
 .bss.burtc_counter
                0x200108c0        0x4 ./src/wait_burtc.o
 .bss.burtc_initialized
                0x200108c4        0x1 ./src/wait_burtc.o
 .bss.burtc_delay_complete
                0x200108c5        0x1 ./src/wait_burtc.o
 *fill*         0x200108c6        0x2 
 .bss.cmuStatus
                0x200108c8        0x4 ./emlib/em_emu.o
 .bss.INT_LockCnt
                0x200108cc        0x4 ./emlib/em_int.o
                0x200108cc                INT_LockCnt
 .bss.flashInfo
                0x200108d0       0x30 ./Drivers/nandflash.o
 .bss.pNandCmd  0x20010900        0x4 ./Drivers/nandflash.o
 .bss.pNandData8
                0x20010904        0x4 ./Drivers/nandflash.o
 .bss.pNandAddr
                0x20010908        0x4 ./Drivers/nandflash.o
 .bss.pNandData16
                0x2001090c        0x4 ./Drivers/nandflash.o
 .bss.pNandData32
                0x20010910        0x4 ./Drivers/nandflash.o
 .bss.flashInitialized
                0x20010914        0x1 ./Drivers/nandflash.o
 *fill*         0x20010915        0x3 
 .bss.heap_end.6215
                0x20010918        0x4 ./Drivers/retargetio.o
 .bss.aux_scan  0x2001091c        0x4 ./src/aux_data.o
 .bss.sum_offset_a
                0x20010920        0x8 ./src/aux_data.o
 .bss.sum_offset_b
                0x20010928        0x8 ./src/aux_data.o
 .bss.adc_ch_list_preamp_on
                0x20010930        0x0 ./src/aux_data.o
                0x20010930                adc_ch_list_preamp_on
 .bss.aux_scan_sample_a
                0x20010930      0x640 ./src/aux_data.o
 .bss.aux_scan_sample_b
                0x20010f70      0x640 ./src/aux_data.o
 .bss.trigg0_status
                0x200115b0        0x4 ./src/aux_data.o
 .bss.trigg1_status
                0x200115b4        0x4 ./src/aux_data.o
 .bss.sum_a     0x200115b8        0x8 ./src/aux_data.o
 .bss.sum_b     0x200115c0        0x8 ./src/aux_data.o
 .bss.aux_ad_sampling_rate
                0x200115c8        0x4 ./src/aux_data.o
 .bss.aux_num_scan
                0x200115cc        0x4 ./src/aux_data.o
 .bss.sum_sqr_a
                0x200115d0        0x8 ./src/aux_data.o
 .bss.sum_sqr_b
                0x200115d8        0x8 ./src/aux_data.o
 .bss.gl_recording_stop
                0x200115e0        0x1 ./src/rmad.o
                0x200115e0                gl_recording_stop
 .bss.gl_get_aux_data
                0x200115e1        0x1 ./src/rmad.o
                0x200115e1                gl_get_aux_data
 .bss.gl_transport_mode
                0x200115e2        0x1 ./src/rmad.o
                0x200115e2                gl_transport_mode
 *fill*         0x200115e3        0x1 
 .bss.aux_iteration
                0x200115e4        0x4 ./src/rmad.o
                0x200115e4                aux_iteration
 .bss.gl_current_sample
                0x200115e8        0x4 ./src/rmad.o
 .bss.scan.8543
                0x200115ec        0x4 ./src/rmad.o
 .bss.gl_RX_in  0x200115f0      0x108 ./src/rmad.o
 .bss.gl_comp_ref_64_ladder
                0x200116f8        0x1 ./src/rmad.o
                0x200116f8                gl_comp_ref_64_ladder
 *fill*         0x200116f9        0x3 
 .bss.gl_current_scan
                0x200116fc        0x4 ./src/rmad.o
 .bss.gl_RX_index
                0x20011700        0x4 ./src/rmad.o
 .bss.gl_num_sample_skip
                0x20011704        0x4 ./src/rmad.o
 .bss.gl_recording_running
                0x20011708        0x1 ./src/rmad.o
 .bss.gl_wait_for_timestamp
                0x20011709        0x1 ./src/rmad.o
                0x20011709                gl_wait_for_timestamp
 .bss.gl_mote_sleep
                0x2001170a        0x1 ./src/rmad.o
                0x2001170a                gl_mote_sleep
 .bss.gl_aux_data_is_scan
                0x2001170b        0x1 ./src/rmad.o
                0x2001170b                gl_aux_data_is_scan
 .bss.gl_num_aux
                0x2001170c        0x4 ./src/rmad.o
                0x2001170c                gl_num_aux
 .bss.gl_num_samples
                0x20011710        0x4 ./src/rmad.o
                0x20011710                gl_num_samples
 .bss.gl_aux_data_recived
                0x20011714        0x1 ./src/rmad.o
                0x20011714                gl_aux_data_recived
 .bss.gl_event_recived
                0x20011715        0x1 ./src/rmad.o
 .bss.gl_recording_start
                0x20011716        0x1 ./src/rmad.o
 .bss.LFtoCRLF  0x20011717        0x1 ./Drivers/retargetserial.o
 .bss.rxBuffer  0x20011718        0x8 ./Drivers/retargetserial.o
 .bss.initialized
                0x20011720        0x1 ./Drivers/retargetserial.o
 *fill*         0x20011721        0x3 
 .bss.rxWriteIndex
                0x20011724        0x4 ./Drivers/retargetserial.o
 .bss.rxReadIndex
                0x20011728        0x4 ./Drivers/retargetserial.o
 .bss.rxCount   0x2001172c        0x4 ./Drivers/retargetserial.o
 .bss.__malloc_sbrk_start
                0x20011730        0x4 c:/siliconlabs/simplicitystudio/v3/developer/toolchains/gnu_arm/4.8_2013q4/bin/../lib/gcc/arm-none-eabi/4.8.3/../../../../arm-none-eabi/lib/armv7-m\libc_s.a(lib_a-nano-mallocr.o)
                0x20011730                __malloc_sbrk_start
 .bss.__malloc_free_list
                0x20011734        0x4 c:/siliconlabs/simplicitystudio/v3/developer/toolchains/gnu_arm/4.8_2013q4/bin/../lib/gcc/arm-none-eabi/4.8.3/../../../../arm-none-eabi/lib/armv7-m\libc_s.a(lib_a-nano-mallocr.o)
                0x20011734                __malloc_free_list
 *(COMMON)
 COMMON         0x20011738       0x10 ./src/config.o
                0x20011738                gl_ad_sampling_rate
                0x20011740                gl_ad_scan_rate
 COMMON         0x20011748     0x9008 ./src/flash.o
                0x20011748                gl_flash_info
                0x2001174c                gl_W29N01HV_flash_info
                0x20011750                gl_block_info
 COMMON         0x2001a750        0xc ./src/process.o
                0x2001a750                gl_timestamp
 *fill*         0x2001a75c       0xa4 
 COMMON         0x2001a800      0x200 ./Drivers/dmactrl.o
                0x2001a800                dmaControlBlock
 COMMON         0x2001aa00        0x4 ./CMSIS/efm32gg/system_efm32gg.o
                0x2001aa00                SystemCoreClock
 COMMON         0x2001aa04       0x18 ./src/aux_data.o
                0x2001aa04                aux_sample
 COMMON         0x2001aa1c        0x4 c:/siliconlabs/simplicitystudio/v3/developer/toolchains/gnu_arm/4.8_2013q4/bin/../lib/gcc/arm-none-eabi/4.8.3/../../../../arm-none-eabi/lib/armv7-m\libc_s.a(lib_a-reent.o)
                0x2001aa1c                errno
                0x2001aa20                __bss_end__ = .

.heap           0x2001aa20      0xc00
                0x2001aa20                __end__ = .
                0x2001aa20                end = __end__
                0x2001aa20                _end = __end__
 *(.heap*)
 .heap          0x2001aa20      0xc00 ./CMSIS/efm32gg/startup_gcc_efm32gg.o
                0x2001aa20                __HeapBase
                0x2001b620                __HeapLimit = .

.stack_dummy    0x2001aa20      0x400
 *(.stack)
 .stack         0x2001aa20      0x400 ./CMSIS/efm32gg/startup_gcc_efm32gg.o
                0x20020000                __StackTop = (ORIGIN (RAM) + 0x20000)
                0x2001fc00                __StackLimit = (__StackTop - SIZEOF (.stack_dummy))
                0x20020000                PROVIDE (__stack, __StackTop)
                0x00000001                ASSERT ((__StackLimit >= __HeapLimit), region RAM overflowed with stack)
                0x00000001                ASSERT ((0x100000 >= (__etext + SIZEOF (.data))), FLASH memory overflowed !)
OUTPUT(RMAD-edge.axf elf32-littlearm)

.ARM.attributes
                0x00000000       0x29
 .ARM.attributes
                0x00000000       0x1d c:/siliconlabs/simplicitystudio/v3/developer/toolchains/gnu_arm/4.8_2013q4/bin/../lib/gcc/arm-none-eabi/4.8.3/armv7-m/crti.o
 .ARM.attributes
                0x0000001d       0x2d c:/siliconlabs/simplicitystudio/v3/developer/toolchains/gnu_arm/4.8_2013q4/bin/../lib/gcc/arm-none-eabi/4.8.3/armv7-m/crtbegin.o
 .ARM.attributes
                0x0000004a       0x1b c:/siliconlabs/simplicitystudio/v3/developer/toolchains/gnu_arm/4.8_2013q4/bin/../lib/gcc/arm-none-eabi/4.8.3/../../../../arm-none-eabi/lib/armv7-m/crt0.o
 .ARM.attributes
                0x00000065       0x33 ./src/adjustable_params.o
 .ARM.attributes
                0x00000098       0x33 ./src/config.o
 .ARM.attributes
                0x000000cb       0x33 ./src/dust_com.o
 .ARM.attributes
                0x000000fe       0x33 ./src/fcs.o
 .ARM.attributes
                0x00000131       0x33 ./src/flash.o
 .ARM.attributes
                0x00000164       0x33 ./src/ngi_rtcdrv.o
 .ARM.attributes
                0x00000197       0x33 ./src/packet.o
 .ARM.attributes
                0x000001ca       0x33 ./src/process.o
 .ARM.attributes
                0x000001fd       0x33 ./src/timestamp.o
 .ARM.attributes
                0x00000230       0x33 ./src/wait_burtc.o
 .ARM.attributes
                0x00000263       0x33 ./emlib/em_acmp.o
 .ARM.attributes
                0x00000296       0x33 ./emlib/em_adc.o
 .ARM.attributes
                0x000002c9       0x33 ./emlib/em_burtc.o
 .ARM.attributes
                0x000002fc       0x33 ./emlib/em_cmu.o
 .ARM.attributes
                0x0000032f       0x33 ./emlib/em_dac.o
 .ARM.attributes
                0x00000362       0x33 ./emlib/em_dma.o
 .ARM.attributes
                0x00000395       0x33 ./emlib/em_ebi.o
 .ARM.attributes
                0x000003c8       0x33 ./emlib/em_emu.o
 .ARM.attributes
                0x000003fb       0x33 ./emlib/em_gpio.o
 .ARM.attributes
                0x0000042e       0x33 ./emlib/em_int.o
 .ARM.attributes
                0x00000461       0x33 ./emlib/em_msc.o
 .ARM.attributes
                0x00000494       0x33 ./emlib/em_rmu.o
 .ARM.attributes
                0x000004c7       0x33 ./emlib/em_rtc.o
 .ARM.attributes
                0x000004fa       0x33 ./emlib/em_system.o
 .ARM.attributes
                0x0000052d       0x33 ./emlib/em_usart.o
 .ARM.attributes
                0x00000560       0x33 ./emlib/em_wdog.o
 .ARM.attributes
                0x00000593       0x33 ./Drivers/dmactrl.o
 .ARM.attributes
                0x000005c6       0x33 ./Drivers/nandflash.o
 .ARM.attributes
                0x000005f9       0x33 ./Drivers/retargetio.o
 .ARM.attributes
                0x0000062c       0x1b ./CMSIS/efm32gg/startup_gcc_efm32gg.o
 .ARM.attributes
                0x00000647       0x33 ./CMSIS/efm32gg/system_efm32gg.o
 .ARM.attributes
                0x0000067a       0x33 ./BSP/bsp_stk.o
 .ARM.attributes
                0x000006ad       0x2d c:/siliconlabs/simplicitystudio/v3/developer/toolchains/gnu_arm/4.8_2013q4/bin/../lib/gcc/arm-none-eabi/4.8.3/../../../../arm-none-eabi/lib/armv7-m\libm.a(lib_a-s_ceil.o)
 .ARM.attributes
                0x000006da       0x2d c:/siliconlabs/simplicitystudio/v3/developer/toolchains/gnu_arm/4.8_2013q4/bin/../lib/gcc/arm-none-eabi/4.8.3/../../../../arm-none-eabi/lib/armv7-m\libm.a(lib_a-s_floor.o)
 .ARM.attributes
                0x00000707       0x2d c:/siliconlabs/simplicitystudio/v3/developer/toolchains/gnu_arm/4.8_2013q4/bin/../lib/gcc/arm-none-eabi/4.8.3/../../../../arm-none-eabi/lib/armv7-m\libm.a(lib_a-s_round.o)
 .ARM.attributes
                0x00000734       0x2d c:/siliconlabs/simplicitystudio/v3/developer/toolchains/gnu_arm/4.8_2013q4/bin/../lib/gcc/arm-none-eabi/4.8.3/../../../../arm-none-eabi/lib/armv7-m\libm.a(lib_a-w_pow.o)
 .ARM.attributes
                0x00000761       0x2d c:/siliconlabs/simplicitystudio/v3/developer/toolchains/gnu_arm/4.8_2013q4/bin/../lib/gcc/arm-none-eabi/4.8.3/../../../../arm-none-eabi/lib/armv7-m\libm.a(lib_a-w_sqrt.o)
 .ARM.attributes
                0x0000078e       0x2d c:/siliconlabs/simplicitystudio/v3/developer/toolchains/gnu_arm/4.8_2013q4/bin/../lib/gcc/arm-none-eabi/4.8.3/../../../../arm-none-eabi/lib/armv7-m\libm.a(lib_a-e_pow.o)
 .ARM.attributes
                0x000007bb       0x2d c:/siliconlabs/simplicitystudio/v3/developer/toolchains/gnu_arm/4.8_2013q4/bin/../lib/gcc/arm-none-eabi/4.8.3/../../../../arm-none-eabi/lib/armv7-m\libm.a(lib_a-e_sqrt.o)
 .ARM.attributes
                0x000007e8       0x2d c:/siliconlabs/simplicitystudio/v3/developer/toolchains/gnu_arm/4.8_2013q4/bin/../lib/gcc/arm-none-eabi/4.8.3/../../../../arm-none-eabi/lib/armv7-m\libm.a(lib_a-s_fabs.o)
 .ARM.attributes
                0x00000815       0x2d c:/siliconlabs/simplicitystudio/v3/developer/toolchains/gnu_arm/4.8_2013q4/bin/../lib/gcc/arm-none-eabi/4.8.3/../../../../arm-none-eabi/lib/armv7-m\libm.a(lib_a-s_finite.o)
 .ARM.attributes
                0x00000842       0x2d c:/siliconlabs/simplicitystudio/v3/developer/toolchains/gnu_arm/4.8_2013q4/bin/../lib/gcc/arm-none-eabi/4.8.3/../../../../arm-none-eabi/lib/armv7-m\libm.a(lib_a-s_fpclassify.o)
 .ARM.attributes
                0x0000086f       0x2d c:/siliconlabs/simplicitystudio/v3/developer/toolchains/gnu_arm/4.8_2013q4/bin/../lib/gcc/arm-none-eabi/4.8.3/../../../../arm-none-eabi/lib/armv7-m\libm.a(lib_a-s_lib_ver.o)
 .ARM.attributes
                0x0000089c       0x2d c:/siliconlabs/simplicitystudio/v3/developer/toolchains/gnu_arm/4.8_2013q4/bin/../lib/gcc/arm-none-eabi/4.8.3/../../../../arm-none-eabi/lib/armv7-m\libm.a(lib_a-s_matherr.o)
 .ARM.attributes
                0x000008c9       0x2d c:/siliconlabs/simplicitystudio/v3/developer/toolchains/gnu_arm/4.8_2013q4/bin/../lib/gcc/arm-none-eabi/4.8.3/../../../../arm-none-eabi/lib/armv7-m\libm.a(lib_a-s_nan.o)
 .ARM.attributes
                0x000008f6       0x2d c:/siliconlabs/simplicitystudio/v3/developer/toolchains/gnu_arm/4.8_2013q4/bin/../lib/gcc/arm-none-eabi/4.8.3/../../../../arm-none-eabi/lib/armv7-m\libm.a(lib_a-s_rint.o)
 .ARM.attributes
                0x00000923       0x2d c:/siliconlabs/simplicitystudio/v3/developer/toolchains/gnu_arm/4.8_2013q4/bin/../lib/gcc/arm-none-eabi/4.8.3/../../../../arm-none-eabi/lib/armv7-m\libm.a(lib_a-s_scalbn.o)
 .ARM.attributes
                0x00000950       0x2d c:/siliconlabs/simplicitystudio/v3/developer/toolchains/gnu_arm/4.8_2013q4/bin/../lib/gcc/arm-none-eabi/4.8.3/../../../../arm-none-eabi/lib/armv7-m\libm.a(lib_a-s_copysign.o)
 .ARM.attributes
                0x0000097d       0x33 ./src/aux_data.o
 .ARM.attributes
                0x000009b0       0x33 ./src/rmad.o
 .ARM.attributes
                0x000009e3       0x33 ./Drivers/retargetserial.o
 .ARM.attributes
                0x00000a16       0x1d c:/siliconlabs/simplicitystudio/v3/developer/toolchains/gnu_arm/4.8_2013q4/bin/../lib/gcc/arm-none-eabi/4.8.3/armv7-m\libgcc.a(_arm_addsubdf3.o)
 .ARM.attributes
                0x00000a33       0x1d c:/siliconlabs/simplicitystudio/v3/developer/toolchains/gnu_arm/4.8_2013q4/bin/../lib/gcc/arm-none-eabi/4.8.3/armv7-m\libgcc.a(_arm_muldivdf3.o)
 .ARM.attributes
                0x00000a50       0x1d c:/siliconlabs/simplicitystudio/v3/developer/toolchains/gnu_arm/4.8_2013q4/bin/../lib/gcc/arm-none-eabi/4.8.3/armv7-m\libgcc.a(_arm_cmpdf2.o)
 .ARM.attributes
                0x00000a6d       0x1d c:/siliconlabs/simplicitystudio/v3/developer/toolchains/gnu_arm/4.8_2013q4/bin/../lib/gcc/arm-none-eabi/4.8.3/armv7-m\libgcc.a(_arm_fixdfsi.o)
 .ARM.attributes
                0x00000a8a       0x1d c:/siliconlabs/simplicitystudio/v3/developer/toolchains/gnu_arm/4.8_2013q4/bin/../lib/gcc/arm-none-eabi/4.8.3/armv7-m\libgcc.a(_arm_fixunsdfsi.o)
 .ARM.attributes
                0x00000aa7       0x1d c:/siliconlabs/simplicitystudio/v3/developer/toolchains/gnu_arm/4.8_2013q4/bin/../lib/gcc/arm-none-eabi/4.8.3/armv7-m\libgcc.a(_arm_truncdfsf2.o)
 .ARM.attributes
                0x00000ac4       0x1d c:/siliconlabs/simplicitystudio/v3/developer/toolchains/gnu_arm/4.8_2013q4/bin/../lib/gcc/arm-none-eabi/4.8.3/armv7-m\libgcc.a(_arm_addsubsf3.o)
 .ARM.attributes
                0x00000ae1       0x1d c:/siliconlabs/simplicitystudio/v3/developer/toolchains/gnu_arm/4.8_2013q4/bin/../lib/gcc/arm-none-eabi/4.8.3/armv7-m\libgcc.a(_arm_muldivsf3.o)
 .ARM.attributes
                0x00000afe       0x1d c:/siliconlabs/simplicitystudio/v3/developer/toolchains/gnu_arm/4.8_2013q4/bin/../lib/gcc/arm-none-eabi/4.8.3/armv7-m\libgcc.a(_arm_cmpsf2.o)
 .ARM.attributes
                0x00000b1b       0x1d c:/siliconlabs/simplicitystudio/v3/developer/toolchains/gnu_arm/4.8_2013q4/bin/../lib/gcc/arm-none-eabi/4.8.3/armv7-m\libgcc.a(_arm_fixsfsi.o)
 .ARM.attributes
                0x00000b38       0x1d c:/siliconlabs/simplicitystudio/v3/developer/toolchains/gnu_arm/4.8_2013q4/bin/../lib/gcc/arm-none-eabi/4.8.3/armv7-m\libgcc.a(_arm_fixunssfsi.o)
 .ARM.attributes
                0x00000b55       0x1d c:/siliconlabs/simplicitystudio/v3/developer/toolchains/gnu_arm/4.8_2013q4/bin/../lib/gcc/arm-none-eabi/4.8.3/armv7-m\libgcc.a(_aeabi_uldivmod.o)
 .ARM.attributes
                0x00000b72       0x2d c:/siliconlabs/simplicitystudio/v3/developer/toolchains/gnu_arm/4.8_2013q4/bin/../lib/gcc/arm-none-eabi/4.8.3/armv7-m\libgcc.a(_fixdfdi.o)
 .ARM.attributes
                0x00000b9f       0x2d c:/siliconlabs/simplicitystudio/v3/developer/toolchains/gnu_arm/4.8_2013q4/bin/../lib/gcc/arm-none-eabi/4.8.3/armv7-m\libgcc.a(_fixunsdfdi.o)
 .ARM.attributes
                0x00000bcc       0x2d c:/siliconlabs/simplicitystudio/v3/developer/toolchains/gnu_arm/4.8_2013q4/bin/../lib/gcc/arm-none-eabi/4.8.3/armv7-m\libgcc.a(bpabi.o)
 .ARM.attributes
                0x00000bf9       0x1d c:/siliconlabs/simplicitystudio/v3/developer/toolchains/gnu_arm/4.8_2013q4/bin/../lib/gcc/arm-none-eabi/4.8.3/armv7-m\libgcc.a(_dvmd_tls.o)
 .ARM.attributes
                0x00000c16       0x2d c:/siliconlabs/simplicitystudio/v3/developer/toolchains/gnu_arm/4.8_2013q4/bin/../lib/gcc/arm-none-eabi/4.8.3/armv7-m\libgcc.a(_divdi3.o)
 .ARM.attributes
                0x00000c43       0x2d c:/siliconlabs/simplicitystudio/v3/developer/toolchains/gnu_arm/4.8_2013q4/bin/../lib/gcc/arm-none-eabi/4.8.3/armv7-m\libgcc.a(_udivdi3.o)
 .ARM.attributes
                0x00000c70       0x2d c:/siliconlabs/simplicitystudio/v3/developer/toolchains/gnu_arm/4.8_2013q4/bin/../lib/gcc/arm-none-eabi/4.8.3/../../../../arm-none-eabi/lib/armv7-m\libc_s.a(lib_a-errno.o)
 .ARM.attributes
                0x00000c9d       0x2d c:/siliconlabs/simplicitystudio/v3/developer/toolchains/gnu_arm/4.8_2013q4/bin/../lib/gcc/arm-none-eabi/4.8.3/../../../../arm-none-eabi/lib/armv7-m\libc_s.a(lib_a-exit.o)
 .ARM.attributes
                0x00000cca       0x2d c:/siliconlabs/simplicitystudio/v3/developer/toolchains/gnu_arm/4.8_2013q4/bin/../lib/gcc/arm-none-eabi/4.8.3/../../../../arm-none-eabi/lib/armv7-m\libc_s.a(lib_a-fileno.o)
 .ARM.attributes
                0x00000cf7       0x2d c:/siliconlabs/simplicitystudio/v3/developer/toolchains/gnu_arm/4.8_2013q4/bin/../lib/gcc/arm-none-eabi/4.8.3/../../../../arm-none-eabi/lib/armv7-m\libc_s.a(lib_a-findfp.o)
 .ARM.attributes
                0x00000d24       0x2d c:/siliconlabs/simplicitystudio/v3/developer/toolchains/gnu_arm/4.8_2013q4/bin/../lib/gcc/arm-none-eabi/4.8.3/../../../../arm-none-eabi/lib/armv7-m\libc_s.a(lib_a-impure.o)
 .ARM.attributes
                0x00000d51       0x2d c:/siliconlabs/simplicitystudio/v3/developer/toolchains/gnu_arm/4.8_2013q4/bin/../lib/gcc/arm-none-eabi/4.8.3/../../../../arm-none-eabi/lib/armv7-m\libc_s.a(lib_a-init.o)
 .ARM.attributes
                0x00000d7e       0x2d c:/siliconlabs/simplicitystudio/v3/developer/toolchains/gnu_arm/4.8_2013q4/bin/../lib/gcc/arm-none-eabi/4.8.3/../../../../arm-none-eabi/lib/armv7-m\libc_s.a(lib_a-memcpy-stub.o)
 .ARM.attributes
                0x00000dab       0x2d c:/siliconlabs/simplicitystudio/v3/developer/toolchains/gnu_arm/4.8_2013q4/bin/../lib/gcc/arm-none-eabi/4.8.3/../../../../arm-none-eabi/lib/armv7-m\libc_s.a(lib_a-memset.o)
 .ARM.attributes
                0x00000dd8       0x2d c:/siliconlabs/simplicitystudio/v3/developer/toolchains/gnu_arm/4.8_2013q4/bin/../lib/gcc/arm-none-eabi/4.8.3/../../../../arm-none-eabi/lib/armv7-m\libc_s.a(lib_a-nano-mallocr.o)
 .ARM.attributes
                0x00000e05       0x2d c:/siliconlabs/simplicitystudio/v3/developer/toolchains/gnu_arm/4.8_2013q4/bin/../lib/gcc/arm-none-eabi/4.8.3/../../../../arm-none-eabi/lib/armv7-m\libc_s.a(lib_a-printf.o)
 .ARM.attributes
                0x00000e32       0x2d c:/siliconlabs/simplicitystudio/v3/developer/toolchains/gnu_arm/4.8_2013q4/bin/../lib/gcc/arm-none-eabi/4.8.3/../../../../arm-none-eabi/lib/armv7-m\libc_s.a(lib_a-putchar.o)
 .ARM.attributes
                0x00000e5f       0x2d c:/siliconlabs/simplicitystudio/v3/developer/toolchains/gnu_arm/4.8_2013q4/bin/../lib/gcc/arm-none-eabi/4.8.3/../../../../arm-none-eabi/lib/armv7-m\libc_s.a(lib_a-sbrkr.o)
 .ARM.attributes
                0x00000e8c       0x2d c:/siliconlabs/simplicitystudio/v3/developer/toolchains/gnu_arm/4.8_2013q4/bin/../lib/gcc/arm-none-eabi/4.8.3/../../../../arm-none-eabi/lib/armv7-m\libc_s.a(lib_a-setvbuf.o)
 .ARM.attributes
                0x00000eb9       0x2d c:/siliconlabs/simplicitystudio/v3/developer/toolchains/gnu_arm/4.8_2013q4/bin/../lib/gcc/arm-none-eabi/4.8.3/../../../../arm-none-eabi/lib/armv7-m\libc_s.a(lib_a-stdio.o)
 .ARM.attributes
                0x00000ee6       0x2d c:/siliconlabs/simplicitystudio/v3/developer/toolchains/gnu_arm/4.8_2013q4/bin/../lib/gcc/arm-none-eabi/4.8.3/../../../../arm-none-eabi/lib/armv7-m\libc_s.a(lib_a-strlen.o)
 .ARM.attributes
                0x00000f13       0x2d c:/siliconlabs/simplicitystudio/v3/developer/toolchains/gnu_arm/4.8_2013q4/bin/../lib/gcc/arm-none-eabi/4.8.3/../../../../arm-none-eabi/lib/armv7-m\libc_s.a(lib_a-vfprintf.o)
 .ARM.attributes
                0x00000f40       0x2d c:/siliconlabs/simplicitystudio/v3/developer/toolchains/gnu_arm/4.8_2013q4/bin/../lib/gcc/arm-none-eabi/4.8.3/../../../../arm-none-eabi/lib/armv7-m\libc_s.a(lib_a-vfprintf_i.o)
 .ARM.attributes
                0x00000f6d       0x2d c:/siliconlabs/simplicitystudio/v3/developer/toolchains/gnu_arm/4.8_2013q4/bin/../lib/gcc/arm-none-eabi/4.8.3/../../../../arm-none-eabi/lib/armv7-m\libc_s.a(lib_a-wbuf.o)
 .ARM.attributes
                0x00000f9a       0x2d c:/siliconlabs/simplicitystudio/v3/developer/toolchains/gnu_arm/4.8_2013q4/bin/../lib/gcc/arm-none-eabi/4.8.3/../../../../arm-none-eabi/lib/armv7-m\libc_s.a(lib_a-writer.o)
 .ARM.attributes
                0x00000fc7       0x2d c:/siliconlabs/simplicitystudio/v3/developer/toolchains/gnu_arm/4.8_2013q4/bin/../lib/gcc/arm-none-eabi/4.8.3/../../../../arm-none-eabi/lib/armv7-m\libc_s.a(lib_a-wsetup.o)
 .ARM.attributes
                0x00000ff4       0x2d c:/siliconlabs/simplicitystudio/v3/developer/toolchains/gnu_arm/4.8_2013q4/bin/../lib/gcc/arm-none-eabi/4.8.3/../../../../arm-none-eabi/lib/armv7-m\libc_s.a(lib_a-closer.o)
 .ARM.attributes
                0x00001021       0x2d c:/siliconlabs/simplicitystudio/v3/developer/toolchains/gnu_arm/4.8_2013q4/bin/../lib/gcc/arm-none-eabi/4.8.3/../../../../arm-none-eabi/lib/armv7-m\libc_s.a(lib_a-fflush.o)
 .ARM.attributes
                0x0000104e       0x2d c:/siliconlabs/simplicitystudio/v3/developer/toolchains/gnu_arm/4.8_2013q4/bin/../lib/gcc/arm-none-eabi/4.8.3/../../../../arm-none-eabi/lib/armv7-m\libc_s.a(lib_a-lseekr.o)
 .ARM.attributes
                0x0000107b       0x2d c:/siliconlabs/simplicitystudio/v3/developer/toolchains/gnu_arm/4.8_2013q4/bin/../lib/gcc/arm-none-eabi/4.8.3/../../../../arm-none-eabi/lib/armv7-m\libc_s.a(lib_a-makebuf.o)
 .ARM.attributes
                0x000010a8       0x2d c:/siliconlabs/simplicitystudio/v3/developer/toolchains/gnu_arm/4.8_2013q4/bin/../lib/gcc/arm-none-eabi/4.8.3/../../../../arm-none-eabi/lib/armv7-m\libc_s.a(lib_a-malloc.o)
 .ARM.attributes
                0x000010d5       0x2d c:/siliconlabs/simplicitystudio/v3/developer/toolchains/gnu_arm/4.8_2013q4/bin/../lib/gcc/arm-none-eabi/4.8.3/../../../../arm-none-eabi/lib/armv7-m\libc_s.a(lib_a-memchr-stub.o)
 .ARM.attributes
                0x00001102       0x2d c:/siliconlabs/simplicitystudio/v3/developer/toolchains/gnu_arm/4.8_2013q4/bin/../lib/gcc/arm-none-eabi/4.8.3/../../../../arm-none-eabi/lib/armv7-m\libc_s.a(lib_a-nano-freer.o)
 .ARM.attributes
                0x0000112f       0x2d c:/siliconlabs/simplicitystudio/v3/developer/toolchains/gnu_arm/4.8_2013q4/bin/../lib/gcc/arm-none-eabi/4.8.3/../../../../arm-none-eabi/lib/armv7-m\libc_s.a(lib_a-putc.o)
 .ARM.attributes
                0x0000115c       0x2d c:/siliconlabs/simplicitystudio/v3/developer/toolchains/gnu_arm/4.8_2013q4/bin/../lib/gcc/arm-none-eabi/4.8.3/../../../../arm-none-eabi/lib/armv7-m\libc_s.a(lib_a-readr.o)
 .ARM.attributes
                0x00001189       0x2d c:/siliconlabs/simplicitystudio/v3/developer/toolchains/gnu_arm/4.8_2013q4/bin/../lib/gcc/arm-none-eabi/4.8.3/../../../../arm-none-eabi/lib/armv7-m\libc_s.a(lib_a-reent.o)
 .ARM.attributes
                0x000011b6       0x2d c:/siliconlabs/simplicitystudio/v3/developer/toolchains/gnu_arm/4.8_2013q4/bin/../lib/gcc/arm-none-eabi/4.8.3/../../../../arm-none-eabi/lib/armv7-m\libc_s.a(lib_a-fstatr.o)
 .ARM.attributes
                0x000011e3       0x2d c:/siliconlabs/simplicitystudio/v3/developer/toolchains/gnu_arm/4.8_2013q4/bin/../lib/gcc/arm-none-eabi/4.8.3/../../../../arm-none-eabi/lib/armv7-m\libc_s.a(lib_a-isattyr.o)
 .ARM.attributes
                0x00001210       0x2d c:/siliconlabs/simplicitystudio/v3/developer/toolchains/gnu_arm/4.8_2013q4/bin/../lib/gcc/arm-none-eabi/4.8.3/armv7-m/crtend.o
 .ARM.attributes